type octile
height 314
width 244
map
@@@@@@@@@@@@@@@@@@@@@@@@@@@@@@@@@@@@@@@@@@@@@@@@@@@@@@@@@@@@@@@@@@@@@@@@@@@@@@@@@@@@@@@@@@@@@@@@@@@@@@@@@@@@@@@@@@@@@@@@@@@@@@@@@@@@@@@@@@@@@@@@@@@@@@@@@@@@@@@@@@@@@@@@@@@@@@@@@@@@@@@@@@@@@@@@@@@@@@@@@@@@@@@@@@@@@@@@@@@@@@@@@@@@@@@@@@@@@@@@@@@@
@@@@@@@@@@@@@@@@@@@@@@@@@@@@@@@@@@@@@@@@@@@@@@@@@@@@@@@@@@@@@@@@@@@@@@@@@@@@@@@@@@@@@@@@@@@@@@@@@@@@@@@@@@@@@@@@@@@@@@@@@@@@@@@@@@@@@@@@@@@@@@@@@@@@@@@@@@@@@@@@@@@@@@@@@@@@@@@@@@@@@@@@@@@@@@@@@@@@@@@@@@@@@@@@@@@@@@@@@@@@@@@@@@@@@@@@@@@@@@@@@@@@
@@.................@@@@@@@@@@@@@...@@@@@@@@@@@@@@@@@@@@@@@@@@@@@@@@@@@@@@@@@@@@@@@@@@@@@@@@@@@@@@@@@@@@@@@@@@.................................................................................................@@@@@@@@@...........................@@
@@.................@@@@@@@@@@@@@..@@@@@@@@@@@@@@@@@@@@@@@@@@@@@@@@@@@@@@@@@@@@@@@@@@@@@@@@@@@@@@@@@@@@@@@@@@@@................................................................................................@@@@@@@@@...........................@@
@@.................@@@@@@@@@@@@@..@@@@@@@@@@@@@@@@@@@@@@@@@@@@@@@@@@@@@@@@@@@@@@@@@@@@@@@@@@@@@@@@@@@@@@@@@@@@................................................................................................@@@@@@@@@...........................@@
@@.................@@@@@@@@@@@@@..@@@@@@@@@@@@@@@@@@@@@@@@@@@@@@@@@@@@@@@@@@@@@@@@@@@@@@@@@@@@@@@@@@@@@@@@@@@@................................................................................................@@@@@@@@@...........................@@
@@.................@@@@@@@@@@@@@..@@@@@@@@@@@@@@@@@@@@@@@@@@@@@@@@@@@@@@@@@@@@@@@@@@@@@@@@@@@@@@@@@@@@@@@@@@@@................................................................................................@@@@@@@@@...........................@@
@@.................@@@@@@@@@@@@@..@@@@@@@@@@@@@@@@@@@@@@@@@@@@@@@@@@@@@@@@@@@@@@@@@@@@@@@@@@@@@@@@@@@@@@@@@@@@................................................................................................@@@@@@@@@@@@@@@@@@@@@@@@@@..........@@
@@.................@@@@@@@@@@@@@..@@@@@@@@@@@@@@@@@@@@@@@@@@@@@@@@@@@@@@@@@@@@@@@@@@@@@@@@@@@@@@@@@@@@@@@@@@@@................................................................................................@@@@@@@@@@@@@@@@@@@@@@@@@@..........@@
@@...@@@@@@@@@@@@@.@@@@@@@@@@@@@..@@@@@@@@@@@@@@@@@@@@@@@@@@@@@@@@@@@@@@@@@@@@@@@@@@@@@@@@@@@@@@@@@@@@@@@@@@@@................................................................................................@@@@@@@@@@@@@@@@@@@@@@@@@@..........@@
@@...@@@@@@@@@@@@@.@@@@@@@@@@@@@..@@@@@@@@@@@......................................................@@@@@@@@@@@................................................................................................@@@@@@@@@@@@@@@@@@@@@@@@@@..........@@
@@...@@@@@@@@@@@@@.@@@@@@@@@@@@@..@@@@@@@@@@........................................................@@@@@@@@@@................................................................................................@@@@@@@@@@@@@@@@@@@@@@@@@@..........@@
@@...@@@@@@@@@@@@@................@@@@@@@@@..........................................................@@@@@@@@@@...............................................................................................@@@@@@@@@@@@@@@@@@@@@@@@@@..........@@
@@...@@@@@@@@@@@@@................@@@@@@@@@...........................................................@@@@@@@@@...............................................................................................@@@@@@@@@@@@@@@@@@@@@@@@@@..........@@
@@...@@@@@@@@@@@@@................@@@@@@@@@...........................................................@@@@@@@@@...............................................................................................@@@@@@@@@@@@@@@@@@@@@@@@@@..........@@
@@...@@@@@@@@@@@@@................@@@@@@@@@...........................................................@@@@@@@@@...................................................................................................................................@@
@@...@@@@@@@@@@@@@................@@@@@@@@@...........................................................@@@@@@@@@...................................................................................................................................@@
@@...@@@@@@@@@@@@@................@@@@@@@@@...........................................................@@@@@@@@@...................................................................................................................................@@
@@...@@@@@@@@@@@@@................@@@@@@@@@...........................................................@@@@@@@@@...................................................................................................................................@@
@@...@@@@@@@@@@@@@................@@@@@@@@@...........................................................@@@@@@@@@...................................................................................................................................@@
@@...@@@@@@@@@@@@@................@@@@@@@@@.......................................................................................................................................................................................................@@
@@...@@@@@@@@@@@@@................@@@@@@@@@.......................................................................................................................................................................................................@@
@@...@@@@@@@@@@@@@................@@@@@@@@@..................................................................................................................................................................@@@@@@@@@............................@@
@@...@@@@@@@@@@@@@................@@@@@@@@@..................................................................................................................................................................@@@@@@@@@............................@@
@@...@@@@@@@@@@@@@................@@@@@@@@@.................................................................................@@@@@@@@@@@@@@@@@@@@@@@@@@@@@@@@@@@@@@.......@@@@@@@@@@@@@@@@@@@@@...............@@@@@@@@@............................@@
@@...@@@@@@@@@@@@@................@@@@@@@@@................................................................................@@@@@@@@@@@@@@@@@@@@@@@@@@@@@@@@@@@@@@@.......@@@@@@@@@@@@@@@@@@@@@@..............@@@@@@@@@............................@@
@@...@@@@@@@@@@@@@................@@@@@@@@@...............................................................................@@@@@@@@@@@@@@@@@@@@@@@@@@@@@@@@@@@@@@@@.......@@@@@@@@@@@@@@@@@@@@@@@.............@@@@@@@@@............................@@
@@...@@@@@@@@@@@@@................@@@@@@@@@...............................................................................@@@@@@@@@@@@@@@@@@@@@@@@@@@@@@@@@@@@@@@@.......@@@@@@@@@@@@@@@@@@@@@@@.............@@@@@@@@@............................@@
@@@@@@@@@@@@@@@@@@@...............@@@@@@@@@...............................................................................@@@@@@@@@@@@@@@@@@@@@@@@@@@@@@@@@@@@@@@@.......@@@@@@@@@@@@@@@@@@@@@@@.............@@@@@@@@@...........@@@@@@@@@........@@
@@@@@@@@@@@@@@@@@@@...............@@@@@@@@@...........................................................@@@@@@@@@...........@@@@@@@@@@@@@@@@@@@@@@@@@@@@@@@@@@@@@@@@.......@@@@@@@@@@@@@@@@@@@@@@@.............@@@@@@@@@...........@@@@@@@@@........@@
@@@@@@@@@@@@@@@@@@@...............@@@@@@@@@...........................................................@@@@@@@@@...........@@@@@@@@@@@@@@@@@@@@@@@@@@@@@@@@@@@@@@@@.......@@@@@@@@@@@@@@@@@@@@@@@.............@@@@@@@@@...........@@@@@@@@@........@@
@@@@@@@@@@@@@@@@@@@...............@@@@@@@@@...........................................................@@@@@@@@@...........@@@@@@@@@@@@@@@@@@@@@@@@@@@@@@@@@@@@@@@@.......@@@@@@@@@@@@@@@@@@@@@@@.............@@@@@@@@@...........@@@@@@@@@........@@
@@@@@@@@@@@@@@@@@@@...............@@@@@@@@@...........................................................@@@@@@@@@...........@@@@@@@@@@@@@@@@@@@@@@@@@@@@@@@@@@@@@@@@.......@@@@@@@@@@@@@@@@@@@@@@@.............@@@@@@@@@...........@@@@@@@@@........@@
@@@@@@@@@@@@@@@@@@@...............@@@@@@@@@...........................................................@@@@@@@@@...........@@@@@@@@@@@@..........................@........@..........@@@@@@@@@@@@.............@@@@@@@@@...........@@@@@@@@@........@@
@@@@@@@@@@@@@@@@@@@...............@@@@@@@@@...........................................................@@@@@@@@@...........@@@@@@@@@@@...........................@....................@@@@@@@@@@@.............@@@@@@@@@...........@@@@@@@@@........@@
@@@@@@@@@@@@@@@@@@@...............@@@@@@@@@...........................................................@@@@@@@@@...........@@@@@@@@@@............................@.....................@@@@@@@@@@.............@@@@@@@@@...........@@@@@@@@@........@@
@@@@@@@@@@@@@@@@@@@...............@@@@@@@@@...........................................................@@@@@@@@@............@@...................................@......................@@@@@@@@@.............@@@@@@@@@...........@@@@@@@@@........@@
@@@@@@@@@@@@@@@@@@@...............@@@@@@@@@...........................................................@@@@@@@@@............@@...................................@......................@@@@@@@@@.............@@@@@@@@@...........@@@@@@@@@........@@
@@@@@@@@@@@@@@@@@@@...............@@@@@@@@@...........................................................@@@@@@@@@............@@...................................@......................@@@@@@@@@.................................@@@@@@@@@........@@
@@@@@@@@@@@@@@@@@@@...............@@@@@@@@@...........................................................@@@@@@@@@............@@...................................@......................@@@@@@@@@.................................@@@@@@@@@........@@
@@@@@@@@@@@@@@@@@@@...............@@@@@@@@@...........................................................@@@@@@@@@...........@@@@@@@@@@...................................................@@@@@@@@@.................................@@@@@@@@@........@@
@@@@@@@@@@@@@@@@@@@...............@@@@@@@@@...........................................................@@@@@@@@@...........@@@@@@@@@@...................................................@@@@@@@@@.................................@@@@@@@@@........@@
@@@@@@@@@@@@@@@@@@@...............@@@@@@@@@...........................................................@@@@@@@@@...........@@@@@@@@@@...................................................@@@@@@@@@........................@........@@@@@@@@@........@@
@@@@@@@@@@@@@@@@@@@...............@@@@@@@@@...........................................................@@@@@@@@@...........@@@@@@@@@@...................................................@@@@@@@@@.............@@@@@@@@@.@@.........@@@@@@@@........@@
@@@@@@@@@@@@@@@@@@@...............@@@@@@@@@...........................................................@@@@@@@@@...........@@@@@@@@@@...................................................@@@@@@@@@.............@@@@@@@@@.@@.........@@@@@@@@........@@
@@@@@@@@@@@@@@@@@@@...............@@@@@@@@@...........................................................@@@@@@@@@...........@@@@@@@@@@...................................................@@@@@@@@@.............@@@@@@@@@.@@.........@@@@@@@@........@@
@@@@@@@@@@@@@@@@@@@...............@@@@@@@@@@.........................................................@@@@@@@@@@...........@@@@@@@@@@............................@......................@@@@@@@@@.............@@@@@@@@@.@@.........@@@@@@@@........@@
@@@@@@@@@@@@@@@@@@@...............@@@@@@@@@@@.......................................................@@@@@@@@@@@...........@@@@@@@@@@............................@......................@@@@@@@@@.............@@@@@@@@@.@@.........@@@@@@@@........@@
@@@@@@@@@@@@@@@@@@@...............@@@@@@@@@@@@.....................................................@@@@@@@@@@@@...........@@@@@@@@@@............................@......................@@@@@@@@@.............@@@@@@@@@.@@.........@@@@@@@@........@@
@@@@@@@@@@@@@@@@@@@...............@@@@@@@@@@@@.........@@@@@@@@@@@@@@@@@@@@@@@@@@@@@@@@@@@.........@@@@@@@@@@@@...........@@@@@@@@@@............................@......................@@@@@@@@@.............@@@@@@@@@.@@.........@@@@@@@@........@@
@@@@@@@@@@@@@@@@@@@...............@@@@@@@@@@@@.........@@@@@@@@@@@@@@@@@@@@@@@@@@@@@@@@@@@.........@@@@@@@@@@@@...........@@@@@@@@@@............................@......................@@@@@@@@@.............@@@@@@@@@.@@.........@@@@@@@@........@@
@@@@@@@@@@@@@@@@@@@...............@@@@@@@@@@@@.........@@@@@@@@@@@@@@@@@@@@@@@@@@@@@@@@@@@.........@@@@@@@@@@@@...........@@@@@@@@@@@...........................@......................@@@@@@@@@.............@@@@@@@@@.@@.........@@@@@@@@........@@
@@@@@@@@@@@@@@@@@@@...............@@@@@@@@@@@@.........@@@@@@@@@@@@@@@@@@@@@@@@@@@@@@@@@@@.........@@@@@@@@@@@@...........@@@@@@@@@@@@..........................@......................@@@@@@@@@.............@@@@@@@@@.@@.........@@@@@@@@........@@
@@@@@@@@@@@@@@@@@@@...............@@@@@@@@@@@@.........@@@@@@@@@@@@@@@@@@@@@@@@@@@@@@@@@@@.........@@@@@@@@@@@@...........@@@@@@@@@@@@@@@@@@@@@@@.......@@@@@@@@@@.....................@@@@@@@@@.............@@@@@@@@@.@@.........@@@@@@@@........@@
@@@@@@@@@@@@@@@@@@@...............@@@@@@@@@@@@.........@@@@@@@@@@@@@@@@@@@@@@@@@@@@@@@@@@@.........@@@@@@@@@@@@...........@@@@@@@@@@@@@@@@@@@@@@@.......@@@@@@@@@@.....................@@@@@@@@@.............@@@@@@@@@.@@.........@@@@@@@@........@@
@@@@@@@@@@@@@@@@@@@...............@@@@@@@@@@@@.........@@@@@@@@@@@@@@@@@@@@@@@@@@@@@@@@@@@.........@@@@@@@@@@@............@@@@@@@@@@@@@@@@@@@@@@@.......@@@@@@@@@@.....................@@@@@@@@@.............@@@@@@@@@..@.........@@@@@@@@........@@
@@@@@@@@@@@@@@@@@@@................@@@@@@@@@@@.........@@@@@@@@@@@@@@@@@@@@@@@@@@@@@@@@@@@@@@@@@@@@@@@@@@@@@@.............@@@@@@@@@@@@@@@@@@@@@@@.......@@@@@@@@@@.....................@@@@@@@@@.............@@@@@@@@@..@.........@@@@@@@@........@@
@@..................................@@@@@@@@@@.........@@@@@@@@@@@@@@@@@@@@@@@@@@@@@@@@@@@.........@@@@@@@@@..............@@@@@@@@@@@@@@@@@@@@@@@.......@@@@@@@@@@.....................@@@@@@@@@.............@@@@@@@@@............................@@
@@........................................................................................................................@@@@@@@@@@@@@@@@@@@@@@@.......@@@@@@@@@@.....................@@@@@@@@@.............@@@@@@@@@............................@@
@@........................................................................................................................@@@@@@@@@@@@@@@@@@@@@@@.......@@@@@@@@@@.....................@@@@@@@@@..............@...................................@@
@@.........................................................................................................................@@@@@@@@@@@@@@@@@@@@@@.......@@@@@@@@@@.....................@@@@@@@@@..............@...................................@@
@@..........................................................................................................................@@@@@@@@@@@@@@@@@@@@@.......@@@@@@@@@@.....................@@@@@@@@@..............@...................................@@
@@...........................................................................................................................@@@@@@@@@@@@@@@@@@@@.......@@@@@@@@@@@...................@@@@@@@@@@..............@...................................@@
@@......................................................................................................................................................@@@@@@@@@@@..................@@@@@@@@@@@..............@...................................@@
@@.......................................................................................................................................................@@@@@@@@@@@................@@@@@@@@@@@@..............@...................................@@
@@.......................................................................................................................................................@@@@@@@@@@@@@@@@@@@@@@.....@@@@@@@@@@@@..............@...................................@@
@@.......................................................................................................................................................@@@@@@@@@@@@@@@@@@@@@@.....@@@@@@@@@@@@..............@...................................@@
@@.......................................................................................................................................................@@@@@@@@@@@@@@@@@@@@@@.....@@@@@@@@@@@@.............@@@@@@@@@@@@.......@@@@@@@@......@@@@@@
@@.......................................................................................................................................................@@@@@@@@@@@@@@@@@@@@@@.....@@@@@@@@@@@@.............@@........@@..............@......@@@@@@
@@@@@@@@@@@@@@@@@@@@@@@@@@@@@@@@@@@@@@@@@@@@@..........@@@@@@@@@@@@@@@@@@@@@@@@@@@@@@@@@@@@@@@@@@@@@@@.......@@@@@@@@@@@@@@@@@@@@@@@@@@@@@@@@@@@@........@@@@@@@@@@@@@@@@@@@@@@.....@@@@@@@@@@@@.......................................@......@@@@@@
@@@@@@@@@@@@@@@@@@@@@@@@@@@@@@@@@@@@@@@@@@@@@..........@@@@@@@@@@@@@@@@@@@@@@@@@@@@@@@@@@@@@@@@@@@@@@@@@@@@@@@@@@@@@@@@@@@@@@@@@@@@@@@@@@@@@@@@@@........@@@@@@@@@@@@@@@@@@@@@@.....@@@@@@@@@@@@.......................................@......@@@@@@
@@.........................................@@..........@@@@@@@@@@@@@@@@@@@@@@@@@@@@@@@@@@@@@@@@@@@..@@.......@@@@@@@@@@@@@@@@@@@@@@@@@@@@@@@@@@@@........@@@@@@@@@@@@@@@@@@@@@@.....@@@@@@@@@@@@.......................................@......@@@@@@
@@.......@..............................@..@@..........@@@@@@@@@@@@@@@@@@@@@@@@@@@@@@@@@@@@@@@@@@@..@@.......@@@@@@@@@@@@@@@@@@@@@@@@@@@@@@@@@@@@.........@@@@@@@@@@@@@@@@@@@@@@@@@@@@@@@@@@@@@........................................@......@@@@@@
@@.......@@@@@@@@@@@@@@@@@@@@@@@@@@@@@@@@..@@..........@@@@@@@@@@@@@@@@@@@@@@@@@@@@@@@@@@@@@@@@@@@..@@.......@@@@@@@@@@@@@@@@@@@@@@@@@@@@@@@@@@@@..........@@@@@@@@@@@@@@@@@@@@@@@@@@@@@@@@@@@.........................................@......@@@@@@
@@.......@@@@@@@@@@@@@@@@@@@@@@@@@@@@@@@@..@@..........@@@@@@@@@@@@@@@@@@@@@@@@@@@@@@@@@@@@@@@@@@@..@@.......@@@@@@@@@@@@@@@@@@@@@@@@@@@@@@@@@@@@..................@@@@@@@@@@@@........................................................@......@@@@@@
@@.......@@@@@@@@@@@@@@@@@@@@@@@@@@@@@@@@..@@..........@@@@@@@@@@@@@@@@@@@@@@@@@@@@@@@@@@@@@@@@@@@..@@.......@@@@@@@@@@@@@@@@@@@@@@@@@@@@@@@@@@@@......................................................................................@......@@@@@@
@@.......@@@@@@@@@@@@@@@@@@@@@@@@@@@@@@@@..@@..........@@@@@@@@@@@@@@@@@@@@@@@@@@@@@@@@@@@@@@@@@@@..@@.......@@@@@@@@@@@@@@@@@@@@@@@@@@@@@@@@@@@@......................................................................................@......@@@@@@
@@.......@@@@@@@@@@@@@@@@@@@@@@@@@@@@@@@@..@@..........@@@@@@@@@@@@@@@@@@@@@@@@@@@@@@@@@@@@@@@@@@@..@@.......@@@@@@@@@@@@@@@@@@@@@@@@@@@@@@@@@@@@......................................................................................@......@@@@@@
@@.......@@@@@@@@@@@@@@@@@@@@@@@@@@@@@@@@..@@..........@@@@@@@@@@@@@@@@@@@@@@@@@@@@@@@@@@@@@@@@@@@..@@.......@@@@@@@@@@@@@@@@@@@@@@@@@@@@@@@@@@@@......................................................................................@......@@@@@@
@@.......@@@@@@@@@@@@@@@@@@@@@@@@@@@@@@@@..@@..........@@@@@@@@@@@@@@@@@@@@@@@@@@@@@@@@@@@@@@@@@@@..@@.......@@@@@@@@@@@@@@@@@@@@@@@@@@@@@@@@@@@@......................................................................................@......@@@@@@
@@.......@@@@@@@@@@@@@@@@@@@@@@@@@@@@@@@@..@@..........@@@@@@@@@@@@@@@@@@@@@@@@@@@@@@@@@@@@@@@@@@@..@@.......@@@@@@@@@@@@@@@@@@@@@@@@@@@@@@@@@@@@......................................................................................@......@@@@@@
@@.......@@@@@@@@@@@@@@@@@@@@@@@@@@@@@@@@..@@..........@@@@@@@@@@@@@@@@@@@@@@@@@@@@@@@@@@@@@@@@@@@..@@.......@@@@@@@@@@@@@@@@@@@@@@@@@@@@@@@@@@@@......................................................................................@......@@@@@@
@@.......@@@@@@@@@@@@@@@@@@@@@@@@@@@@@@@@..@@..........@@@@@@@@@@@@@@@@@@@@@@@@@@@@@@@@@@@@@@@@@@@..@@............@@@@@@@@@@@@@@@@@@@@@@@@@@@@@@@......................................................................................@......@@@@@@
@@.......@@@@@@@@@@@@@@@@@@@@@@@@@@@@@@@@..@@..........@@@@@@@@@@@@@@@@@@@@@@@@@@@@@@@@@@@@@@@@@@@..@@.........................@@@@@@@@@@@@@@@@@@...................................@@@@@@@@@@@@@@............@.......@................@......@@@@@@
@@.......@@@@@@@@@@@@@@@@@@@@@@@@@@@@@@@@..@@..........@@@@@@@@@@@@@@@@@@@..........................@@..........................@@@@@@@@@@@@@@@@@............@@@@@@@@@@@@@@@@@@@@@@@@@@@@@@@@@@@@@............@@@@@@@@@@...............@......@@@@@@
@@.......@..............................@..@@..........@@@@@@@@@@@@@@@@@@...........................@@...........................@@@@@@@@@@@@@@@@...........@@@@@@@@@@@@@@@@@@@@@@@@@@@@@@@@@@@@@@............@@@@@@@@@@@..............@......@@@@@@
@@.......@@@@@@@@@@@@@@@@@@@@@@@@@@@@@@@@..@@..........@@@@@@@@@@@@@@@@@............................@@............................@@@@@@@@@@@@@@@..........@@@@@@@@@@@@@@@@@@@@@@@@@@@@@@@@@@@@@@@............@@@@@@@@@@@..............@......@@@@@@
@@.......@@@@@@@@@@@@@@@@@@@@@@@@@@@@@@@@..@@..........@@@@@@@@@@@@@@@@.............................@@..............................@@@@@@@@@@@@@..........@@@@@@@@@@@@@@@@@@@@@@@@@@@@@@@@@@@@@@@............@@@@@@@@@@@..............@......@@@@@@
@@.......@@@@@@@@@@@@@@@@@@@@@@@@@@@@@@@@..@@..........@@@@@@@@@@@@@@@.........@....................@@..............................@@@@@@@@@@@@@..........@@@@@@@@@@@@@@@@@@@@@@@@@@@@@@@@@@@@@@@............@@@@@@@@@@@.....................@@@@@@
@@.......@@@@@@@@@@@@@@@@@@@@@@@@@@@@@@@@..@@..........@@@@@@@@@@@@@@..........@....................@@..............................@@@@@@@@@@@@@..........@@@@@@@@@@@@@@@@@@@@@@@@@@@@@@@@@@@@@@@............@@@@@@@@@@@.....................@@@@@@
@@.......@@@@@@@@@@@@@@@@@@@@@@@@@@@@@@@@.@@@..........@@@@@@@@@@@@@@..........@....................@@..............................@@@@@@@@@@@@@..........@@@@@@@@@@@@@@@@@@@@@@@@@@@@@@@@@@@@@@@............@@@@@@@@@@@.....................@@@@@@
@@.......@@@@@@@@@@@@@@@@@@@@@@@@@@@@@@@@.@@@..........@@@@@@@@@@@@@@..........@.........@@.........@@..............................@@@@@@@@@@@@@..........@@@@@@@@@@@@@@@@@@@@@@@@@@@@@@@@@@@@@@@@.........@@@@@@@@@@@@@.....................@@@@@@
@@.......@@@@@@@@@@@@@@@@@@@@@@@@@@@@@@@@..............@@@@@@@@@@@@@@..........@.........@@@@@@@@@@@@@.....................................................@@@@@@@@@@@@@@@@@@@@@@@@@@.@@@@@@@@@@@@@.........@@@@@@@@@@@@@.....................@@@@@@
@@.......@@@@@@@@@@@@@@@@@@@@@@@@@@@@@@@@..............@@@@@@@@@@@@@@..........@.........@@@@@@@@@@@@@.....................................................@@@@@@@@@@@................@@.........@@.........@@.@@@@@@@@@@.....................@@@@@@
@@.......@@@@@@@@@@@@@@@@@@@@@@@@@@@@@@@@..............@@@@@@@@@@@@@@..........@...........................................................................@@@@@@@@@@@@@..............@@.......................@@@@@@@@@@..............@......@@@@@@
@@.......@@@@@@@@@@@@@@@@@@@@@@@@@@@@@@@@..............@@@@@@@@@@@@@@..........@............................................................................@@@@@@@@@@@@..............@@........................@@@@@@@@@..............@......@@@@@@
@@.......@@@@@@@@@@@@@@@@@@@@@@@@@@@@@@@@...............@@@@@@@@@@@@@..........@............................................................................@@@@@@@@@@@@..............@@........................@@@@@@@@@..............@......@@@@@@
@@.......@@@@@@@@@@@@@@@@@@@@@@@@@@@@@@@@...............@@@@@@@@@@@@@..........@............................................................................@@@@@@@@@@@@..............@@........................@@@@@@@@@..............@......@@@@@@
@@.......@@@@@@@@@@@@@@@@@@@@@@@@@@@@@@@@...............@@@@@@@@@@@@@...@@@@@@@@............................................................................@@@@@@@@@@@@..............@@........................@@@@@@@@@..............@......@@@@@@
@@.....................................@@...............@@@@@@@@@@@@@.......................................................................................@@@@@@@@@@@@..............@@........................@@@@@@@@@..............@..........@@
@@@@@@@@@@@@@@@........................@@................................................@@@@@@@@@@@@@......................................................@@@@@@@@@@@@..............@@........................@@@@@@@@@..............@..........@@
@@@@@@@@@@@@@@@........................@@................................................@@@@@@@@@@@@@.............................@@@@@@@@@@@@@............@@@@@@@@@@@@..............@@........................@@@@@@@@@..............@..........@@
@@@@@@@@@@@@@@@........................@@................................................@@.........@@.............................@@@@@@@@@@@@@............@@@@@@@@@@@@..............@@......@@................@@@@@@@@@..............@..........@@
@@@@@@@@@@@@@@@........................@@................................................@@.........@@.............................@@@@@@@@@@@@@............@@@@@@@@@@@@..............@@......@@................@@@@@@@@@..............@..........@@
@@@@@@@@@@@@@@@........................@@...........................................................@@.............................@@@@@@@@@@@@@............@@@@@@@@@@@@..............@@@@@@@@@@................@@@@@@@@@..............@..........@@
@@@@@@@@@@@@@@@........................@@...........................................................@@.............................@@@@@@@@@@@@@............@@@@@@@@@@@@..............@@@@@@@@@@................@@@@@@@@@..............@..........@@
@@@@@@@@@@@@@@@........................@@...........................................................@@............................@@@@@@@@@@@@@@............@@@@@@@@@...........................................@@@@@@@@@..............@..........@@
@@@@@@@@@@@@@@@........................@@...........................................................@@...........................@@@@@@@@@@@@@@@............@@@@@@@@@...........................................@@@@@@@@@@@@@@@.......@@@@@@@@@@@@@@
@@@@@@@@@@@@@@@........................@@...........................................................@@..........................@@@@@@@@@@@@@@@@............@@@@@@@@@...........................................@@@@@@@@@@@@@@@.......@@@@@@@@@@@@@@
@@@@@@@@@@@@@@@.....................................................................................@@.........................@@@@@@@@@@@@@@@@@............@@@@@@@@@...........................................@@@@@@@@@....@@.......@@..........@@
@@@@@@@@@@@@@@@.....................................................................................@@...............@@@@@@@@@@@@@@@@@@@@@@@@@@@............@@@@@@@@@...........................................@@@@@@@@@....@@.......@@..........@@
@@@@@@@@@@@@@@@........................................@@@@@@@@@@@@@@@@@@@@@@@@@@@@@@@@@@@@@@@@@@@..@@..........@@@@@@@@@@@@@@@@@@@@@@@@@@@@@@@@............@@@@@@@@@...........................................@@@@@@@@@....@@.......@@..........@@
@@@@@@@@@@@@@@@........................@@..............@@@@@@@@@@@@@@@@@@@@@@@@@@@@@@@@@@@@@@@@@@@..@@..........@@@@@@@@@@@@@@@@@@@@@@@@@@@@@@@@............@@@@@@@@@.................@@@@@@@@@@................@@@@@@@@@....@@.......@@..........@@
@@@@@@@@@@@@@@@........................@@..............@@@@@@@@@@@@@@@@@@@@@@@@@@@@@@@@@@@@@@@@@@@..@@..........@@@@@@@@@@@@@@@@@@@@@@@@@@@@@@@@............@@@@@@@@@.................@@@@@@@@@@................@@@@@@@@@....@@.......@@..........@@
@@@@@@@@@@@@@@@........................@@..............@@@@@@@@@@@@@@@@@@@@@@@@@@@@@@@@@@@@@@@@@@@..@@..........@@@@@@@@@@@@@@@@@@@@@@@@@@@@@@@@............@@@@@@@@@.................@@.....@@@................@@@@@@@@@....@@.......@@..........@@
@@@@@@@@@@@@@@@........................@@..............@@@@@@@@@@@@@@@@@@@@@@@@@@@@@@@@@@@@@@@@@@@..@@..........@@@@@@@@@@@@@@@@@@@@@@@@@@@@@@@@............@@@@@@@@@.................@@........................@@@@@@@@@@...@@.......@@..........@@
@@@@@@@@@@@@@@@........................@@..............@@@@@@@@@@@@@@@@@@@@@@@@@@@@@@@@@@@@@@@@@@@..@@..........@@@@@@@@@@@@@@@@@@@@@@@@@@@@@@@@............@@@@@@@@@.................@@.........................@@@@@@@@....@@.......@@..........@@
@@@@@@@@@@@@@@@........................@@..............@@@@@@@@@@@@@@@@@@@@@@@@@@@@@@@@@@@@@@@@@@@..@@..........@@@@@@@@@@@@@@@@@@@@@@@@@@@@@@@@............@@@@@@@@@.................@@.........................@@@@@@@@....@@.......@@..........@@
@@@@@@@@@@@@@@.........................@@..............@@@@@@@@@@@@@@@@@@@@@@@@@@@@@@@@@@@@@@@@@@@..@@..........@@@@@@@@@@@@@@@@@@@@@@@@@@@@@@@@...........@@@@@@@@@@.................@@.........................@@@@@@@@...@@@.......@@@.........@@
@@@@@@@@@@@@@@.........................@@..............@@@@@@@@@@@@@@@@@@@@@@@@@@@@@@@@@@@@@@@@@@@..@@..........@@@@@@@@@@@@@@@@@@@@@@@@@@@@@@@@...........@@@@@@@@@..................@@.........................@@@@@@@@...@@@.......@@@.........@@
@@@@@@@@@@@@@@.........................@@..............@@@@@@@@@@@@@@@@@@@@@@@@@@@@@@@@@@@@@@@@@@@..@@..........@@@@@@@@@@@@@@@@@@@@@@@@@@@@@@@@...........@@@@@@@@@..................@@.........................@@@@@@@@.........................@@
@@@@@@@@@@@@@@.........................@@..............@@@@@@@@@@@@@@@@@@@@@@@@@@@@@@@@@@@@@@@@@@@..@@..........@@@@@@@@@@@@@@@@@@@@@@@@@@@@@@@@...........@@@@@@@@@..................@@..........@.....@@...@..@@@@@@@@@.........................@@
@@@@@@@@@@@@@@.........................@@..............@@@@@@@@@@@@@@@@@@@@@@@@@@@@@@@@@@@@@@@@@@@..@@..........@@@@@@@@@@@@@@@@@@@@@@@@@@@@@@@@...........@@@@@@@@@........@@........@@..........@@@@@@@@...@@@@@@@@@@@@.........................@@
@@@@@@@@@@@@@@.........................@@..............@@@@@@@@@@@@@@@@@@@@@@@@@@@@@@@@@@@@@@@@@@@@@@@..........@@@@@@@@@@@@@@@@@@@@@@@@@@@@@@@@...........@@@@@@@@@........@@........@@..........@..............@@@@@@@@.........................@@
@@@@@@@@@@@@@@.........................@@.........................@@@@@@@@@@@@@@@@@@@@@@@@@@@@@@@@@@@@.....................................................@@@@@@@@@........@@........@@..........@..............@@@@@@@@.........................@@
@@@@@@@@@@@@@@@@@@@@@@....@@@@@@@@@@@@@@@...........................................................@......................................................@@@@@@@@@..................@@..........@..............@@@@@@@@.........................@@
@@@@@@@@@@@@@@......................................................................................@......................................................@@@@@@@@@..................@@..........@..............@@@@@@@@.........................@@
@@@@@@@@@@@@@@......................................................................................@......................................................@@@@@@@@@..................@@..........@..............@@@@@@@@.........................@@
@@@@@@@@@@@@@@......................................................................................@......................................................@@@@@@@@@..................@@..........@.............@@@@@@@@@.........................@@
@@@@@@@@@@@@@@......................................................................................@......................................................@@@@@@@@@..................@@..........@.............@@@@@@@@@@........................@@
@@@@@@@@@@@@@@......................................................................................@......................................................@@@@@@@@@..................@@..........@.............@@@@@@@@@.........................@@
@@@@@@@@@@@@@@......................................................................................@......................................................@@@@@@@@@@@@@@@@@@@@@@@@@@@@@..........@.............@@@@@@@@@.........................@@
@@@@@@@@@@@@@@......................................................................................@......................................................@@@@@@@@@@@@@@@@@@@@@@@@@@@@@..........@.............@@@@@@@@@.........................@@
@@@@@@@@@@@@@@......................................................@@@@@@@@@@....................@@@@....@@....................................@@.........@@@@@@@@@@.................@@..........@.............@@@@@@@@@.........................@@
@@@@@@@@@@@@@@......................................................@@@@@@@@@@....................@@@@....@@@..................................@@@.........@@@@@@@@@@.............................@.............@@@@@@@@@.........................@@
@@@@@@@@@@@@@@......................................................@@......@@.....................@@@....@@@@@@@@@@@@@@@@@@@@@@@@@@@@@@@@@@@@@@@@@@@@@@@@@@@@@@@@@@@.............................@.............@@@@@@@@@.........................@@
@@...........................@@@@@@@@@@@@@@@@@..........@@@@@@@@@@@@@@@@@@@@@@@@@@@@@@..............@@....@@@@@@@@@@@@@@@@@@@@@@@@@@@@@@@@@@@@@@@@.........@@@@@@@@@@...........................................@@@@@@@@@.........................@@
@@..........................@@@@@@@@@@@@@@@@@@..........@@@@@@@@@@@@@@@@@@@@@@@@@@@@@@@.............@@....@@...............................................@@@@@@@@@@...........................................@@@@@@@@@.........................@@
@@.........................@@@@@@@@@@@@@@@@@@@..........@@@@@@@@@@@@@@@@@@@@@@@@@@@@@@@@@...........@@....@@...............................................@@@@@@@@@@...........................................@@@@@@@@@.........................@@
@@.........................@@@@@@@@@@@@@@@@@@@..........@@@@@@@@@@@@@@@@@@@@@@@@@@@@@@@@............@@....@@...............................................@@@@@@@@@@@............................@.............@@@@@@@@@.........................@@
@@.........................@@@@@@@@@@@@@@@@@@@..........@@@@@@@@@@@@@@@@@@@@@@@@@@@@@@@@............@@....@@.......................................................@@@............................@.............@@@@@@@@@.........................@@
@@.........................@@@@@@@@@@@@@@@@@@@..........@@@@@@@@@@@@@@@@@@@@@@@@@@@@@@@@............@@....@@............................@@@@@@@@@@................................................@.............@@@@@@@@@.........................@@
@@.........................@@@@@@@@@@@@@@@@@@@..........@@@@@@@@@@@@@@@@@@@@@@@@@@@@@@@@............@@....@@............................@@@@@@@@@@................................................@.............@@@@@@@@@@@@@.....................@@
@@.........................@@@@@@@@@@@@@@@@@@@..........@@@@@@@@@@@@@@@@@@@@@@@@@@@@@@@@............@@........................................@@@.................................................@.............@@@@@@@@@@@@@.....................@@
@@.........................@@@@@@@@@@@@@@@@@@@..........@@@@@@@@@@@@@@@@@@@@@@@@@@@@@@@@............@@........................................@@..................................................@.............@@@@@@@@@@@@@.....................@@
@@.........................@@@@@@@@@@@..................@..................@@@@@@@@@@@@@............@@........................................@@..................................................@@@@@@@@...@@@@@@@@@@@@@@@@.....................@@
@@.........................@@@@@@@@@@...................@.....................@@@@@@@@@@............@@........................................@@..................................................@@@@@@@@...@@@@@@@@@@@@@@@@.....................@@
@@.........................@@@@@@@@@....................@......................@@@@@@@@@@...........@@..........@@.....@@..@@.....@@..........@@................................................................@@@@@@@@@@@@@.....................@@
@@.........................@@@@@@@@@....................@......................@@@@@@@@@............@@..........@@@@@@@@@..@@@@@@@@@..........@@................................................................@@@@@@@@@@@@@.....................@@
@@.........................@@@@@@@@@....................@......................@@@@@@@@@............@@...........@................@...........@@................................................................@@@@@@@@@@@@@.....................@@
@@.........................@@@@@@@@@....................@......................@@@@@@@@@............@@...........@................@...........@@................................................................@@@@@@@@@@@@@.....................@@
@@.........................@@@@@@@@@....................@......................@@@@@@@@@............@@...........@................@...........@@................................................................@@@@@@@@@@@@@.....................@@
@@.........................@@@@@@@@@...........................................@@@@@@@@@............@@...........@................@...........@@................................................................@@@@@@@@@@@@@.....................@@
@@.........................@@@@@@@@@...........................................@@@@@@@@@............@@...........@................@...........@@............@@@@@@@@@@@@@@@@.....@@@@@@@@@@@....................@@@@@@@@@@@@@.....................@@
@@.........................@@@@@@@@@...........................................@@@@@@@@@............@@..........@@................@@..........@@............@@@@@@@@@.....@@...............@....................@@@@@@@@@.........................@@
@@.........................@@@@@@@@@...........................................@@@@@@@@@............@@..........@@................@@..........@@............@@@@@@@@@.....@@...............@....................@@@@@@@@@.........................@@
@@.........................@@@@@@@@@....................@@.....................@@@@@@@@@............@@...................@@...................@@............@@@@@@@@@.....................@@....................@@@@@@@@@.........................@@
@@.........................@@@@@@@@@....................@@.....................@@@@@@@@@............@@...................@@...................@@............@@@@@@@@@.....................@@....................@@@@@@@@@.........................@@
@@.........................@@@@@@@@@....................@...............@@.....@@@@@@@@@............@@..........@@................@@..........@@............@@@@@@@@@...........................................@@@@@@@@@.........................@@
@@.........................@@@@@@@@@....................@...............@@.....@@@@@@@@@............@@..........@@................@@..........@@............@@@@@@@@@...........................................@@@@@@@@@.........................@@
@@.....................@@@@@@@@@@@@@....................@@@@@@@@@@@.....@@@@@@@@@@@@@@@@............@@...........@................@...........@@............@@@@@@@@@...........................................@@@@@@@@@.........................@@
@@.....................@@@@@@@@@@@@@................................................................@@...........@................@...........@@............@@@@@@@@@...........................................@@@@@@@@@.........................@@
@@.....................@@@@@@@@@@@@@................................................................@@...........@................@...........@@............@@@@@@@@@......................@....................@@@@@@@@@.........................@@
@@.....................@@@@@@@@@@@@@................................................................@@...........@................@...........@@............@@@@@@@@@......................@....................@@@@@@@@@.........................@@
@@.....................@@@@@@@@@@@@@................................................................@@...........@................@...........@@............@@@@@@@@@......................@....................@@@@@@@@@.........................@@
@@.....................@@@@@@@@@@@@@................................................................@@..........@@@@@@@@@..@@@@@@@@@..........@@............@@@@@@@@@......................@....................@@@@@@@@@.........................@@
@@.....................@@@@@@@@@@@@@................................................................@@..........@@.....@@..@@.....@@..........@@...........@@@@@@@@@@......................@....................@@@@@@@@@.........................@@
@@.....................@@@@@@@@@@@@@@@@...@@@@@@@@..................................................@@........................................@@............@@@@@@@@@@.....................@...................@@@@@@@@@@.........................@@
@@.....................@@@@@@@@@@@@@@@@...@@@@@@@@..................................................@@........................................@@............@@@@@@@@@@@@@..................@..................@@@@@@@@@@@.........................@@
@@.....................@@@@@@@@@@@@@.............@..................................................@@........................................@@............@@@@@@@@@@@@@@@@@@@@@@@@@@@@@@@@..........@@@@@@@@@@@@@@@@@@@.........................@@
@@.....................@@@@@@@@@@@@@.............@.................................................@@@@@@@@@..................................@@............@@@@@@@@@@@@@@@@@@@@@@@@@@@@@@@@..........@@@@@@@@@@@@@@@@@@@.........................@@
@@.....................@@@@@@@@@@@@@.............@................................................@@@@@@@@@@...........................@@@....@@............@@@@@@@@@@@@@@@@@@@@@@@@@@@@@@@@..........@@@@@@@@@@@@@@@@@@@.........................@@
@@.........................@@@@@@@@@.............@................................................@@@@@@@@@@............................@@....@@............@@@@@@@@@@@@@@@@@@@@@@@@@@@@@@@@..........@@@@@@@@@@@@@@@@@@@.........................@@
@@.........................@@@@@@@@@.............@............................@@@.......................................................@@....@@............@@@@@@@@@@@@@@@@@@@@@@@@@@@@@@@@..........@@@@@@@@@@@@@@@@@@@.........................@@
@@.........................@@@@@@@@@.............@............................@@@@@@@@@@@..............................................@@@....@@............@@@@@@@@@@@@@@@@@@@@@@@@@@@@@@@@..........@@@@@@@@@@@@@@@@@@@.........................@@
@@.........................@@@@@@@@@...........................................@@@@@@@@@@...............................................@@....@@...........@@@@@@@@@@@@@@@@@@@@@@@@@@@@@@@@@..........@@@@@@@@@@@@@@@@@@@.........................@@
@@.........................@@@@@@@@@...........................................@@@@@@@@@@...............................................@@....@@.............@@@@@@@@@@@@@@@@@@@@@@@@@@@@@@@..........@@@@@@@@@@@@@@@@@@..........................@@
@@.........................@@@@@@@@@...........................................@@@@@@@@@@.........@@@@@@@@@@@@@@@@@@@@@@@@@@@@@@@@@@@@@@@@....@@..............@@@@@@@@@@@@@@@@@@@@@@@@@@@@@@..........@@@@@@@@@@@@@@@@@...........................@@
@@.........................@@@@@@@@@.............@.............................@@@@@@@@@@@@@@@@@@@@@@@@@@@@@@@@@@@@@@@@@@@@@@@@@@@@@@@@@@@....@@@.....................@@......@@..................................................................@@
@@.........................@@@@@@@@@.............@.............................@@@@@@@@@@.........@@@..................................@@@....@@@@....................@@@@@@@@@@..................................................................@@
@@.........................@@@@@@@@@.............@..........@@.................@@@@@@@@@@.........@@....................................@@....@@@@....................@@@@@@@@@@......................................................@@@@@@@@@@@@@@
@@.........................@@@@@@@@@.............@..........@@@@@@@@@@@@@@@@@@@@@@@@@@@@@......................................................@@.....................................................................................@@@@@@@@@@@@@@
@@.........................@@@@@@@@@.............@..........@@@@@@@@@@@@@@@@@@@@@@@@@@@@@......................................................@@.....................................................................................@@@@@@@@@@@@@@
@@.........................@@@@@@@@@.............@..........@@..................@@@@@@@@@......................................................@@.....................................................................................@@@@@@@@@@@@@@
@@........................@@@@@@@@@@.............@..........@@..................@@@@@@@@@......................................................@@.....................................................................................@@@@@@@@@@@@@@
@@.........................@@@@@@@@@.............@..........@@..................@@@@@@@@@......................................................@@.....................................................................................@@@@@@@@@@@@@@
@@.........................@@@@@@@@..............@..........@@..................@@@@@@@@@......................................................@@.....................................................................................@@@@@@@@@@@@@@
@@.........................@@@@@@@@..............@..........@@..................@@@@@@@@@......................................................@@.....................................................................................@@@@@@@@@@@@@@
@@.........................@@@@@@@@..............@..........@@..................@@@@@@@@@......................................................@@..........................................................@@@@@@@@@@@@@@@....@@@@@@@@@@@@@@@@@@@@@@
@@.........................@@@@@@@@..............@..........@@........@@........@@@@@@@@@.....................................................@@@@@@@@@@@@@@@@@@@@@@@@@@@@@@@@@@@@.........................@@.........................@@@@@@@@@@@@@@
@@.........................@@@@@@@@..............@..........@@........@@........@@@@@@@@@...........@@@@@@@@@@@@@@@@@@@@@@@@@@@@@@@@..........@@@@@@@@@@@@@@@@@@@@@@@@@@@@@@@@@@@@@@@@@@@@@@@..............@@.........................@@@@@@@@@@@@@@
@@.........................@@@@@@@@@@@@...@@@@@@@@..........@@........@@........@@@@@@@@@...........@@@@@@@@@@@@@@@@@@@@@@@@@@@@@@@@..........@@..@@@@@@@@@@@@@@@@@@@@@@@@@@@@@@@@@@@@@@@@@@@..............@@.........................@@@@@@@@@@@@@@
@@.........................@@@@@@@@@..@...@@.....@..........@@..................@@@@@@@@@...........@@@@@@@@@@@@@@@@@@@@@@@@@@@@@@@@..........@@..@@@@@@@@@@@@@@@@@@@@@@@@@@@@@@@@@@@@@@@@@@@..............@@.........................@@@@@@@@@@@@@@
@@.........................@@@@@@@@.........................@@..................@@@@@@@@@...........@@@@@@@@@@@@@@@@@@@@@@@@@@@@@@@@..........@@..@@@@@@@@@@@@@@@@@@@@@@@@@@@@@@@@@@@@@@@@@@@..............@@.........................@@@@@@@@@@@@@@
@@.........@@@.......@@@...@@@@@@@@.........................@@..................@@@@@@@@@...........@@@@@@@@@@@@@@@@@@@@@@@@@@@@@@@@..........@@..@@@@@@@@@@@@@@@@@@@@@@@@@@@@@@@@@@@@@@@@@@@..............@@.........................@@@@@@@@@@@@@@
@@.........@@@.......@@@...@@@@@@@@.........................@@.................@@@@@@@@@@...........@@@@@@@@@@@@@@@@@@@@@@@@@@@@@@@@..........@@..@@@@@@@@@@@@@@@@@@@@@@@@@@@@@@@@@@@@@@@@@@@..............@@.........................@@@@@@@@@@@@@@
@@..........@@.......@@....@@@@@@@@.........................@@.................@@@@@@@@@............@@@@@@@@@@@@@@@@@@@@@@@@@@@@@@@@..........@@..@@@@@@@@@@@@@@@@@@@@@@@@@@@@@@@@@@@@@@@@@@@..............@@.........................@@@@@@@@@@@@@@
@@..........@@.......@@....@@@@@@@@.........................@@.................@@@@@@@@@............@@@@@@@@@@@@@@@@@@@@@@@@@@@@@@@@..........@@..@@@@@@@@@@@@@@@@@@@@@@@@@@@@@@@@@@@@@@@@@@@..............@@........................@@@@@@@@@@@@@@@
@@..........@@.......@@...@@@@@@@@@@........................@@.................@@@@@@@@@............@@@@@@@@@@@@@@@@@@@@@@@@@@@@@@@@..........@@..@@@@@@@@@@@@@@@@@@@@@@@@@@@@@@@@@@@@@@@@@@@..............@@........................@@@@@@@@@@@@@@@
@@..........@@.......@@....@@@@@@@@@................@@@.....@@.................@@@@@@@@@............@@@@@@@@@@@@@@@@@@@@@@@@@@@@@@@@..........@@..@@@@@@@@@@@@@@@@@@@@@@@@@@@@@@@@@@@@@@@@@@@..............@@........................@@@@@@@@@@@@@@@
@@..........@@.......@@....@@@@@@@@@................@@@@@@@@@@.................@@@@@@@@@............@@@@@@@@@@@@@@@@@@@@@@@@@@@@@@@@..........@@..@@@@@@@@@@@@@@@@@@@@@@@@@@@@@@@@@@@@@@@@@@@..............@@........................@@@@@@@@@@@@@@@
@@..........@@.......@@....@@@@@@@@@................@@@@@@@@@@.................@@@@@@@@@............@@@@@@@@@@@@@@@@@@@@@@@@@@@@@@@@..........@@..@@@@@@@@@@@@@@@@@@@@@@@@@@@@@@@@@@@@@@@@@@@..............@@........................@@@@@@@@@@@@@@@
@@..........@@.......@@....@@@@@@@@@...........................................@@@@@@@@@............@@@@@@@@@@@@@@@@@@@@@@@@@@@@@@@@..........@@..@@@@@@@@@@@@@@@@@@@@@@@@@@@@@@@@@@@@@@@@@@@........................................@@@@@@@@@@@@@@@
@@..........@@.......@@....@@@@@@@@@...........................................@@@@@@@@@............@@@@@@@@@@@@@@@@@@@@@@@@@@@...............@@.....................................................................................@@@@@@@@@@@@@@@
@@..........@@.......@@....@@@@@@@@@...........................................@@@@@@@@@............@@@@@@@@@@@@@@@@@.........................@@.....................................................................................@@@@@@@@@@@@@@@
@@@@@@@@@@@@@@.......@@@@@@@@@@@@@@@...........................................@@@@@@@@@............@@@@@@@@@@@@@@@@..........................@@...........................................................@@........................@@@@@@@@@@@@@@@
@@@@@@@@@@@@@@.......@@@@@@@@@@@@@@@...........................................@@@@@@@@@............@@@@@@@@@@@@@@@...........................@@...........................................................@@........................@@@@@@@@@@@@@@@
@@..........@..............@@@@@@@@@...........................................@@@@@@@@@............@@@@@@@@@@@@@@............................@@...........................................................@@........................@@@@@@@@@@@@@@@
@@..........@..............@@@@@@@@@................@@@@@@@@@@..............@@@@@@@@@@@@............@@@@@@@@@@@@@.............................@@...........................................................@@........................@@@@@@@@@@@@@@@
@@..........@..............@@@@@@@@@................@@@@@@@@@@..............@@@@@@@@@@@@............@@@@@@@@@@@@@.............................@@...........................................................@@........................@@@@@@@@@@@@@@@
@@..........@..............@@@@@@@@@................@@......@@..............@@@@@@@@@@@@............@@@@@@@@@@@@@.............................@@.........@@................................................@@........................@@@@@@@@@@@@@@@
@@..........@..............@@@@@@@@@................@@......@@..............@@@@@@@@@@@@............@@@@@@@@@@@@@.............................@@.........@@................................................@@........................@@@@@@@@@@@@@@@
@@..........@..............@@@@@@@@@........................@@..............@@@@@@@@@@@@............@@@@@@@@@@@@@.............................@@@@@@@@@@@@@................................................@@........................@@@@@@@@@@@@@@@
@@..........@..............@@@@@@@@@........................@@..............@@@@@@@@@@@@......................................................@@@@@@@@@@@@@................................................@@........................@@@@@@@@@@@@@@@
@@..........@..............@@@@@@@@@........................@@..............@@@@@@@@@@@@.......................................................................................@@@@@@@@@@@@@...............@@........................@@@@@@@@@@@@@@@
@@@@@@......@..............@@@@@@@@@........................@@..............@@@@@@@@@@@@............................................................................@@@@@@@@...@@@@@@@@@@@@@...............@@@@@@@@@@@@@@@@@@@@@@@@@@@@@@@@@@@@@@@@@
@@@@@@......@..............@@@@@@@@@........................@@..............@@@@@@@@@@@@............................................................................@..........@@@@@@@@@@@@@...............@@@@@@@@@@@@@@@@@@@@@@@@@@@@@@@@.......@@
@@@@@@......@..............@@@@@@@@@........................@@..............@@@@@@@@@@@@............................................................................@..........@@@@@@@@@@@@@...............@@@@@@@@@@@@@@@@@@@@@@@@@@@@@@@@.......@@
@@@@@@......@..............@@@@@@@@@........................@@..............@@@@@@@@@@@@............................................................................@..........@@@@@@@@@@@@@@..............@@@@@@@@@@@@@@@@@@@@@@@@@@@@@@@@.......@@
@@@@@@......@..............@@@@@@@@@@.......................@@..............@@@@@@@@@@@@@...........................................................................@..........@@@@@@@@@@@@@@..............@@@@@@@@@@@@@@@@@@@@@@@@@@@@@@@@.......@@
@@@@@@.....................@@@@@@@@@@.@@.........@@.........@@................@@@@@@@@@@@.....................................................@@@@@@@@@@@@@.........@..........@@@@@@@@@@@@@@..............@@@@@@@@@@@@@@@@@@@@@@@@@@@@@@@@.......@@
@@@@@@.....................@@@@@@@@@@@@@.........@@@@@@@@@@@@@.@@@@@@@@@@@@@@@@@@@@@@@@@@.....................................................@@@@@@@@@@@@@.........@..........@@@@@@@@@@@@@@..............@@@@@@@@@@@@@@@@@@@@@@@@@@@@@@@@.......@@
@@@@@@.....................@@@@@@@@@@@@@.........@@@@@@@@@@@@@@@@@@@@@@@@@@@@@@@@@@@@@@@@..........@@@@@@@@@@@@@..............................@@.........@@.........@..........@@@@@@@@@@@@@@..........@@@.@@@@@@@@@@@@@@@@@@@@@@@@@@@@@@@@.......@@
@@@@@@.....................@@@@@@@@@@@............@@@@@@@@@@@@@@@@@@@@@@@@@@@@@@@@@@@@@@@..........@@@@@@@@@@@@@..............................@@....................@..........@@@@@@@@@@@@@@..........@@@.@@@@@@@@@@@@@@@@@@@@@@@@@@@@@@@@.......@@
@@@@@@.....................@@@@@@@@@@@............@@@@@@@@@@@@@@@@@@@@@@@@@@@@@@@@@@@@@@@..........@@@@@@@@@@@@@..............................@@....................@..........@@@@@@@@@@@@@@..........@@..@@@@@@@@@@@@@@@@@@@@@@@@@@@@@@@@.......@@
@@@@@@.....................@@@@@@@@@@@............@@@@@@@@@@@@@@@@@@@@@@@@@@@@@@@@@@@@@@@..........@@@@@@@@@@@@@..............................@@....................@.........@@@@@@@@@@@@@@@..........@@..@@@@@@@@@@@@@@@@@@@@@@@@@@@@@@@@.......@@
@@@@@@......@..............@@@@@@@@@@@............@@@@@@@@@@@@@@@@@@@@@@@@@@@@@@@@@@@@@@@..........@@@@@@@@@@@@@..............................@@.............................@@@@@@@@@@@@@@@@..........@@..@@@@@@@@@@@@@@@@@@@@@@@@@@@@@@@@.......@@
@@@@@@......@..............@@@@@@@@@@@............@@@@@@@@@@@@@@@@@@@@@@@@@@@@@@@@@@@@@@@..........@@@@@@@@@@@@@@@............................@@............................@@@@@@@@@@@@@@@@@..........@@..@@@@@@@@@@@@@@@@@@@@@@@@@@@@@@@@.......@@
@@@@@@......@..............@@@@@@@@@@@............@@@@@@@@@@@@@@@@@@@@@@@@@@@@@@@@@@@@@@...........@@@@@@@@@@@@@@@@...........................@@...........................@@@@@@@@@@@@@@@@@@..........@@..@..............................@.......@@
@@@@@@......@...............@@@@@@@@@@............@@@@@@@@@@@@@@@@@@@@@@@@@@@@@@@@@@@@@............@@@@@@@@@@@@@@@@@..........................@@..........................@@@@@@@@@@@@@@@@@@@..........@@..@@@@@@@@@@@@@@@@@@@@@@@@@@@@@@@@.......@@
@@@@@@......@................@.......@............@@@@@@@@@@@@@@...................................@@@@@@@@@@@@@@@@@@.........................@@..@@@@@@@@@@@@@@@@@@@@@@@@@@@@@@@@@@@@@@@@@@@..........@@..@@@@@@@@@@@@@@@@@@@@@@@@@@@@@@@@.......@@
@@@@@@......@......................................................................................@@@@@@@@@@@@@@@@@@@@@@@@@@@@@@@............@@..@@@@@@@@@@@@@@@@@@@@@@@@@@@@@@@@@@@@@@@@@@@..........@@..@@@@@@@@@@@@@@@@@@@@@@@@@@@@@@@@.......@@
@@@@@@......@......................................................................................@@@@@@@@@@@@@@@@@@@@@@@@@@@@@@@@@@@@.......@@..@@@@@@@@@@@@@@@@@@@@@@@@@@@@@@@@@@@@@@@@@@@..........@@..@@@@@@@@@@@@@@@@@@@@@@@@@@@@@@@@.......@@
@@@@@@......@......................................................................................@@@@@@@@@@@@@@@@@@@@@@@@@@@@@@@@@@@@.......@@..@@@@@@@@@@@@@@@@@@@@@@@@@@@@@@@@@@@@@@@@@@@..........@@..@@@@@@@@@@@@@@@@@@@@@@@@@@@@@@@@.......@@
@@@@@@......@......................................................................................@@@@@@@@@@@@@@@@@@@@@@@@@@@@@@@@@@@@.......@@..@@@@@@@@@@@@@@@@@@@@@@@@@@@@@@@@@@@@@@@@@@@..........@@..@@@@@@@@@@@@@@@@@@@@@@@@@@@@@@@@.......@@
@@@@@@......@......................................................................................@@@@@@@@@@@@@@@@@@@@@@@@@@@@@@@@@@@@.......@@..@@@@@@@@@@@@@@@@@@@@@@@@@@@@@@@@@@@@@@@@@@@..........@@..@@@@@@@@@@@@@@@@@@@@@@@@@@@@@@@@.......@@
@@@@@@......@......................................................................................@@@@@@@@@@@@@@@@@@@@@@@@@@@@@@@@@@@@.......@@..@@@@@@@@@@@@@@@@@@@@@@@@@@@@@@@@@@@@@@@@@@@..........@@..@@@@@@@@@@@@@@@@@@@@@@@@@@@@@@@@.......@@
@@@@@@......@......................................................................................@@@@@@@@@@@@@@@@@@@@@@@@@@@@@@@@@@@@.......@@..@@@@@@@@@@@@@@@@@@@@@@@@@@@@@@@@@@@@@@@@@@@..........@@..@@@@@@@@@@@@@@@@@@@@@@@@@@@@@@@@.......@@
@@@@@@......@......................................................................................@@@@@@@@@@@@@@@@@@@@@@@@@@@@@@@@@@@@.......@@..@@@@@@@@@@@@@@@@@@@@@@@@@@@@@@@@@@@@@@@@@@@..........@@..@@@@@@@@@@@@@@@@@@@@@@@@@@@@@@@@.......@@
@@@@@@......@........................................................@@@@@@@@@@@@..................@@@@@@@@@@@@@@@@@@@@@@@@@@@@@@@@@@@@.......@@..@@@@@@@@@@@@@@@@@@@@@@@@@@@@@@@@@@@@@@@@@@@..........@@..@@@@@@@@@@@@@@@@@@@@@@@@@@@@@@@@.......@@
@@@@@@......@.........................................@@@@@@@@@@@@@@@@@@@@@@@@@@@@@@@@@@@..........@@@@@@@@@@@@@@@@@@@@@@@@@@@@@@@@@@@@.......@@..@@@@@@@@@@@@@@@@@@@@@@@@@@@@@@@@@@@@@@@@@@@..........@@..@@@@@@@@@@@@@@@@@@@@@@@@@@@@@@@@.......@@
@@@@@@......@........................................@@@@@@@@@@@@@@@@@@@@@@@@@@@@@@@@@@@@@.........@@@@@@@@@@@@@@@@@@@@@@@@@@@@@@@@@@@@.......@@..@@@@@@@@@@@@@@@@@@@@@@@@@@@@@@@@@@@@@@@@@@@..........@@..@..............................@.......@@
@@@@@@......@.......................................@@@@@@@@@@@@.....@@@@@@@@@@@@@@@@@@@@@@........@@@@@@@@@@@@@@@@@@@@@@@@@@@@@@@@@@@@.......@@..@@@@@@@@@@@@@@@@@@@@@@@@@@@@@@@@@@@@@@@@@@@..........@@.........................................@@
@@@@@@......@.......................................@@@@@@@@@@@@.....@@@@@@@@@@@@@@@@@@@@@@........@@@@@@@@@@@@@@@@@@@@@@@@@@@@@@@@@@@@@@@@@@@@@@@@@@@@@@@@@@@@@@@@@@@@@@@@@@@@@@@@@@@@@@@@@@..........@@@@@@@@@@@@@@@@@@@@@@@@@@@@@@@@@@@@@@@@@@@@@
@@@@@@......@.......................................@@@@@@@@@@@@.....@@@@@@@@@@@@@@@@@@@@@@........@@@@@@@@@@@@@@@@@@@@@@@@@@@@@@@@@@@@.......@@@@@@@@@@@@@@@@@@@@@@@@@@@@@@@@@@@@@@@@@@@@@@@..........@@@@@@@@@@@@@@@@@@@@@@@@@@@@@@@@@@@@@@@@@@@@@
@@@@@@......@..............@@........@@.............@@@@@@@@@@@@.....@@@@@@@@@@@@@@@@@@@@@@.......................................................................................................................................................@@
@@@@@@......@@@@@@@@.......@@@@@@@@@@@@.............@@@@@@@@@@@@.....@@@@@@@@@@@@@@@@@@@@@@.......................................................................................................................................................@@
@@...................................@..............@@@@@@@@@@@@.....@@@@@@@@@@@@@@@@@@@@@@.......................................................................................................................................................@@
@@...................................@..............@@@@@@@@@@@@.....@@@@@@@@@@@@@@@@@@@@@@.......................................................................................................................................................@@
@@...................................@..............@@@@@@@@@@@@................@@@@@@@@@@@.......................................................................................................................................................@@
@@...................................@..............@@@@@@@@@@@..................@@@@@@@@@@@......................................................................................................................................................@@
@@...................................@..............@@@@@@@@@@...................@@@@@@@@@@@.......@@@@@@@@@@@@@@@@@@@@...........................................................................................................................@@
@@...................................@..............@@@@@@@@@.....................@@@@@@@@@@.......@@@@@@@@@@@@@@@@@@@@@..........................................................................................................................@@
@@...................................@..............@@@@@@@@@.....................@@@@@@@@@@.......@@@@@@@@@@@@@@@@@@@@@@.........................................................................................................................@@
@@...................................@..............@@@@@@@@@.....................@@@@@@@@@@.......@@@@@@@@@@@@@@@@@@@@@@@........................................................................................................................@@
@@............................@@@@@@@@@.............@@@@@@@@@.....................@@@@@@@@@@.......@@@@@@@@@@@@@@@@@@@@@@@........................................................................................................................@@
@@............................@@@@@@@@@.............@@@@@@@@@.....................@@@@@@@@@@.......@@@@@@@@@@@@@@@@@@@@@@@..............@@@@@@@@@.........@@@@@@@@@@@@@@@@@@@@@@@@@@@@@@@@@@@.........@@@@@@@@@@..................................@@
@@........@@@@@@@@.........@..@@@@@@@@@.............@@@@@@@@@.....................@@@@@@@@@@.......@@@@@@@@@@@@@@@@@@@@@@@.............@@@@@@@@@@@@@@@@@@@@@@@@@@@@@@@@@@@@@@@@@@@@@@@@@@@@@@.........@@@@@@@@@@@................@@@@@@@@@@@@@@@@@@@
@@........@@@@@@@@.........@..@@@@@@@@@.............@@@@@@@@@.....................@@@@@@@@@@.......@@@@@@@@@@@@@@@@@@@@@@@............@@@@@@@@@@@.........@@@@@@@@@@@@@@@@@@@@@@@@@@@@@@@@@@@.........@@@@@@@@@@@@...............@@@@@@@@@@@@@@@@@@@
@@........@@@@@@@@.........@@.@@@@@@@@@.............@@@@@@@@@.....................@@@@@@@@@@.......@@@@@@@@@@@@@@@@@@@@@@@...........@@@@@@@@@@@@.........@@@@@@@@@@@@@@@@@@@@@@@@@@@@@@@@@@@.........@@@@@@@@@@@@...............@@@@@@@@@@@@@@@@@@@
@@........@@@@@@@@.........@@.@@@@@@@@@.............@@@@@@@@@.....................@@@@@@@@@@.......@@@@@@@@@@@@@@@@@@@@@@@...........@@@@@@@@@@@@.........@@@@@@@@@@@@@@@@@@@@@@@@@@@@@@@@@@@.........@@@@@@@@@@@@...............@@@@@@@@@@@@@@@@@@@
@@........@@@@@@@@.........@@.@@@@@@@@@.............@@@@@@@@@......................@..........................@@@@@@@@@@@@...........@@@@@@@@@@@@.........@@@@@@@@@@@@@@@@@@@@@@@@@@@@@@@@@@@.........@@@@@@@@@@@@...............@@@@@@@@@@@@@@@@@@@
@@........@@@@@@@@.........@@.@@@@@@@@@.............@@@@@@@@@......................@...........................@@@@@@@@@@@...........@@@@@@@@@@@@.........@@@@@@@@@@@@@@@@@@@@@@@@@@@@@@@@@@@.........@@@@@@@@@@@@...............@@@@@@@@@@@@@@@@@@@
@@........@@@@@@@@.........@@.@@@@@@@@@.............@@@@@@@@@......................@............................@@@@@@@@@@...........@@@@@@@@@@@@.........@@@@@@@@@@@@@@@@@@@@@@@@@@@@@@@@@@@.........@@@@@@@@@@@@...............@@@@@@@@@@@@@@@@@@@
@@........@@@@@@@@.........@@.@@@@@@@@@.............@@@@@@@@@......................@............................@@@@@@@@@@...........@@@@@@@@@@@@.........@@@@@@@@@@@@@@@@@@@@@@@@@@@@@@@@@@@.........@@@@@@@@@@@@...............@@@@@@@@@@@@@@@@@@@
@@........@@@@@@@@.........@@.@@@@@@@@@.............@@@@@@@@@......................@............................@@@@@@@@@@...........@@@@@@@@@@@@.....................................................@@@@@@@@@@@@...............@@@@@@@@@@@@@@@@@@@
@@........@@@@@@@@.........@@.@@@@@@@@@.............@@@@@@@@@......................@............................@@@@@@@@@@...........@@@@@@@@@@@.......................................................@@@@@@@@@@@...............@@@@@@@@@@@@@@@@@@@
@@........@@@@@@@@.........@@.@@@@@@@@@.............@@@@@@@@@......................@............................@@@@@@@@@@...........@@@@@@@@@@.........................................................@@@@@@@@@@...............@@@@@@@@@@@@@@@@@@@
@@........@@@@@@@@.........@@.@@@@@@@@@.............@@@@@@@@@...................................................@@@@@@@@@@...........@@@@@@@@@...........................................................@@@@@@@@@...............@@@@@@@@@@@@@@@@@@@
@@........@@@@@@@@.........@@.@@@@@@@@@.............@@@@@@@@@...................................................@@@@@@@@@@...........@@@@@@@@@...........................................................@@@@@@@@@...............@@@@@@@@@@@@@@@@@@@
@@........@@@@@@@@.........@@.@@@@@@@@@.............@@@@@@@@@...................................................@@@@@@@@@@...........@@@@@@@@@...........................................................@@@@@@@@@...............@@@@@@@@@@@@@@@@@@@
@@........@@@@@@@@@........@........................@@@@@@@@@...................................................@@@@@@@@@@...........@@@@@@@@@...........................................................@@@@@@@@@...............@@@@@@@@@@@@@@@@@@@
@@........@@@@@@@@@.................................@@@@@@@@@...................................................@@@@@@@@@@...........@@@@@@@@@...........................................................@@@@@@@@@...............@@@@@@@@@@@@@@@@@@@
@@........@@@@@@@@@.................................@@@@@@@@@...................................................@@@@@@@@@@...........@@@@@@@@@...........................................................@@@@@@@@@...............@@@@@@@@@@@@@@@@@@@
@@........@@@@@@@@@.................................@@@@@@@@@......................@...................................@@............@@@@@@@@@...........................................................@@@@@@@@@...............@@@@@@@@@@@@@@@@@@@
@@........@@@@@@@@@.................................@@@@@@@@@......................@...................................@@............@@@@@@@@@...........................................................@@@@@@@@@...............@@@@@@@@@@@@@@@@@@@
@@........@@@@@@@@@...........@@@@@@@@@.............@@@@@@@@@......................@...................................@@............@@@@@@@@@...........................................................@@@@@@@@@...............@@@@@@@@@@@@@@@@@@@
@@........@@@@@@@@@...........@@@@@@@@@.............@@@@@@@@@......................@...................................@@............@@@@@@@@@...........................................................@@@@@@@@@...............@@@@@@@@@@@@@@@@@@@
@@........@@@@@@@@@...........@@@@@@@@@.............@@@@@@@@@@.....................@............................@@@@@@@@@@...........@@@@@@@@@...........................................................@@@@@@@@@...............@@@@@@@@@@@@@@@@@@@
@@........@@@@@@@@@...........@@@@@@@@@.............@@@@@@@@@@@....................@...........................@@@@@@@@@@@...........@@@@@@@@@...........................................................@@@@@@@@@...............@@@@@@@@@@@@@@@@@@@
@@........@@@@@@@@@...........@@@@@@@@@.............@@@@@@@@@@@@..........@........@..........................@@@@@@@@@@@@...........@@@@@@@@@...........................................................@@@@@@@@@...............@@@@@@@@@@@@@@@@@@@
@@........@@@@@@@@@...........@@@@@@@@@.............@@@@@@@@@@@@@@@@@@@@@@@.......@@@@@@@@@@@@@@@@@@@@@@@@@@@@@@@@@@@@@@@@...........@@@@@@@@@...........................................................@@@@@@@@@...............@@@@@@@@@@@@@@@@@@@
@@........@@@@@@@@@...........@@@@@@@@@.............@@@@@@@@@@@@@@@@@@@@@@@.......@@@@@@@@@@@@@@@@@@@@@@@@@@@@@@@@@@@@@@@@...........@@@@@@@@@...........................................................@@@@@@@@@...............@@@@@@@@@@@@@@@@@@@
@@........@@@@@@@@@...........@@@@@@@@@.............@@@@@@@@@@@@@@@@@@@@@@@.......@@@@@@@@@@@@@@@@@@@@@@@@@@@@@@@@@@@@@@@@...........@@@@@@@@@...........................................................@@@@@@@@@...............@@@@@@@@@@@@@@@@@@@
@@........@@@@@@@@@...........@@@@@@@@@.............@@@@@@@@@@@@@@@@@@@@@@@.......@@@@@@@@@@@@@@@@@@@@@@@@@@@@@@@@@@@@@@@@...........@@@@@@@@@...........................................................@@@@@@@@@...............@@@@@@@@@@@@@@@@@@@
@@........@@@@@@@@@...........@@@@@@@@@.............@@@@@@@@@@@@@@@@@@@@@@@.......@@@@@@@@@@@@@@@@@@@@@@@@@@@@@@@@@@@@@@@@...............................................................................@@@@@@@@@...............@@@@@@@@@@@@@@@@@@@
@@............................@@@@@@@@@.............@@@@@@@@@@@@@@@@@@@@@@@.......@@@@@@@@@@@@@@@@@@@@@@@@@@@@@@@@@@@@@@@@...............................................................................@@@@@@@@@................@@@@@@@@@@@@@...@@
@@............................@@@@@@@@@.............@@@@@@@@@@@@@@@@@@@@@@@.......@@@@@@@@@@@@@@@@@@@@@@@@@@@@@@@@@@@@@@@@...............................................................................@@@@@@@@@................@@@@@@@@@@@@@...@@
@@............................@@@@@@@@@..............@@@@@@@@@@@@@@@@@@@@@@.......@@@@@@@@@@@@@@@@@@@@@@@@@@@@@@@@@@@@@@@................................................................................@@@@@@@@@................@@@@@@@@@@@@@...@@
@@............................@@@@@@@@@...............@@@@@@@@@@@@@@@@@@@@@.......@@@@@@@@@@@@@@@@@@@@@@@@@@@@@@@@@@@@@@.................................................................................@@@@@@@@@................@@@@@@@@@@@@@...@@
@@............................@@@@@@@@@..................................................................................................................................................................@@@@@@@@@................@@@@@@@@@@@@@...@@
@@............................@@@@@@@@@..................................................................................................................................................................@@@@@@@@@................@@@@@@@@@@@@@...@@
@@.......................................................................................................................................................................................................@@@@@@@@@................@@@@@@@@@@@@@...@@
@@.......................................................................................................................................................................................................@@@@@@@@@................@@@@@@@@@@@@@...@@
@@...................................................................................................................................@@@@@@@@@...........................................................@@@@@@@@@................@@@@@@@@@@@@@...@@
@@...................................................................................................................................@@@@@@@@@...........................................................@@@@@@@@@................@@@@@@@@@@@@@...@@
@@...................................................................................................................................@@@@@@@@@...........................................................@@@@@@@@@................@@@@@@@@@@@@@...@@
@@...................................................................................................................................@@@@@@@@@...........................................................@@@@@@@@@................@@@@@@@@@@@@@...@@
@@...................................................................................................................................@@@@@@@@@...........................................................@@@@@@@@@................@@@@@@@@@@@@@...@@
@@..........@@@@@@@@@@@@@@@@@@@@@@@@@@...............................................................................................@@@@@@@@@...........................................................@@@@@@@@@................@@@@@@@@@@@@@...@@
@@..........@@@@@@@@@@@@@@@@@@@@@@@@@@...............................................................................................@@@@@@@@@...........................................................@@@@@@@@@................@@@@@@@@@@@@@...@@
@@..........@@@@@@@@@@@@@@@@@@@@@@@@@@...............................................................................................@@@@@@@@@@..........................................................@@@@@@@@@................@@@@@@@@@@@@@...@@
@@..........@@@@@@@@@@@@@@@@@@@@@@@@@@................................................................................................@@@@@@@@@@........................................................@@@@@@@@@@..@@@@@@@@@@@@@.@@@@@@@@@@@@@...@@
@@..........@@@@@@@@@@@@@@@@@@@@@@@@@@................................................................................................@@@@@@@@@@@......................................................@@@@@@@@@@@..@@@@@@@@@@@@@.@@@@@@@@@@@@@...@@
@@..........@@@@@@@@@@@@@@@@@@@@@@@@@@................................................................................................@@@@@@@@@@@@@@@@@@@@@@@@@@@@@@@@@@@@@@@@@@@@@@@@@@@@@@@@@@@@@@@@@@@@@@@@@@@@..@@@@@@@@@@@@@.@@@@@@@@@@@@@...@@
@@..........@@@@@@@@@@@@@@@@@@@@@@@@@@................................................................................................@@@@@@@@@@@@@@@@@@@@@@@@@@@@@@@@@@@@@@@@@@@@@@@@@@@@@@@@@@@@@@@@@@@@@@@@@@@@..@@@@@@@@@@@@@.................@@
@@..........@@@@@@@@@@@@@@@@@@@@@@@@@@................................................................................................@@@@@@@@@@@@@@@@@@@@@@@@@@@@@@@@@@@@@@@@@@@@@@@@@@@@@@@@@@@@@@@@@@@@@@@@@@@@..@@@@@@@@@@@@@.................@@
@@...........................@@@@@@@@@................................................................................................@@@@@@@@@@@@@@@@@@@@@@@@@@@@@@@@@@@@@@@@@@@@@@@@@@@@@@@@@@@@@@@@@@@@@@@@@@@@..@@@@@@@@@@@@@.................@@
@@...........................@@@@@@@@@................................................................................................@@@@@@@@@@@@@@@@@@@@@@@@@@@@@@@@@@@@@@@@@@@@@@@@@@@@@@@@@@@@@@@@@@@@@@@@@@@@..@@@@@@@@@@@@@.................@@
@@...........................@@@@@@@@@................................................................................................@@@@@@@@@@@@@@@@@@@@@@@@@@@@@@@@@@@@@@@@@@@@@@@@@@@@@@@@@@@@@@@@@@@@@@@@@@@@..@@@@@@@@@@@@@.................@@
@@...........................@@@@@@@@@................................................................................................@@@@@@@@@@@@@@@@@@@@@@@@@@@@@@@@@@@@@@@@@@@@@@@@@@@@@@@@@@@@@@@@@@@@@@@@@@@@..@@@@@@@@@@@@@.................@@
@@...........................@@@@@@@@@.................................................................................................@@@@@@@@@@@@@@@@@@@@@@@@@@@@@@@@@@@@@@@@@@@@@@@@@@@@@@@@@@@@@@@@@@@@@@@@@@...@@@@@@@@@@@@@.................@@
@@@@@@@@@@@@@@@@@@@@@@@@@@@@@@@@@@@@@@@@@@@@@@@@@@@@@@@@@@@@@@@@@@@@@@@@@@@@@@@@@@@@@@@@@@@@@@@@@@@@@@@@@@@@@@@@@@@@@@@@@@@@@@@@@@@@@@@@@@@@@@@@@@@@@@@@@@@@@@@@@@@@@@@@@@@@@@@@@@@@@@@@@@@@@@@@@@@@@@@@@@@@@@@@@@@@@@@@@@@@@@@@@@@@@@@@@@@@@@@@@@@@
@@@@@@@@@@@@@@@@@@@@@@@@@@@@@@@@@@@@@@@@@@@@@@@@@@@@@@@@@@@@@@@@@@@@@@@@@@@@@@@@@@@@@@@@@@@@@@@@@@@@@@@@@@@@@@@@@@@@@@@@@@@@@@@@@@@@@@@@@@@@@@@@@@@@@@@@@@@@@@@@@@@@@@@@@@@@@@@@@@@@@@@@@@@@@@@@@@@@@@@@@@@@@@@@@@@@@@@@@@@@@@@@@@@@@@@@@@@@@@@@@@@@
