type octile
height 274
width 274
map
@@@@@@@@@@@@@@@@@@@@@@@@@@@@@@@@@@@@@@@@@@@@@@@@@@@@@@@@@@@@@@@@@@@@@@@@@@@@@@@@@@@@@@@@@@@@@@@@@@@@@@@@@@@@@@@@@@@@@@@@@@@@@@@@@@@@@@@@@@@@@@@@@@@@@@@@@@@@@@@@@@@@@@@@@@@@@@@@@@@@@@@@@@@@@@@@@@@@@@@@@@@@@@@@@@@@@@@@@@@@@@@@@@@@@@@@@@@@@@@@@@@@@@@@@@@@@@@@@@@@@@@@@@@@@@@@@@
@@@@@@@@@@@@@@@@@@@@@@@@@@@@@@@@@@@@@@@@@@@@@@@@@@@@@@@@@@@@@@@@@@@@@@@@@@@@@@@@@@@@@@@@@@@@@@@@@@@@@@@@@@@@@@@@@@@@@@@@@@@@@@@@@@@@@@@@@@@@@@@@@@@@@@@@@@@@@@@@@@@@@@@@@@@@@@@@@@@@@@@@@@@@@@@@@@@@@@@@@@@@@@@@@@@@@@@@@@@@@@@@@@@@@@@@@@@@@@@@@@@@@@@@@@@@@@@@@@@@@@@@@@@@@@@@@@
@@@@@@@@@@@@@@@@@@@@@@@@@@@@@@@@@.........................................@@@@@@@@@@@@@@@@@@@@@@@@@@@@@@@@@@@@@@@@@@@@@@@@@@@@@@@@@@@...................@@@@@@@@@@@@@@@@@@@@@@@@@@@@@@@@@@@@@@@@@@@@@@@@@@@@@@@@@@@@@@@@@@@@@@@@@@@@@@@@@@@@@@@@@@@@@@@@@@@@@@@@@@@@@@@@@@@@@@@@@@
@@@@@@@@@@@@@@@@@@@@@@@@@@@@@@@@..........................................@@@@@@@@@@@@@@@@@@@@@@@@@@@@@@@@@@@@@@@@@@@@@@@@@@@@@@@@@@@..........@@@@@@@@@@@@@@@@@@@@@@@@@@@@@@@@@@@@@@@@@@@@@@@@@@@@@@@@@@@@@@@@@@@@@@@@@@@@@@@@@@@@@@@@@@@@@@@@@@@@@@@@@@@@@@@@@@@@@@@@@@@@@@@@@@@
@@@@@@@@@@@@@@@@@@@@@@@@@@@@@@@...........................................@@@@@@@@@@@@@@@@@@@@@@@@@@@@@@@@@@@@@@@@@@@@@@@@@@@@@@@@@@@@.....@@@@@@......................@@@@@@@@@@@@@@@@@@@@@@@@@@@@@@@@@@@@@@@@@@@@@@@@@@@@@@@@@@@@@@@@@@@@@@@@@@@@@@@@@@@@@@@@@@@@@@@@@@@@@@@@@@@
@@@@@@@@@@@@@@@@@@@@@@@@@@@@@.............................................@@@@@@@@@@@@@@@@@@@@@@@@@@@@@@@@@@@@@@@@@@@@@@@@@@@@@@@@@@@@.@@@@@@@.........................@@@@@@@@@@@@@@@@@@@@@@@@@@@@@@@@@@@@@@@@@@@@@@@@@@@@@@@@@@@@@@@@@@@@@@@@@@@@@@@@@@@@@@@@@@@@@@@@@@@@@@@@@@@
@@@@@@@@@@@@@@@@@@@@@@@@@@@@..............................................@@@@@@@@@@@@@@@@@@@@@@@@@@@@@@@@@@@@@@@@@@@@@@@@@@@@@@@@@@@@@@@@.............................@@@@@@@@@@@@@@@@@@@@@@@@@@@@@@@@@@@@@@@@@@@@@@@@@@@@@@@@@@@@@@@@@@@@@@@@@@@@@@@@@@@@@@@@@@@@@@@@@@@@@@@@@@@
@@@@@@@@@@@@@@@@@@@@@@@@@@@...............................................@@@@@@@@@@@@@@@@@@@@@@@@@@@@@@@@@@@@@@@@@@@@@@@@@@@@@@@@@@@@.................................@@@@@@@@@@@@@@@@@@@@@@@@@@@@@@@@@@@@@@@@@@@@@@@@@@@@@@@@@@@@@@@@@@@@@@@@@@@@@@@@@@@@@@@@@@@@@@@@@@@@@@@@@@@
@@@@@@@@@@@@@@@@@@@@@@@@@.................................................@@@@@@@@@@@@@@@@@@@@@@@@@@@@@@@@@@@@@@@@@@@@@@@@@@@@@@@@.........................@@@@@@@@@@@@..@@@@@@@@@@@@@@@@@@@@@@@@@@@@@@@@@@@@@@@@@@@@@@@@@@@@@@@@@@@@@@@@@@@@@@@@@@@@@@@@@@@@@@@@@@@@@@@@@@@@@@@@@
@@@@@@@@@@@@@@@@@@@@@@@@..................................................@@@@@@@@@@@@@@@@@@@@@@@@@@@@@@@@@@@@@@@@@@@@@@@@@@@...@............@@@@........@@@@@@@@@@@@@@@..@@@@@@@@@@@@@@@@@@@@@@@@@@@@@@@@@@@@@@@@@@@@@@@@@@@@@@@@@@@@@@@@@@@@@@@@@@@@@@@@@@@@@@@@@@@@@@@@@@@@@@@@
@@@@@@@@@@@@@@@@@@@@@@@...................................................@@@@@@@@@@@@@@@@@@@@@@@@@@@@@@@@@@@@@@@@@@@@@@@.......@@.........@@@@@@........@@@@@@@@@@@@@@@....@@@@@@@@@@@@@@@@@@@@@@@@@@@@@@@@@@@@@@@@@@@@@@@@@@@@@@@@@@@@@@@@@@@@@@@@@@@@@@@@@@@@@@@@@@@@@@@@@@@@@@
@@@@@@@@@@@@@@@@@@@@@......................................................@@@@@@@@@@@@@@@@@@@@@@@@@@@@@@@@@@@@@@@@@@@..........@@......@@@@@@@@@@.......@@@@@@@@@@@@@@@.....@@@@@@@@@@@@@@@@@@@@@@@@@@@@@@@@@@@@@@@@@@@@@@@@@@@@@@@@@@@@@@@@@@@@@@@@@@@@@@@@@@@@@@@@@@@@@@@@@@@@@
@@@@@@@@@@@@@@@@@@@@........................................................@@@@@@@@@@@@@@@@@@@@@@@@@@@@@@@@@@@@@@@@@............@@.....@@@@@@@@@@.......@@@@@@@@@@@@@@@.....@@@@@@@@@@@@@@@@@@@@@@@@@@@@@@@@@@@@@@@@@@@@@@@@@@@@@@@@@@@@@@@@@@@@@@@@@@@@@@@@@@@@@@@@@@@@@@@@@@@@@
@@@@@@@@@@@@@@@@@@..........................................................@@@@@@@@@@@@@@@@@@@@@@@@@@@@@@@@@@@@@@@@.............@@.....@@@@@@@@@@.........@@@@@@@@@@@@......@@@@@@@@@@@@@@@@@@@@@@@@.@@@@@@@@@@@@@@@@@@@@@@@@@@@@@@@@@@@@@@@@@@@@@@@@@@@@@@@@@@@@@@@@@@@@@@@@@@@@
@@@@@@@@@@@@@@@@@............................................................@@@@@@@@@@@@@@@@@@@@@@@@@@@@@@@@@@@@@................@......@@@@@@@@@.........@@@@@@@@@@@@......@@@@@@@@@@@@@@@@@@@@@@@@...@@@@@@@@@@@@@@@@@@@@@@@@@@@@@@@@@@@@@@@@@@@@@@@@@@@@@@@@@@@@@@@@@@@@@@@@@@
@@@@@@@@@@@@@@@@..............................................................@@@@@@@@@@@@@@@@@@@@@@@@@@@@@@@@@@@........................@@@@@@@@@@........@@@@@@@@@@@@......@@@@@@@@@@@@@@@@@@@@@@@@.....@@@@@@@@@@@@@@@@@@@@@@@@@@@@@@@@@@@@@@@@@@@@@@@@@@@@@@@@@@@@@@@@@@@@@@@@
@@@@@@@@@@@@@@................................................................@@@@@@@@@@@@@@@@@@@@@@@@@@@@@@@@@@.........................@@@@@@@@@@........@@@@@@@@@@@@......@@@@@@@@@@@@@@@@@@@@@@@.......@@@@@@@@@@@@@@@@@@@@@@@@@@@@@@@@@@@@@@@@@@@@@@@@@@@@@@@@@@@@@@@@@@@@@@@
@@@@@@@@@@@@@..................................................................@@@@@@@@@@@@@@@@@@@@@@@@@@@@@@@@....................@@.....@@@@@@@@@.................@@@......@@@@@@@@@@@@@@@@@@@@@@@.........@@@@@@@@@@@@@@@@@@@@@@@@@@@@@@@@@@@@@@@@@@@@@@@@@@@@@@@@@@@@@@@@@@@@@
@@@@@@@@@@@@....................................................................@@@@@@@@@@@@@@@@@@@@@@@@@@@@@......................@@.....@@@@@@.............................@@@@@@@@@@@@@@@@@@@@@@@...........@@@@@@@@@@@@@@@@@@@@@@@@@@@@@@@@@@@@@@@@@@@@@@@@@@@@@@@@@@@@@@@@@@@
@@@@@@@@@@......................................................................@@@@@@@@@@@@@@@@@@@@@@@@@@@@........................@.....@@@................................@@@@@@@@@@@@@@@@@@@@@@@.............@@@@@@@@@@@@@@@@@@@@@@@@@@@@@@@@@@@@@@@@@@@@@@@@@@@@@@@@@@@@@@@@@
@@@@@@@@@........................................................................@@@@@@@@@@@@@@@@@@@@@@@@@@.........................@@.......................................@@@@@@@@@@@@@@@@@@@@@@...............@@@@@@@@@@@@@@@@@@@@@@@@@@@@@@@@@@@@@@@@@@@@@@@@@@@@@@@@@@@@@@@@
@@@@@@@@..........................................................................@@@@@@@@@@@@@@@@@@@@@@@@..............@....................................................@@@@@@@@@@@@@@@@@@@@@@.................@@@@@@@@@@@@@@@@@@@@@@@@@@@@@@@@@@@@@@@@@@@@@@@@@@@@@@@@@@@@@@
@@@@@@...........................................................................@@@@@@@@@@@@@@@@@@@@@@@..............@@@@..............................................@@...@@@@@@@@@@@@@@@@@@@@@@...................@@@@@@@@@@@@@@@@@@@@@@@@@@@@@@@@@@@@@@@@@@@@@@@@@@@@@@@@@@@@
@@@@@............................................................................@@...@@@@@@@@@@@@@@@@@.............@@@@@@@.............................................@@@@.@@@@@@@@@@@@@@@@@@@@@@...................@@@@@@@@@@@@@@@@@@@@@@@@@@@@@@@@@@@@@@@@@@@@@@@@@@@@@@@@@@@@
@@@..............................................................................@@........@@@@@@@@@@@.............@@@@@@@@.............................................@@@@.@@@@@@@@@@@@@@@@@@@@@....................@@@@@@@@@@@@@@@@@@@@@@@@@@@@@@@@@@@@@@@@@@@@@@@@@@@@@@@@@@@@
@@...............................................................................@@...........@@@@@@...............@@@@@@@@............@..................................@@..@@@@@@@@@@@@@@@@@@@@.....................@@@@@@@@@@@@@@@@@@@@@@@@@@@@@@@@@@@@@@@@@@@@@@@@@@@@@@@@@@@
@@...............................................................................@...........@@@@..................@@@@@@@@@...........@........................................@@@@@@@@@@@@@@@@@@.....................@@@@@@@@@@@@@@@@@@@@@@@@@@@@@@@@@@@@@@@@@@@@@@@@@@@@@@@@@@@
@@...............................................................................@............@@@@.................@@@@@@@@@...........@@.....................................@@@..@@@@@@@@@@@@@@@......................@@@@@@@@@@@@@@@@@@@@@@@@@@@@@@@@@@@@@@@@@@@@@@@@@@@@@@@@@@
@@...............................................................................@............@@@@..................@@@@@@@@...........@@.........@@@@@@@@@@@@.....@........@@@@..@@@@@@@@@@@@@@@@......................@@@@@@@@@@@@@@@@@@@@@@@@@@@@@@@@@@@@@@@@@@@@@@@@@@@@@@@@@@
@@..............................................................................@@............@@@@..................@@@@@@..............@@........@@@@@@@@@@@@.....@@@@@@@@@@@....@@@@@@@@@@@@@@@........................@@@@@@@@@@@@@@@@@@@@@@@@@@@@@@@@@@@@@@@@@@@@@@@@@@@@@@@@@
@@..............................................................................@@.............@@@...................@@@@...............@@..@...........................@@@.......@@@@@@@@@@@@@@@........................@@@@@@@@@@@@@@@@@@@@@@@@@@@@@@@@@@@@@@@@@@@@@@@@@@@@@@@@@
@@..............................................................................@@.......................................................@@@@.....................................@@@@@@@@@@@@@@@..........................@@@@@@@@@@@@@@@@@@@@@@@@@@@@@@@@@@@@@@@@@@@@@@@@@@@@@@@
@@..............................................................................@......................................................@@@@.......................................@@@@@@@@@@@@@@@...........................@@@@@@@@@@@@@@@@@@@@@@@@@@@@@@@@@@@@@@@@@@@@@@@@@@@@@@
@@...................................................................................................................................@@@.........................................@@@@@@@@@@@@@@@.............................@@@@@@@@@@@@@@@@@@@@@@@@@@@@@@@@@@@@@@@@@@@@@@@@@@@@@
@@..................................................................................................................................@@@..........................................@@@@@@@@@@@@@@@..............................@@@@@@@@@@@@@@@@@@@@@@@@@@@@@@@@@@@@@@@@@@@@@@@@@@@@
@@.................................................................................................................................@@@...........................................@@@@@@@@@@@@@@@................................@@@@@@@@@@@@@@@@@@@@@@@@@@@@@@@@@@@@@@@@@@@@@@@@@@
@@...............................................................................................................................................................................@@@@@@@@@@@@@@@..................................@@@@@@@@@@@@@@@@@@@@@@@@@@@@@@@@@@@@@@@@@@@@@@@@
@@..............................................................................................................................................................................@@@@@@@@@@@@@@@@....................................@@@@@@@@@@@@@@@@@@@@@@@@@@@@@@@@@@@@@@@@@@@@@@
@@...............................................................................................................................................................................@@@@@@@@@@@@@@.......................................@@@@@@@@@@@@@@@@@@@@@@@@@@@@@@@@@@@@@@@@@@@@
@@......................................................................................................................................................@@@@@@@@@@@@...............@@@@@@@@@@@@.........................................@@@@@@@@@@@@@@@@@@@@@@@@@@@@@@@@@@@@@@@@@@
@@......................................................................................................................................................@@@@@@@@@@@@@@.........@@@....@@@@@@@@@..........................................@@@@@@@@@@@@@@@@@@@@@@@@@@@@@@@@@@@@@@@@@
@@............................................................................@.........................................................................@@@@@.@@@@@@@@.........@@@@@....@@@@@@@..........................................@@@@@@@@@@@@@@@@@@@@@@@@@@@@@@@@@@@@@@@@@
@@............................................................................@................................................................................@@@@@@@@........@@@@@@@....@@@@............................................@@@@@@@@@@@@@@@@@@@@@@@@@@@@@@@@@@@@@@@@
@@...........................................................................@@...........................................@.....................................@@@@@@@........@@@@@@@@@@...@@@@...........................................@@@@@@@@@@@@@@@@@@@@@@@@@@@@@@@@@@@@@@@
@@...........................................................................@@..........................................@@......................................@@@@@@........@@@@@@@@@@@@....@@@@.........................................@@@@@@@@@@@@@@@@@@@@@@@@@@@@@@@@@@@@@@
@@...........................................................................@..........................................@@@...............@@@@@@@.................@@@@@........@@@@@@@@@@@@@@....@@..........................................@@@@@@@@@@@@@@@@@@@@@@@@@@@@@@@@@@@@@
@@..........................................................................@@.........................................@@@...............@@....@@@................@@@@@........@@@@@@@@@@@@@@@@..........................@@..................@@@@@@@@@@@@@@@@@@@@@@@@@@@@@@@@@@@@@
@@..........................................................................@@........................................@@@...............@@.......@@@..............@@@@@........@@@@@@@@@@@@@@@@@@.......................@@@@..................@@@@@@@@@@@@@@@@@@@@@@@@@@@@@@@@@@@@
@@..........................................................................@........................................@@@...............@@@........@@@.............@@@@@........@@@@@@@@@@@@@@@@.@@.....................@@@@@@..................@@@@@@@@@@@@@@@@@@@@@@@@@@@@@@@@@@@
@@........................................................................@@@.......................................@@@...............@@@@@@.@@@...@@@.............@@@@.......@@@@@@@@@@@@@@@@@.......................@@@@@@@@..................@@@@@@@@@@@@@@@@@@@@@@@@@@@@@@@@@@
@@.......................................................................@@@@@@....................................@@@...............@@@@@@@@@@@@...@@@............@@@@.......@@@@@@@@@@@@@@@@@......................@@@@@@@@@@.................@@@@@@@@@@@@@@@@@@@@@@@@@@@@@@@@@@
@@.......................................................................@@@@@@...................................@@@...............@@@@@@@@@@@@@..@@.@@@..........@@@@.......@@@@@@@@@@@@@@@@@......................@@@@@@@@@@..................@@@@@@@@@@@@@@@@@@@@@@@@@@@@@@@@@
@@......................................................................@@@@@@@@.................................@@@...............@@@@@@@@@@@@@@..@@@.@@@....................@@@@@@@@@@@@@@@@@......................@@@@@@@@@@...................@@@@@@@@@@@@@@@@@@@@@@@@@@@@@@@@
@@......................................................................@@@@@@@@................................@@@...............@@@@@@@@@@@@@@...@@...@@....................@@@@@@@@@@@@@@@.........................@@@@@@@@.....................@@@@@@@@@@@@@@@@@@@@@@@@@@@@@@@
@@......................................................................@@@@@@@@...............................@@@...............@@.@@@@@@@@@@@@..............................@@@@@@@@@@@@@@...........................@@@@@@.......................@@@@@@@@@@@@@@@@@@@@@@@@@@@@@@
@@.....................................................................@@@@@@@@@..............................@@@...................@@@@@@@@@@@...............................@@@@@@@@@@@@@@............................@@@@........................@@@@@@@@@@@@@@@@@@@@@@@@@@@@@@
@@.....................................................................@@@@@@@@@.............................@@@.....................@@@@@@@@@......@@.......................@@@@@@@@@@@@@@..........................................................@@@@@@@@@@@@@@@@@@@@@@@@@@@@@
@@.....................................................................@@@@@@@@@@......@@...................@@@.......................@@@@@@@@.....@@@@@@....................@@@@@@@@@@@@@@...........................................................@@@@@@@@@@@@@@@@@@@@@@@@@@@@
@@.....................................................................@@@@@@@@@@....@@@@@.................@@@..........................@@@@@......@@@@@@@@..................@@@@@@@@@@@@@@............................................................@@@@@@@@@@@@@@@@@@@@@@@@@@@
@@.....................................................................@@@@@@@@@@....@@@@@@...............@@@............................@@@.......@@@@@@@@..................@@@@@@@@@@@@@@............................................................@@@@@@@@@@@@@@@@@@@@@@@@@@@
@@.....................................................................@@@@@@@@@@.....@@@@@..............@@@......................................@@@@@@@@@..................@@@@@@@@@@@@@..............................................................@@@@@@@@@@@@@@@@@@@@@@@@@@
@@.....................................................................@@@@@@@@@@.....@@@@@@............@@@...............@@......................@@@@@@@@@..................@@@@@@@@@@@@@...............................................................@@@@@@@@@@@@@@@@@@@@@@@@@
@@.....................................................................@@@@@@@@@@......@@@@@...........@@@...............@@@......................@@@@@@@@..................@@@@@@@@@@@@@@................................................................@@@@@@@@@@@@@@@@@@@@@@@@
@@....................................................................@@@@@@@@@@.......@@@@..........@@@@...............@@@.......................@@@@@@@@..................@@@@@@@@@@@@@@.................................................................@@@@@@@@@@@@@@@@@@@@@@@
@@....................................................................@@@@@@@@@@........@...........@@@................@@@.........................@@@@@@@..................@@@@@@@@@@@@@@.................................................................@@@@@@@@@@@@@@@@@@@@@@@
@@....................................................................@@@@@@@@@@....................@.................@@@...@@@......................@@@@...................@@@@@@@@@@@@@@..................................................................@@@@@@@@@@@@@@@@@@@@@@
@@....................................................................@@@@@@@@@......................................@@@..@@@@@@............................................@@@@@@@@@@@@@...................................................................@@@@@@@@@@@@@@@@@@@@@@
@@....................................................................@@@@@@@@@.....................................@@@.@@@@@@@@............................................@@@@@@@@@@@@@............@@....................................................@@@@@@@@@@@@@@@@@@@@@@@
@@...................................................................@@@@@@@@@@............@@@.....................@@@@@@@@@@@@@@...........................................@@@@@@@@@@@@@............@@....................................................@@@@@@@@@@@@@@@@@@@@@@@
@@..................................................................@@@@@@@@@@@........@@@@@@@....................@@@.@@@@@@@@@@@...........................................@@@@@@@@@@@@@..................................................................@@@@@@@@@@@@@@@@@@@@@@@
@@.................................................................@@@...@@@@@@@@@@@@@@@@@.......................@@....@@@@@@@@@@@..........................................@@@@@@@@@@@@@..................................................................@@@@@@@@@@@@@@@@@@@@@@@
@@................................................................@@@...........@@@@@@..........................@@.....@@@@@@@@@@@................................@.........@@@@@@@@@@@@@..................................................................@@@@@@@@@@@@@@@@@@@@@@@
@@...............................................................@@@...........................................@@.......@@@@@@@@@@@..............................@@........@@@@@@@@@@@@@..................................................................@@@@@@@@@@@@@@@@@@@@@@@@
@@..............................................................@@@...........................................@@........@@@@@@@@@@@..............................@@........@@@@@@@@@@@@@..................................................................@@@@@@@@@@@@@@@@@@@@@@@@
@@........................................................................................................@@@@@@.........@@@@@@@@@@@.............................@@........@@@@@@@@@@@@@....................................@...................@@@@@@@@@@@@@@@@@@@@@@@@@@@@@@@@@@
@@........................................................................................................@@@@@..........@@@@@@@@@@@...........................@@@@........@@@@@@@@@@@@@.................................@..@@......@@@@@@@@@@@@@@@@@@@@@@@@@@@@@@@@@@@@@@@@@@@@@@
@@.......................................................................................................@@@@@@..........@@@@@@@@@@..........................@@@@@.........@@@@@@@@@@@@@.............................@@@@@@..@@@@@@@@@@@@@@@@@@@@@@@@@@@@@@@@@@@@@@@@@@@@@@@@@@@@@
@@......................................................................................................@@@@@@@...........@@@@@@............................@@@@@@.........@@@@@@@@@@@@@............................@@@@@@@..@@@@@@@@@@@@@@@@@@@@@@@@@@@@@@@@@@@@@@@@@@@@@@@@@@@@@
@@@....................................................................................................@@@@@@@@............@@@@...@@......................@@@@@@@@.........@@@@@@@@@@@@.............................@@@@@@@@.@@@@@@@@@@@@@@@@@@@@@@@@@@@@@@@@@@@@@@@@@@@@@@@@@@@@@
@@@@@@.................................................................................................@@@@@@@@............@@.....@@@.....................@@@@@@@@.........@@@@@@@@@@@@.........................@@@@@@@@@@@@..@@@@@@@@@@@@@@@@@@@@@@@@@@@@@@@@@@@@@@@@@@@@@@@@@@@@
@@@@@@@@@@.................................................................................@@...........@@@@@@@@.................@@@@.....................@@@@@@@@........@@@@@@@@@@@@@......................@@@@@@@@@@@@@@@@.@@@@@@@@@@@@@@@@@@@@@@@@@@@@@@@@@@@@@@@@@@@@@@@@@@@@
@@@@@@@@@@@@@.............................................................................@@@...........@@@@@@@@@@................@@..................@@..@@@@@@@.........@@@@@@@@@@@@@...................@@@@@@@@@@@@@@@@@@@..@@@@@@@@@@@@@@@@@@@@@@@@@@@@@@@@@@@@@@@@@@@@@@@@@@@
@@@@@@@@@@@@@@...........................................................................@@@@...........@@@@@...@@@..................................@@@@.@@@@@@.........@@@@@@@@@@@@@@@@..............@@@@@@@@@@@@@@@@@@@@@@@.@@@@@@@@@@@@@@@@@@@@@@@@@@@@@@@@@@@@@@@@@@@@@@@@@@@
@@@@@@@@@@@@@@@@@@@@@@@@@.........@@@.........@@@@@@....................................@@@@@............@@@......@@@...............................@@@@@@@@@@@@.........@@@@@@@@@@@@@@@@@..........@@@@@@@@@@@@@@@@@@@@@@@@@@..@@@@@@@@@@@@@@@@@@@@@@@@@@@@@@@@@@@@@@@@@@@@@@@@@@
@@@@@@@@@@@@@@@@@@@@@@@@@........@@@@@@@@@.@@@@@@@@@@@..................................@@@@.............@@........@@...............................@@@@..@@@@@@........@@@@@@@@@@@@@@@@@@@......@@@@@@@@@@@@@@@@@@@@@@@@@@@@@@.@@@@@@@@@@@@@@@@@@@@@@@@@@@@@@@@@@@@@@@@@@@@@@@@@@
@@@@@@@@@@@@@@.....................@@@@@@@@@@@@@@@@@@@@.................................@@@@........................................................@@@@..@@@@@.........@@@@@@@@@@@@@@@@@@@@.@@@@@@@@@@@@@@@@@@@@@@@@@@@@@@@@@@..@@@@@@@@@@@@@@@@@@@@@@@@@@@@@@@@@@@@@@@@@@@@@@@@@
@@@@@@@@@@@@@@@.........................@@@@@@@@@@@@@@@@...............................................................@@............................@@@...@@@.........@@@@@@@@@@@@@@@@@@@@@@@@@@@@@@@@@@@@@@@@@@@@@@@@@@@@@@@@..@@@@@@@@@@@@@@@@@@@@@@@@@@@@@@@@@@@@@@@@@@@@@@@@@
@@@@@@@@@@@@@@@...........................@@@@@@@@@@@@@@@@...................................................@@@........@@@................................@@@.........@@@@@@@@@@@@@@@@@@@@@@@@@@@@@@@@@@@@@@@@@@@@@@@@@@@@@@@@@..@@@@@@@@@@@@@@@@@@@.@@@@@@@@@@@@@@@@@@@@@@@@@@@@
@@@@@@@@@@@@@@@............................@@@@@@@@@@@@@@@@.........................................@@......@@@@@........@@@..............................@@@.........@@@@@@@@@@@@@@@@@@@@@@@@@@@@@@@@@@@@@@@@@@@@@@@@@@@@@@@@@@..@@@@@@@@@@@@@@.@@.....@@@@@@@@@@@@@@@@@@@@@@@@@@
@@@@@@@@@@@@@@@.............................@@@@@@@@@@@@@@@..........................................@.....@@@@@@@.........@@@............................@@.........@@@@@@@@@@@@@@@@@@@@@@@@@@@@@@@@@@@@@@@@@@@@@@@@@@@@@@@@@@@@..@@@@@@@..@@@@@@@..........@@@@@@@@@@@@@@@@@@@@@
@@@@@@@@@@@@@@@..............................@@@@@@@@@@@@@@..........................................@....@@@@@@@...........@@@..........................@@..........@@@@@@@@@@@@@@@@@@@@@@@@@@@@@@@@@@@@@@@@@@@@@@@@@@@@@@@@@@@@..@@.@@@@@@@@@@..................@@@@@@@@@@@@@@@@
@@@@@@@@@@@@@@@...............................@@@@@@@@@@@@@..........................................@....@@@@@@..............@@........................@@@.........@@@@@@@@@@@@@@@@@@@@@@@@@@@@@@@@@@@@@@@@@@@@@@@@@@@@@@@@@@..@@..@@@@@@..........................@@@@@@@@@@@@@@
@@@@@@@@@@@@@@@@...............................@@@@@@@@@@@@..........................................@.....@@@@........................................@@@.........@@@@@@@@@@@@@@@@@@@@@@@@@@@@@@@@@@@@@@@@@@@@@@@@@@@@@@@@@@@@@@@..@...............................@@@@@@@@@@@@@@
@@@@@@@@@@@@@@@@................................@@@@@@@@@@.................@@@.......................@@.....@@.........................................@@..........@@@@@@@@@@@@@@@@@@@@@@@@@@@@@@@@@@@@@@@@@@@@@@@@@@@@@.........@@..............................@@@@@@@@@@@@@@@@@
@@@@@@@@@@@@@@@@.................................@......................@@@@@@@@@.....................@...............................................@@..........@@@@@@@@@@@@@@@@@@@@@@@@@@@@@@@@@@@@@@@@.@@@@@@@@.............................@@..@@@@@@@@.....@@@@@@@@@@@@@@@@@
@@@@@@@@@@@@@@@@@......................................................@@@@@@@@@@@@...................@@............................@@............................@@@@@@@@@@@@@@@@@@@@@@@@@@@@@@@@@@@@@@@@@@@@............................@@@@@@@@..@@..............@@@@@@@@@@@@@@
@@@@@@@@@@@@@@@@@@@...................................................@@@@@@@@@@@@@@@@.................@@............................@@..........................@@@@@@@@@@@@@@@@@@@@@@@@@@@@@@@@@@@@@@@@@...............................@@.........................@@@@@@@@@@@@@@
@@@@@@@@@@@@@@@@@@@@@................................................@@@@@@@@@@@@@@@@@.................@@.............................@@........................@@@@@@@@@@@@@@@@@@@@@@@@@@@@@@@@@@@@@@..................................@@..........................@@@@@@@@@@@@@@
@@@@@@@@@@@@@@@@@@@@@@@.............................................@@@@@@@@@@@@@@@@@@@.................@.............................@@........................@@@@@@@@@@@@@@@@@@@@@@@@@@@@@@@@@@@@....................................@@..................@@@......@@@@@@@@@@@@@
@@@@@@@@@@@@@@@@@@@@@@@@...........................................@@@@@@@@@@@@@@@@@@@@@.....................................................@.................@@@@@@@@@@@@@@@@@@@@@@@@@@@@@@@@@@.......................................@....@@@..........@@@@@......@@@@@@@@@@@@@
@@@@@@@@@@@@@@@@@@@@@@@............................................@@@@@@@@@@@@@@@@@@@@@@..................................................@@@@...............@@@@@@@@@@@@@@@@@@@@@@@@@@@@@@@@@.........................................@....@@@........@@@@@@@@.....@@@@@@@@@@@@@
@@@@@@@@@@@@@@@@@@@@@@@............................................@@@@@@@@@@@@@@@@@@@@@@...........................................@@...@@@@@@..............@@@@@@@@@@@@@@@@@@@@@@@@@@@@@@@@@........................@@@@@.............@...@@@@......@@@@@@@@@@.....@@@@@@@@@@@@@
@@@@@@@@@@@@@@@@@@@@@@.............................................@@@@@@@@@@@@@@@@@@@@@@...................@@...................@@@@@.@@@@@@@@.............@@@@@@@@@@@@@@@@@@@@@@@@@@@@@@@@....................@@@@@@@@@@@@@@@.........@....@@@......@@@@@@@@@@@....@@@@@@@@@@@@@
@@@@@@@@@@@@@@@@@@@@@@.............................................@@@@@@@@@@@@@@@@@@@@@....................@@@...............@@@@@@@@@@@@@@@@............@@@@@@@@@@@@@@@@@@@@@@@@@@@@@@@@@.....................@@@@@@@@@@@@@@@.........@....@@@......@@@@@@@@@@@.....@@@@@@@@@@@@
@@@@@@@@@@@@..@@@@@@@..............................................@@@@@@@@@@@@@@@@@@@@@.....................@@@...........@@@@@@@@@@@@@@@@@@@...........@@@@@@@@@@@@@@@@@@@@@@@@@@@@@.@@@......................@@@@@@@@@@@@@@@.........@..............@@@@@@@@@@@....@@@@@@@@@@@@
@@@@@@@@@@@@....@@@@@...............................................@@@@@@@@@@@@@@@@@@@.......................@@@.........@@@@@@@@@@@@@@@@@@@...........@@@@@@@@@@@@@@@@@@@@@@@@@@@@@@@@.........................@@@@@@@@@@@@@@.........@...............@@@@@@@@@@....@@@@@@@@@@@@
@@@@@@@@@.........@@................................................@@@@@@@@@@@@@@@@@@@........................@@@........@@@@@@@@@@@@@@@@@@...........@@@@@@@@@@@@@@@@@@@@@@@@@@@@@@@@............................@@@@@@@@@@@@.........................@@@@@@@@@@@...@@@@@@@@@@@@
@@@@................................................................@@@@@@@@@@@@@@@@@@@.........................@@........@@@@@@@@@@@@@@@@@...........@@@@@@@@@@@@@@@@@@@@@@@@@@@@@@@@...............................@@@@@@@@@@..........................@@@@@@@@@@@..@@@@@@@@@@@@
@@..................................................................@@@@@@@@@@@@@@@@@@.....................................@@@@@@@@@@@@@@@...........@@@@@@@@@@@@@@@@@@@@@@@@@@@@@@@..........................................@..........................@@@@@@@@@@@..@@@@@@@@@@@@
@@....................................................................@@@@@@@@@@@@@@@@.............................@@......@@@@@@@@@@@@@............@@@@@@@@@@@@@@@@@@@@@@@@@@@@@@@...........................................@...........................@@@@@@@@@....@@@@@@@@@@@
@@....................................@@...............................@@@@@@@@@@@@@@..............................@@@.....@@@@@@@@@@@@@...........@@@@@@@@@@@@@@@@@@@@@@@@@@@@@@@............................................@..............................@@@@......@@@@@@@@@@@
@@....................................@@................................@@@@@@@@@@@@@...............................@@@.....@@@@@@@@..............@@@@@@@@@@@@@@@@@@@@@@@@@@@@@@@.............................................@.........@@...................@@........@@@@@@@@@@@
@@....................................@@@@@@@.............................@@@@@@@@@@@................................@@@@@@@@@@@@................@@@@@@@@@@@@@@@@@@@@@@@@@@@@@@@...........................@..................@.........@@.............................@@@@@@@@@@@
@@....................................@@@@@@@@.............................@@@@@@@@@....................................@@@@@@..................@@@@@@@@@@@@@@@@@@@@@@@@@@@@@@..........@@@@..............@@@.................@.........@@.............................@@@@@@@@@@@
@@.....................................@@@@@@@@@@@..........................@@@@@@@@...........................................................@@@@@@@@@@@@@@@@@@@@@@@@@@@@@@..........@@@@@@............@@@@@................@.........@@......................@@.....@@@@@@@@@@@
@@.....................................@@@@@@@@@@@@@@.........................................................................................@@@@@@@@@@@@@@@@@@@@@@@@@@@@@@..........@@@@@@@...........@@@@@@@...............@.........@@..................@@@@@@......@@@@@@@@@@
@@.....................................@@@@@@@@@@@@@@.........................................@@............................................@@@@@@@@@@@@@@@@@@@@@@@@@@@@@@@..........@@@@@@@...........@@@@@@@@@........................@@...............@@@@@@@@@@.....@@@@@@@@@@
@@......................................@@@@.................................................@@@@@.........................................@@@@@@@@@@@@@@@@@@@@@@@@@@@@@@@..........@@@@@@@@..........@@@@@@@@@@........................@@..............@@@@@@@@@@@.....@@@@@@@@@@
@@..............................................................@@@..........................@@@@@@@......................................@@@@@@@@@@@@@@@@@@@@@@@@@@@@@@@..........@@@@@@@@@..........@@@@@@@@@@........................@@..............@@@@@@@@@@@.....@@@@@@@@@@
@@........@@@...................................................@@@@@.......................@@@@@@@@@....................................@@@@@@@@@@@@@@@@@@@@@@@@@@@@@@@..........@@@@@@@@@............@@@@@@@@..........................@..............@@@@@@@@@@@.....@@@@@@@@@@
@@........@@@@@@.................................................@@@@@@.....................@@@@@@@@@...................................@@@@@@@@@@@@@@@@@@@@@@@@@@@@@@@...........@@@@@@@@@.............@@@@@@...........................@................@@@@@@@@@.....@@@@@@@@@@
@@........@@@@@@@..................................................@@@@@@@.................@@@@@@@@@@..................................@@@@@@@@@@@@@@@@@@@@@@@@@@@@@@@............@@@@@@@@...............@@@@............................@................@@@@@@@@@@.....@@@@@@@@@
@@.......@@@@@@@@@....................................................@@@@@................@@@@@@@@@...............................@@@@@@@@@@@@@@@@@@@@@@@@@@@@@@@@@@..............@@@@@@.................@@@............................@................@@@@@@@@@@.....@@@@@@@@@
@@.......@@@@@@@@.......................................................@@@@@...............@@@@@@@@..........@@...................@@@.@@@@@@@@@@@@@@@@@@@@@@@@@@@@@..................@@@@...............................................@................@@@@@@@@@@.....@@@@@@@@@
@@.......@@@@@@@@.........................................................@@@@...............@@@@@@..........@@@@.....................@@@@@@@@@@@@@@@@@@@@@@@@@@@@......................@@@..............................................@................@@@@@@@@@@.....@@@@@@@@@
@@......@@@@@@@@@......................................@@..................@@...................@@...........@@@@...................@@@@@@@@@@@@@@@@@@@@@@@@@@@@@@........................@..............................................@.................@@@@@@@@@.....@@@@@@@@@
@@......@@@@@@@@@.......................@@@@@.......@@@@@@@@.................................................@@@@...................@@@@@@@@@@@@@@@@@@@@@@@@@@@@@............................@@..........................................@.................@@@@@@@@@.....@@@@@@@@@
@@........@@@@@@............@@@.......@@@@@@@@@@@@@@@@@@@@@@@@...............................................@@@@....................@@@@@@@@@@@@@@@@@@@@@@@@@@@..............................@@@........................................@.................@@@@@@@........@@@@@@@@
@@...........@@@...........@@@@@.....@@@@@@@@@@@@@@@@@@@@@@@@@@..............................................@@@@....................@@@@@@@@@@@@@@@@@@@@@@@@@@.................................@@.......................................@.................@@.............@@@@@@@@
@@.........................@@@@@@...@@@@@@@@@@@@@@@@@@@@@@@@@@@@.............................................@@@@.....................@@@@@@@@@@@@@@@@@@@@@@@@..................................@@@.......................................................................@@@@@@@@
@@........................@@@@@@@..@@@@@@@@@@@@@@@@@@@@@@@@@@@@@@.............................................@@@......................@@@@@@@@@@@@@@@@@@@@@@@........@@.........................@@..............@@..@@@@@.........................................@@@.....@@@@@@@
@@........................@@.@@@@.@@@@@@@@@@@@@@@@@@@..@@@@@@@@@@@...........................................@@@@.......................@@@@@@@@@@@@@@@@@@@@@.........@@.......................................@@@@..@@@@@@@@.......................................@@@@@@@@@@@@@@
@@.......................@@@......@@@@@@@@@@@@@.........@@@@@@@@@@...........................................@@@@........................@@@@@@@@@@@@@@@@@@@.........@@@....................................@@@@@........................................@@@@@@...@@@@@@@@@@@@@@@@
@@.......................@@.....@@@@@@@@@................@@@@@@@@@......................@@..................@@@@..........................@@@@@@@@@@@@@@@@@.........@@@@....................................@@..........................@@@@@@@@@@@@.....@@@@@@...@.........@@@@@@
@@..........@@...........@@.....@@@@@@@@@.................@@@@@@@.......................@@@.................@@@............@@@@@...........@@@@@@@@@@@@@@@.........@@@@................................@@@...............................@@@@@@@@@@@.....@@@@@@...............@@@@
@@..........@@@.................@@@@@@@@..................@@@@@@@.....@@@................@@@...............@@@@............@@@@@@...........@@@@@@@@@@@@@@.........@@@@..............................@@@@................................@@@@@@@@@@@..........................@.@@
@@..........@@...................@@@@@@@...................@@@@@......@@@@...............@@@...............@@@............@@@@@@@@............@@@@@@@@@@@.........@@@@................................@..................................@@@..................................@.@@
@@.........@@@....................@@@@@......................@@@.....@@@@@@...............@@@...............@.............@@@@@@@@@...........@@@@@@@@@@.........@@@@@................................@......................................................................@@.@@
@@.........@@.....................@@@@.......................@@......@@@@@@@...............@@@...........................@@@@@@@@@@@............@@@@@.@..........@@@@.................................@@.....................................................................@@.@@
@@........@@@......................@@@..............................@@@@@@@@@@@............@@@@.........................@@@@@@@@@@@@@............@@@.@@..........@@@@.................................@@.....................................................................@@.@@
@@........@@@...........@@.........................................@@@@@@@@@@@@.............@@@.........................@@@@@@@@@@@@@@...............@@.........@@@@@.................................@@.....................................................................@@.@@
@@.......@@@............@@@......................@@@@..............@@@@@@@...@@@@@...........@@@.......................@@@@@@@@@@@@@@@@..............@..........@@@@@.................................@@.....................................................................@@.@@
@@.......@@@.............@@@.................@@@@@@@@@@............@@@@@@.....@@@@@@..........@@......................@@@@@@@@@@@@@@@@@@........................@@@@@@.................................@.....................................................................@..@@
@@.......@@..............@@@@...............@@@@@@..@@@@............@@@@.......@@@@@@.........@@@...................@@@@@@@@@@@@@@@@@@@@@.......................@@@@@@.......................................................................................................@..@@
@@.......................@@@@.............@@@@.......@@@@............@@........@@@@@@..........@@..................@@@@@@@@@@@@@@@@@@@@@@@......................@@@@@@................................................................................@@@@@@@@...............@..@@
@@......................@@@@@@............@@...........@@@......................@@@@@@.........@@.................@@@@@@@@@@@@@@@@@@@@@@@@@.....................@@@@@@................................................................................@@@@@@@@..............@@..@@
@@.....................@@@@@@@@..........@@@............@@.......................@@@@@@........@@@...............@@@@@@@@@@@@@@@@@@@@@@@@@@@.....................@@@@................................................................@@...............@@@@@@@@..............@@..@@
@@.....................@@@@@@@@.........@@@.............@@..............@.........@@@@@.........@@..............@@@@@@@@@@@@@@@@@@@@@@@@@@@@......................@@.................................................................@................@@@@@@@@..............@@..@@
@@....................@@@@@@@@@.........@@..............@@@............@@@.........@@@@@........@@.............@@@@@@@@@@@@@@@@@@@@@@@@@@@@@........................................................................................@@................@@@@@@@@..............@@..@@
@@....................@@@@@@@@@.........@@..............@@@.............@@@.........@@@@......................@@@@@@@@@@@@@@@@@@@@@@@@@@@....@......................................................................................@@................@@@@@@@@..............@@..@@
@@...................@@@@@@@@............................@@.............@@@@........@@@@@....................@@@@@@@@@@@@@@@@@@@@@@@@@@..@@@@@@.....................................................................................@@................@@@@@@@@..............@...@@
@@...................@@@@@@@.............................................@@@@........@@@@...................@@@@@@@@@@@@@@@@@@@@@@@@@@...@@.............................................................@@.........................@@.................@@@@@@@@..............@...@@
@@..................@@@@@@@@..............................................@@@@.......@@@@@.................@@@@@@@@@@@@@@@@@@@@@@@@@@...................................................................@@.........................@@.......................................@...@@
@@..................@@@@@@@..@@............................................@@@........@@@@................@@@@@@@@@@@@@@@@@@@@@@@@@@.....................................................................@.........................@@......................................@@...@@
@@..................@@@@@@@..@@..................@@@@.......................@@@.......@@@@...............@@@@@@@@@@@@@@@@@@@@@@@@@@......................................................................@........................@@.......................................@@...@@
@@..................@@@@@@....................@@@@@@@@.......................@@@@@...@@@@@..............@@@@@@@@@@@@@@@@@@@@@@@@@@.......................................................................@........................@@.......................................@@...@@
@@..................@@@@@@...................@@@@@@@@@@......................@@@@@@@@@@@@@.............@@@@@@@@@@@@@@@@@@@@@@@@@@........................................................................@........................@@....@@@@...............................@@...@@
@@..................@@@@@@..................@@@@@@@@@@@..........................@@@@@@@..............@@@@@@@@@@@@@@@@@@@@@@@@@@.........................................@@..............................@........................@.....@@@@@..............................@@...@@
@@.................@@@@@@@................@@@@@@@@@@@@...............................................@@@@@@@@@@@@@@@@@@@@@@@@@@..........................................@@@.............................@.......................@@.....@@@@...............................@@...@@
@@.................@@@@@@@..@@@...........@@@@@@@@@@@...............................................@@@@@@@@@@@@@@@@@@@@@@@@@@......................@.....................@@@....................................................@@....@@@@@...............................@....@@
@@@@@..............@@@@@@@..@@@...........@@@@@@@@@@@@.............................................@@@@@@@@@@@@@@@@@@@@@@@@@@................@@@@@@@@@@@@..................@@@...................................................@.....@@@@@...............................@....@@
@@@@@@.............@@@@@@@................@@@@@@@@@@@@......................@@.....................@@@@@@@@@@@@@@@@@@@@@@@@@.................@@@.......@.....................@@..........................@......................@@.....@@@@@...............................@....@@
@@@@@@.............@@@@@@@.................@@@@@@@@@@@......................@@....................@@@@@@@@@@@@@@@@@@@@@@@@@...................................................@@@........................@......................@@.....@@@@...............................@@....@@
@@@@@@@............@@@@@@@@.................@@@@@@@@@@..............................@@@..........@@@@@@@@@@@@@@@@@@@@@@@@@.............@@......................................@@@.......................@......................@.........................................@@....@@
@@@@@@@............@@@@@@@@..................@@@@@@@................................@@@.........@@@@@@@@@@@@@@@@@@@@@@@@@.............@@@.......................................@@@......................@................................................................@@....@@
@@@@@@@@............@@@@@@@...................@@@@@.................................@@@.........@@@@@@@@@@@@@@@@@@@@@@@@.............@@@...................@.....................@@@.....................@................................................................@@....@@
@@@@@@@@............@@@@@@@....................@@@@............................................@@@@@@@@@@@@@@@@@@@@@@@@.............@@@..................@@@@.....................@@@....................@@@@..................@..........................................@@....@@
@@@@@@@@.............@@@@@@@........@@..........@@@..........@@...........@@..................@@@@@@@@@@@@@@@@@@@@@@@@@...........@@@...................@@@@@@.....................@@@..................@@@@@@................@@..........................................@.....@@
@@@@@@@@@.............@@@@@@@.......@@...........@@@........@@@...........@@.................@@@@@@@@@@@@@@@@@@@@@@@@@...........@@@...................@@@@@@@@.....................@@@................@@@@@@@@...............@@..........................................@.....@@
@@@@@@@@@.............@@@@@@@.....................@@@......@@@............@@.................@@@@@@@@@@@@@@@@@@@@@@@@...........@@@.........@.........@@@@@@@@@@......................@...............@@@@@@@@@@..............@@..........................................@.....@@
@@@@@@@@@@.............@@@@@@@....................@@@@...@@@@.............@@................@@@@@@@@@@@@@@@@@@@@@@@@............@@........@@@@........@@@@@@@@@@....................................@@@@@@@@@@@@.............@@..........................................@@.....@@
@@@@@@@@@@..............@@@@@@@....................@@@@.@@@@.............@@@...............@@@@@@@@@@@@@@@@@@@@@@@@.............@.......@@@@@@.........@@@@@@@@@...................................@@@@@@@@@@@@@.............@@..........................................@@.....@@
@@@@@@@@@@@..............@@@@@@.....................@@@@@@@..............@@................@@@@@@@@@@@@@@@@@@@@@@@.....................@@@...@@........@@@@@@@@...................................@@@@@@@@@@@@@...............@..........................................@@...@@@@
@@@@@@@@@@@..............@@@@@@@.....................@@@@@..............@@@...............@@@@@@@@@@@@@@@@@@@@@@@.....................@@.....@@@........@@@@@@...................................@@@@@@@@@@@@@................@@.........................................@@.@@@@@@
@@@@@@@@@@@@..............@@@@@@.....................@@@................@@@..............@@@@@@@@@@@@@@@@@@@@@@@......................@@......@@.........@@@@....................................@@@@@@@@@@@@.................@@.........................................@@@@@@@@@
@@@@@@@@@@@@...............@@@@@@......................................@@@@@............@@@@@@@@@@@@@@@@@@@@@@@........................@@......@@.........@@.....................................@@@@@@@@@@@@.................@@.......................................@@@@@@@@@@@
@@@@@@@@@@@@@..............@@@@@@@....................................@@@@@@@...........@@@@@@@@@@@@@@@@@@@@@@..............@..........@@@...@@@@.................................................@@@@@@@@@@..................@@@@..................................@@@@@@@@@@@@@@
@@@@@@@@@@@@@...............@@@@@@...@@@.............................@@@@@@@...........@@@@@@@@@@@@@@@@@@@@@@@............@@@...........@@..@@@................................................................................@@@@@...............................@@@@@@@@@@@@@@@
@@@@@@@@@@@@@@...............@@@@@@@@@@@........................@@..@@@@@@@@............@@@@@@@@@@@@@@@@@@@@@.............@@@............@@@@@...........................@@....................................................@@@@@@.............................@@@@@@@@@@@@@@@@
@@@@@@@@@@@@@@................@@@@@@@@@@......................@@@@@@@@@@@@@@..............@@@@@@@@@@@@@@@@@@............@@@@@............@@@.............................@@@...................................................@@@@@@@............................@@@@@@@@@@@@@@@@
@@@@@@@@@@@@@@................@@@@@@@@@@.....................@@@@@@@@@@@@@@@...............@@@@@@@@@@@@@@@@.............@@@@@.............................................@@@...................................................@@@@@@@..........................@@@@@@@@@@@@@@@@@
@@@@@@@@@@@@@@.................@@@@@@@@@....................@@@@@@@@@@@@@@@..................@@@@@@@@@@@@@.............@@@@@@@..............................@@..............@@@...................................@@@@@.........@@@@@@@@.........................@@@@@@@@@@@@@@@@@
@@@@@@@@@@@@@@@.................@@@@@@@.....................@@.@@@@@@@@@@@.....................@@@@@@@@@@..............@@@@@@@.............................@@@...............@@@.................................@@@@@@..........@@@@@@@........................@@@@@@@@@@@@@@@@@@
@@@@@@@@@@@@@@@.................@@@@@@@@.....................@@@@@@@@@@@@.......................@@@@@@..................@@@@@@@@...........................@@@................@@.................................@@@@@@..........@@@@@@@@.......................@@@@@@@@@@@@@@@@@@
@@@@@@@@@@@@@@@.................@@@@@@@@@@.................@@@@@@@@@@@@@................................................@@@@@@@@@...................................................................................@@@...........@@@@@@@......................@@@@@@@@@@@@@@@@@@@
@@@@@@@@@@@@@@@@..................@@@@@@@@.................@@@@@@@@@@@@.................................................@@@@@@@@@@@.................................................................................@@@...........@@@@@@@@.....................@@@@@@@@@@@@@@@@@@@
@@@@@@@@@@@@@@@@...................@@@@@@@@@...............@@@@@@@@@@@...................................................@@@@@@@@@@.......@@........................................@@..............................@@@............@@@@@@@....................@@@@@@@@@@@@@@@@@@@@
@@@@@@@@@@@@@@@@...................@@@@@@@@@@.......@@.....@@@@@@@@@@@..............................................@.....@@@@@@@@@......@@@........................................@@@............................................@@@@@@@@@@@@...............@@@@@@@@@@@@@@@@@@@@
@@@@@@@@@@@@@@@@....................@@@....@@....@@@@@@.....@@@@@@@@@..........................................@@@@@@......@@@@@@@@......@@@...............@@@........................@@............................................@...@@@@@@@@.........@@@@@@@@@@@@@@@@@@@@@@@@@
@@@@@@@@@@@@@@@@@................................@@@@@@......@@@@@@@@..........................................@@@@@@@......@@@@@@......@@@@...............@@@.........................@.................................................................@@@@@@@@@@@@@@@@@@@@@@@@@
@@@@@@@@@@@@@@@@@.................................@............................................................@@@@@@@..................@@@@...............@@@.........................@@.....................................................................@@@@@@@@@@@@@@@@@@@@
@@@@@@@@@@@@@@@@@.............................................................................................@@@..@@@@................@@@@................@@@.........................@@......................................................................@@@@@@@@@@@@@@@@@@@
@@@@@@@@@@@@@@@@@@............................................................................................@@@......................@@@@@...............@@@..........................@......................................................................@@@@@@@@@@@@@@@@@@@
@@@@@@@@@@@@@@@@@@...........................................................................................@@@.....................@.@@@@@@@@............@@@@.........................@@...........................................................................@@@@@@@@@@@@@
@@@@@@@@@@@@@@@@@@..........................................................................................@@@......................@@@@@@@@@@@@@..........@@@.........................@@.............@@.......................................................................@@
@@@@@@@@@@@@@@@@@@...........................................................................................@@.....................@@@@@@@@@@@@@@@@...................................@@@............@@@@@.....................................................................@@
@@@@@@@@@@@@@@@@@@..................................................................................................................@@@@@@@@@@@@@@@@@@@.......@........................@@.............@@@@@@.......@@@..........................................................@@
@@@@@@@@@@@@@@@@@@.................................................................................................................@@@@@@@@@@@@@@@@@@@@@@@..@@@@......................@@.............@@@@@@@@....@@@@@..........................................................@@
@@@@@@@@@@@@@@@@@@....@@@.............................................................................@@@..........................@@@@@@@@@@@@@.@@@@@@@@@@@@@@@@....................@@@............@@@@@@@@@...@@@@............................................................@@
@@@@@@@@@@@@@@@@@@...@@@@..........................................................................@@@@@@@........................@@@@@@@@@@@@@@...@@@@@@@@@@@@@@@@..................@@.............@@@@@@@@@@@@@@..............................................................@@
@@@@@@@@@@@@@@@@@@...@@@@.........................................................................@@@@@@@@........................@@@@@@@@@@@@@@.....@@@@@@@@@@@@@@@.@...............@.............@@@@@@@@@@@@@................................................................@@
@@@@@@@@@@@@@@@@@@...@@@.......................................................................@@@@@@@@...........................@@@@@@@@@@@@@........@@@@@@@@@@@@@@@............................@@@@@@@@@@@@@.................................................................@@
@@@@@@@@@@@@@@@@@....@@.......................................................................@@@@@@@@............@................@@@@@@@@@@@@........@@@@@@@@@@@@@@@@..........................@@@@@@@@@@@@@@@................................................................@@
@@@@@@@@@@@@@@@@@............................................................................@@@@@@@............@@@..................@@@@@@@@@.....@@@.@@@@@@@@@@@@@@@@..........................@@@@@@@@@@@@@@@................................................................@@
@@@@@@@@@@@@@@@@@............................................................................@@@@@@............@@@......................@@@@@@....@@@@@@@@@@@@@@@@@@@@@@.........................@@@@@@@@@@@@@@@@...............................................................@@
@@@@@@@@@@@@@@@@@...........................................................................@@@@@@@..........@@@@.........................@@@@....@@@@@@@@@@@@@@@@@@@@@@.........................@@@@@@@@@@@@@@@................................................................@@
@@@@@@@@@@@@@@@@@..........................................................................@@@@@@@@.........@@@..................@@@..............@@@@@@@@@@@@@@@@@@@@@@@........................@@@@@@@@@@@@@@@................................................................@@
@@@@@@@@@@@@@@@@@.........................................................................@@@@@@@@@.........@@...................@@@...............@@@@@@@@@@@@@@@@@@@@@@@.......................@@@@@@@@@@@@@@@................................................................@@
@@@@@@@@@@@@@@@@.........................................................................@@@@@@@@@....@@.....@@.......@..........@@@...............@@@@@@@@@@@@@@@@@@@@@@@.......................@@@@@@@@@@@@@@.................................................................@@
@@@@@@@@@@@@@@@@........................................................................@@@@@@@@@@...@@@.....@@.....@@@.........@@@@................@@.@@@@@@@@@@@@@@@@@@@.......................@@@@@@@@@@@@@@.................................................................@@
@@@@@@@@@@@@@@@@.......................................................................@@@@@@@@@@@...@@@......@@...@@@@@........@@@@...................@@@@@@@@@@@@@@@@@@@......................@@@@@@@@@@@@@@@.................................................................@@
@@@@@@@@@@@@@@@@.......................................................................@@@@@@@@@@@...@@@.......@@@@@...@........@@@@@@...........@@.....@@@@@@@@@@@@@@@@@@@.....................@@@@@@@@@@@@@@..................................................................@@
@@@@@@@@@@@@@@@@.......................................................................@@@@@@@@@@....@@@.......@@@@...............@@@@@@.......@@@@@@....@@@@@@@@@@@@@@@@@@.....................@@@@@@@@@@@@@@..................................................................@@
@@@@@@@@@@@@@@@@.......................................................................@@@@@@@@@@....@@@........@@......@@.........@@@@@......@@@..@@@@@..@@@@@@@@@@@@@@@@@.....................@@@@@@@@@@@@@@..................................................................@@
@@@@@@@@@@@@@@@........................................................................@@@@@@@@@@@...@@@@.......@@@......@@..........@@@......@@......@@@..@@@@@@@@@@@@@@@@.....................@@@@@@@@@@@@@...................................................................@@
@@@@@@@@@@@@@@@........................................................................@@@@@@@@@@@....@.......@@@@@......@@...................@............@@@@@@@@@@@@@@@@...........@@........@@@@@@@@@@@@@...................................................................@@
@@@@@@@@@@@@@@@........................................................................@@@@@@@@@@@............@@@@@@......@@..................@@......@@...@@@@@@@@@@@@@@@@...........@@@@......@@@@@@@@@@@@@...................................................................@@
@@@@@@@@@@@@@@@.........................................................................@@@@@@@@@@@...........@@@@@@@.....@@..................@@......@@..@@@@@@@@@@@@@@@@@...........@@@@@.....@@@@@@@@@@@@....................................................................@@
@@@@@@@@@@@@@@@.........................................................................@@@@@@@@@@@.............@..@@....@@@..................@@......@@..@@@@@@@@@@@@@@@@@...........@@@@@@....@@@@@@@@@@@@....................................................................@@
@@@@@@@@@@@@@@........@@@................................................................@@@@@@@@@@.................@@.@@@....@@@@............@@.....@@...@@@@@@@@@@@@@@@@@...........@@@@@@@...@@@@@@@@@@@@....................................................................@@
@@@@@@@@@@@@@@........@@@@@...................................................................@@@@@.................@@@@@@@@..@.@@@@@@...............@@..@@@@@@@@@@@@@@@@@.............@@@@@@@..@@@@@@@@@@@.....................................................................@@
@@@@@@@@@@@@@@........@@@@@..........................................................................................@@@@@@@@@@.....@@..............@@...@@@@@@@@@@@@@@@@..............@@@@@@@@.@@@@@@@@@@@.....................................................................@@
@@@@@@@@@@@@@@........@@@@@...........................................................................................@@@@@@@@@.....@@.......@......@@...@@@@@@@@@@@@@@@@...............@@@@@@@@@@@@@@@@@@@.....................................................................@@
@@@@@@@@@@@@@@.......@@@@@@...........................................................................................@@@@@@@@@.............@@......@....@@@@@@@@@@@@@@@.................@@@@@@@@@@@@@@@@@......................................................................@@
@@@@@@@@@@@@@@.......@@@@@..............................................................@..............................@@@@@@@@.............@@@@...@@...@@@@@@@@@@@@@@@@..................@@@@@@@@@@@@@@@@......................................................................@@
@@@@@@@@@@@@@..........................................................................@@@...............................@@@@@@.....@........@@@@@.@@...@@@@@@@@@@@@@@@....................@@@@@@@@@@@@@@@......................................................................@@
@@@@@@@@@@@@@..........................................................................@@@@................................@@@@@@@..@...........@@@@....@@@@@@@@@@@@@@......................@@@@@@@@@@@@@.......................................................................@@
@@@@@@@@@@@@@..........................................................................@@@.....................................@@@@@@.............@@....@@@@@@@@@@@@@.........................@@@@@@@@@@@.......................................................................@@
@@@@@@@@@@@@@....................................................................................................................................@@.....@@@@@@@@@@@@...........................@@@@@@@@@........................................................................@@
@@@@@@@@@@@@@....................................................................................................................................@@.....@@@@@@@@@@@..............................@@@@@@@@.......................................................................@@
@@@@@@@@@@@@@.....................................................................................................@@@...........................@@......@@@@@@@@@@...................................@@@........................................................................@@
@@@@@@@@@@@@......................................................................................................@@@...........................@@......@@@@@@@@@.....................................@.........................................................................@@
@@@@@@@@@@@@........................................................................@@@@@@@....................................................@@........@@@@@@......................................@@.........................................................................@@
@@@@@@@@@@@@.......................................................................@@@@@@@@@@@@@@..............................................@@........@@@@@.......................................@@.........................................................................@@
@@@@@@@@@@@@.......................................................................@@@@@@@@@@@@@@@.......................................................@@@@........................................@..........................................................................@@
@@@@@@@@@@@@.......................................................................@@@@@@@@@@@@@@@@...............................................@......@@@........................................@@..........................................................................@@
@@@@@@@@@@@@.......................................................................@@@@@@@@@@@@@@@@@@...........................................@@@@@@...@@.........................................@@..........................................................................@@
@@@@@@@@@@@........................................................................@@@@@@@@@@@@@@@@@@@...........................................@@@@@..............................................@...........................................................................@@
@@@@@@@@@@@........................................................................@@@@@@@@@@@@@@@@@@@@@................................@@........@@@@@............................................@@..........................................................................@@@
@@@@@@@@@@@.........................................................................@@@@@@@@@@@@@@@@@@@@@......@......................@@@@@@@@.....@@@.............................................@@.........................................................................@@@@
@@@@@@@@@@@.........................................................................@@@@@@@@@@@@@@@@@@@@@@.@@@@@@@...................@@@@@@@@@@.....@@.............................................@..........................................................................@@@@
@@@@@@@@@@@.........................................................................@@@@@@@@@@@@@@@@@@@@@@@@@@@@@@@@.......@@@@....@@@@@@@@@@@@..............................................................................................................................@@@@@
@@@@@@@@@@@@@.......................................................................@@@@@@@@@@@@@@@@@@@@@@@@@@@@@@@@@@@@@@@@@@@@@@@@@@@@@@@@@@@..............................................................................................................................@@@@@
@@@@@@@@@@@@@@.......................................................................@@@@@@@@@@@@@@@@@@@@@@@@@@@@@@@@@@@@@@@@@@@@@@@@@@@@@@@@................................................................................................................................@@@@@
@@@@@@@@@@@@@@@@.....................................................................@@@@@@@@@@@@@@@@@@@@@@@@@@@@@@@@@@@@@@@@@@@@@@@@@@@@@..................................................................................................................................@@@@@@
@@@@@@@@@@@@@@@@@....................................................................@@@@@@@@@@@@@@@@@@@@@@@@@@@@@@@@@@@@@@@@@@@@@@@@@@@@...................................................................................................................................@@@@@@
@@@@@@@@@@@@@@@@@@....................................................................@@@@@@@@@@@@@@@@@@@@@@@@@@@@@@@@@@@@@@@@@@@@@@@@@....................................................................................................................................@@@@@@@
@@@@@@@@@@@@@@@@@@@@...................................................................@@@@@@@@@@@@@@@@@@@@@@@@@@@@@@@@@@@@@@@@@@@@@@@.....................................................................................................................................@@@@@@@
@@@@@@@@@@@@@@@@@@@@@..................................................................@@@@@@@@@@@@@@@@@@@@@@@@@@@@@@@@@@@@@@@@@@@@@@.....................................................................................................................................@@@@@@@@
@@@@@@@@@@@@@@@@@@@@@@..................................................................@@@@@@@@@@@@@@@@@@@@@@@@@@@@@@@@@@@@@@@@@@@@...........................................................@..........................................................................@@@@@@@@
@@@@@@@@@@@@@@@@@@@@@@@@...................................................................@@@@@@@@@@@@@@@@@@@@@@@@@@@@@@@@@@@@@@.................................................@............@..........................................................................@@@@@@@@
@@@@@@@@@@@@@@@@@@@@@@@@@......................................................................@@@@@@@@@@@@@@@@@@@@@@@@@@@@..............................................@@@@@@@@@@...........@@.........................................................................@@@@@@@@@
@@@@@@@@@@@@@@@@@@@@@@@@@@.........................................................................@@@@@@@@@@@@@@@@@@@..................................................@@@@@@@@@@@...........@@.........................................................................@@@@@@@@@
@@@@@@@@@@@@@@@@@@@@@@@@@@@@...............................@@@.........................................@@@@@@@@......................................@@@@@@@............@@@@@@@@@@@...........@.........................................................................@@@@@@@@@@
@@@@@@@@@@@@@@@@@@@@@@@@@@@@@............................@@@@@......................................................................................@@@@@@@@............@@@@@@@@@@@..........@@.........................................................................@@@@@@@@@@
@@@@@@@@@@@@@@@@@@@@@@@@@@@@@@........................@@@@@@@@@@....................................................................................@@@@@@@@............@@@@@@@@@@@..........@@........................................................................@@@@@@@@@@@
@@@@@@@@@@@@@@@@@@@@@@@@@@@@@@@@......................@@@@@@@@@@@...................................................................................@@@@@@@@............@@@@@@@@@@@@.........@.........................................................................@@@@@@@@@@@
@@@@@@@@@@@@@@@@@@@@@@@@@@@@@@@@@.....................@@@@@.@@@@@...................................................................................@@@@@@@@.............@@@@@@@@@@.........@@........................................................................@@@@@@@@@@@@
@@@@@@@@@@@@@@@@@@@@@@@@@@@@@@@@@@@...........................@@@...................................................................................@@@@@@@@.............@@@@@@@@@..........@@........................................................................@@@@@@@@@@@@
@@@@@@@@@@@@@@@@@@@@@@@@@@@@@@@@@@@@.....................................................................................................@@@@@@.....@@@@@@@@.............@@@@@@@@@..........@@........................................................................@@@@@@@@@@@@
@@@@@@@@@@@@@@@@@@@@@@@@@@@@@@@@@@@@@..........................................................................................@@@@@@@@@@@@@@@@@....@@@@@@@@.............@@.................@........................................................................@@@@@@@@@@@@@
@@@@@@@@@@@@@@@@@@@@@@@@@@@@@@@@@@@@@@@....................................................................................@@@@@@@@@@@@@@@@@@@@@.....@@............@@......................@@........................................................................@@@@@@@@@@@@@
@@@@@@@@@@@@@@@@@@@@@@@@@@@@@@@@@@@@@@@@..............................................................................@@@@@@@@@@@@@@@@@@@@@@@@@@@................@@@@......................@@.......................................................................@@@@@@@@@@@@@@
@@@@@@@@@@@@@@@@@@@@@@@@@@@@@@@@@@@@@@@@@@........................................................................@@@@@@@@@@@@@@@@@@@@@@@@@@@@@@@@..............@@@@@@...@@@@@@@@@.........@........................................................................@@@@@@@@@@@@@@
@@@@@@@@@@@@@@@@@@@@@@@@@@@@@@@@@@@@@@@@@@@@@@@@@..............................................................@@@@@@@@@@@@@@@@@@@@@@@@@@@@@@@@@@@.............@@@@@@@.@@@@@@@@@@@@@@@@@..@@.......................................................................@@@@@@@@@@@@@@@
@@@@@@@@@@@@@@@@@@@@@@@@@@@@@@@@@@@@@@@@@@@@@@@@@@@@@@@@@....................................................@@@@@@@@@@@@@@@@@@@@@@@@@@@@@@@@@@@@@@@...........@@@@@@@@@@@@@@@@@@@@@@@@@@@@@.......................................................................@@@@@@@@@@@@@@@
@@@@@@@@@@@@@@@@@@@@@@@@@@@@@@@@@@@@@@@@@@@@@@@@@@@@@@@@@@@@@@@@...........................................@@@@@@@@@@@@@@@@@@@@@@@@@@@@@@@@@@@@@@@@@@@.........@@@@@@@@@@@@@@@@@@@@@@@@@@@@@@......................................................................@@@@@@@@@@@@@@@
@@@@@@@@@@@@@@@@@@@@@@@@@@@@@@@@@@@@@@@@@@@@@@@@@@@@@@@@@@@@@@@@@@@@@@@@.@@............................@@@@@@@@@@@@@@@@@@@@@@@@@@@@@@@@@@@@@@@@@@@@@@@@@........@@@@@@@@@@@@@@@@@@@@@@@@@@@@@@@...................................................................@@@@@@@@@@@@@@@@
@@@@@@@@@@@@@@@@@@@@@@@@@@@@@@@@@@@@@@@@@@@@@@@@@@@@@@@@@@@@@@@@@@@@@@@@@@@@@........................@@@@@@@@@@@@@@@@@@@@@@@@@@@@@@@@@@@@@@@@@@@@@@@@@@@@@.....@@@@@@@@@@@@@@@@@@@@@@@@@@@@@@@@@@@................................................................@@@@@@@@@@@@@@@@
@@@@@@@@@@@@@@@@@@@@@@@@@@@@@@@@@@@@@@@@@@@@@@@@@@@@@@@@@@@@@@@@@@@@@@@@@@@@@@...................@@.@@@@@@@@@@@@@@@@@@@@@@@@@@@@@@@@@@@@@@@@@@@@@@@@@@@@@@@@.@@@@@@@@@@@@@@@@@@@@@@@@@@@@@@@@@@@@@@@.............................................................@@@@@@@@@@@@@@@@@
@@@@@@@@@@@@@@@@@@@@@@@@@@@@@@@@@@@@@@@@@@@@@@@@@@@@@@@@@@@@@@@@@@@@@@@@@@@@@@@@@............@@@@@@.@@@@@@@@@@@@@@@@@@@@@@@@@@@@@@@@@@@@@@@@@@@@@@@@@@@@@@@@@@@@@@@@@@@@@@@@@@@@@@@@@@@@@@@@@@@@@@@@@@...........................................................@@@@@@@@@@@@@@@@@
@@@@@@@@@@@@@@@@@@@@@@@@@@@@@@@@@@@@@@@@@@@@@@@@@@@@@@@@@@@@@@@@@@@@@@@@@@@@@@@@@@@..........@@@@@@@@@@@@@@@@@@@@@@@@@@@@@@@@@@@@@@@@@@@@@@@@@@@@@@@@@@@@@@@@@@@@@@@@@@@@@@@@@@@@@@@@@@@@@@@@@@@@@@@@@@..........................................................@@@@@@@@@@@@@@@@@
@@@@@@@@@@@@@@@@@@@@@@@@@@@@@@@@@@@@@@@@@@@@@@@@@@@@@@@@@@@@@@@@@@@@@@@@@@@@@@@@@@@@@@@@@@@@@@@@@@@@@@@@@@@@@@@@@@@@@@@@@@@@@@@@@@@@@@@@@@@@@@@@@@@@@@@@@@@@@@@@@@@@@@@@@@@@@@@@@@@@@@@@@@@@@@@@@@@@@@@@@@@@@@@@@@@@@@@@@@@@@@@@@@@@@@@@@@@@@@@@@@@@@@@@@@@@@@@@@@@@@@@@@@@@@@@@@@
@@@@@@@@@@@@@@@@@@@@@@@@@@@@@@@@@@@@@@@@@@@@@@@@@@@@@@@@@@@@@@@@@@@@@@@@@@@@@@@@@@@@@@@@@@@@@@@@@@@@@@@@@@@@@@@@@@@@@@@@@@@@@@@@@@@@@@@@@@@@@@@@@@@@@@@@@@@@@@@@@@@@@@@@@@@@@@@@@@@@@@@@@@@@@@@@@@@@@@@@@@@@@@@@@@@@@@@@@@@@@@@@@@@@@@@@@@@@@@@@@@@@@@@@@@@@@@@@@@@@@@@@@@@@@@@@@@
