type octile
height 214
width 204
map
@@@@@@@@@@@@@@@@@@@@@@@@@@@@@@@@@@@@@@@@@@@@@@@@@@@@@@@@@@@@@@@@@@@@@@@@@@@@@@@@@@@@@@@@@@@@@@@@@@@@@@@@@@@@@@@@@@@@@@@@@@@@@@@@@@@@@@@@@@@@@@@@@@@@@@@@@@@@@@@@@@@@@@@@@@@@@@@@@@@@@@@@@@@@@@@@@@@@@@@@@@@@
@@@@@@@@@@@@@@@@@@@@@@@@@@@@@@@@@@@@@@@@@@@@@@@@@@@@@@@@@@@@@@@@@@@@@@@@@@@@@@@@@@@@@@@@@@@@@@@@@@@@@@@@@@@@@@@@@@@@@@@@@@@@@@@@@@@@@@@@@@@@@@@@@@@@@@@@@@@@@@@@@@@@@@@@@@@@@@@@@@@@@@@@@@@@@@@@@@@@@@@@@@@@
@@................................@@@@@@@@@@@@@@@@@@@@@@@@@@@@@@@@@@@@@@@.................................@@@@@..............................................@@@@@@@@@@@@@@@@@@@@@@@@@@@@@@@@@@@@@@@@@@@@@@@
@@................................@@@@@@@@@@@@@@@@@@@@@@@@@@@@@@@@@@@@@@@.................................@@@@@.@............................................@@@@@@@@@@@@@@@@@@@@@@@@@@@@@@@@@@@@@@@@@@@@@@@
@@................................@@@@@@@@@@@@@@@@@@@@@@@@@@.....@@@@@@@@................................@@@.@@@@@............................................@@@@@@@@@@@@@@@@@@@@@@@@@@@@@@@@@@@@@@@@@@@@@@
@@................................@@@@@@@@@@@@@@@@@@@@@@@@@@.....@.@@@@@@................................@@@..@@@@.............................................@@@@@@@@@@@@@@@@@@@@@@@@@@@@@@@@@@@@@@@@@@@@@
@@..............@@@@@@@@@@@@@@@@@@@@@@@@@@@@@@@@@@@@@@@@@@@@.....@.@@@@@@................................@@@..@@@...............................................@@@@@@@@@@@@@@@@@@@@@@@@@@@@@@@@@@@@@@@@@@@@
@@.............@@@.............@@@@@..@@@@@@@@@@@@@@@@@@@............@@@@................................@@@@....................................................@@@@@@@@@@@@@@@@@@@@@@@@@@@@@@@@@@@@@@@@@@@
@@............@@@...............@@@@..@@@@@@@@@@@@@@@@@@@...@@.......@@@@..............@@.................@@@.....................................................@@@@@@@@@@@@@@@@@@@@@@@@@@@@@@@@@@@@@@@@@@
@@...........@@@......................@@@@@@@@@@@@@@@@@@@...@@.......@@@@..............@@.................@@@......................................................@@@@@@@@@@@@@@@@@@@@@@@@@@@@@@@@@@@@@@@@@
@@..........@@@.......................@@@@@@@@@@@@@@@@@@@...@@.........@@..............@@.................@@@....@@@@@@@@@@@@@@@@@@@@..............................@@@@@@@@@@@@@@@@@@@@@@@@@@@@@@@@@@@@@@@@@
@@..........@@....................................@@@@@@@.@@@@@@@......@@..............@@.....................................@@@@@@@@@@@@@.........................@@@@@@@@@@@@@@@@@@@@@@@@@@@@@@@@@@@@@@@@
@@..........@..........................................@@.@@@@@@@......@@..............@@................................................@@@@@@......................@@@@@@@@@@@@@@@@@@@@@@@@@@@@@@@@@@@@@@@
@@..........@..............................................@@@.........@@@............@@@....................................................@@@@.....................@@@@@@@@@@@@@@@@@@@@@@@@@@@@@@@@@@@@@@
@@..........@...........................................................@@@.........@@@@.......................................................@@@@@...................@@@@@@@@@@@@@@@@@@@@@@@@@@@@@@@@@@@@@
@@..........@............................................................@@@.......@@@............................................................@@@@..................@@@@@@@@@@@@@@@@@@@@@@@@@@@@@@@@@@@@
@@..........@.............................................................@@@.......................................................................@@@.................@@@@@@@@@@@@@@@@@@@@@@@@@@@@@@@@@@@@
@@..........@..............................................................@@@........................................................................@@@................@@@@@@@@@@@@@@@@@@@@@@@@@@@@@@@@@@@
@@..........@...............................................................@@.........................................................................@@@................@@@@@@@@@@@@@@@@@@@@@@@@@@@@@@@@@@
@@..........@...............................................................@@..........................................................................@@@................@@@@@@@@@@@@@@@@@@@@@@@@@@@@@@@@@
@@..........@.........................................................................................................@@@................................@@@................@@@@@@@@@@@@@@@@@@@@@@@@@@@@@@@@
@@..........@............................................................................................@@@@........@@@@@@@@.............................@@@................@@@@@@@@@@@@@@@@@@@@@@@@@@@@@@@
@@..........@............................................................................................@@@@........@@@@@@@@..............................@@@...............@@@@@@@@@@@@@@@@@@@@@@@@@@@@@@@
@@..........@............................................................................................@@@@........@@@@@@@@................................@@...............@@@@@@@@@@@@@@@@@@@@@@@@@@@@@@
@@..........@............................................................................................@@@@........@@@@@@@@.................................@@...............@@@@@@@@@@@@@@@@@@@@@@@@@@@@@
@@..........@............................................................................................@@@@..@@....@@@@@@@@.................................@@...............@@@@@@@@@@@@@@@@@@@@@@@@@@@@@
@@..........@............................................................................................@@@@..@@....@@@@@@@@.......@..........................@@...............@@@@@@@@@@@@@@@@@@@@@@@@@@@@
@@..........@............................................................................................@@@@..@@....@@@@@@@@.......@...........................@@...............@@@@@@@@@@@@@@@@@@@@@@@@@@@
@@..........@............................................................................................@@@@..@@.....@@@@@@@.......@...........................@@...............@@@@@@@@@@@@@@@@@@@@@@@@@@@
@@..........@...............................................................@@...........................@@@@..@@...................@............................@@...............@@@@@@@@@@@@@@@@@@@@@@@@@@
@@..........@...............................................................@@...........................@@@@..@@...................@.............................@@...............@@@@@@@@@@@@@@@@@@@@@@@@@
@@..........@..............................................................@@@.....@@....................@@@@..@@................@@@@@@@@@@@@@@...................@@................@@@@@@@@@@@@@@@@@@@@@@@@
@@..........@..............................................................@@......@@....................@@@@..@@................@............@....................@@...............@@@@@@@@@@@@@@@@@@@@@@@@
@@..........@..............................................................@@@.....@@...@@@..............@@@@..@@................@............@......................................@@@@@@@@@@@@@@@@@@@@@@@
@@..........@.............................................................@@@@.....@@@@@@@@@.............@@@@....................@............@.......................................@@@@@@@@@@@@@@@@@@@@@@
@@..........@.............................................................@@@@.....@@@@@@@@@.............@@@@....................@............@.......................................@@@@@@@@@@@@@@@@@@@@@@
@@..........@.............................................................@@@@.....@@@@@@@@@.............@@@@....@@@@............@............@........................................@@@@@@@@@@@@@@@@@@@@@
@@..........@...........................................................@@@@@@.....@@@@@@@@@.............@@@@....@@@@@........................@........................@................@@@@@@@@@@@@@@@@@@@@
@@..........@...........................................................@@@@@@.....@@@@@@@@@.............@@@.......@@............@@@@@@@@@@@@@@.......................@@@...............@@@@@@@@@@@@@@@@@@@@
@@..........@...........................................................@@@@@@.....@@@@@@@@@.............@@@..........................................................@@@................@@@@@@@@@@@@@@@@@@@
@@..........@...........................................................@@@@@@.....@@@@@@@@@.............@@@...........................................................@@.................@@@@@@@@@@@@@@@@@@
@@..........@...........................................................@@@@@@.....@@@@@@@@@.........................@@@...............................................@@@@...............@@@@@@@@@@@@@@@@@@
@@..........@...........................................................@@@@@@.....@@@@@@@@@.........................@@@...............................................@@@@................@@@@@@@@@@@@@@@@@
@@..........@...........................................................@@@@@@.......................................@@@...............................................@@@@@@@@@@@@@@@@@@@@@@@@@@@@@@@@@@@@@
@@..........@............................................@@@............@@@@@@.......................................@@@..@@@@@@@@@@@@@@@@@@@@@@@@@@@@@@@@.................@@@..........@@...@@.....@.....@@
@@..........@@@@@@.......................................@@@.............@@@@@.......................................@@@..@@@@@@@@@@@@@@@@@@@@@@@@@@@@@@@@.................@@@..........@@@@@@@@@@@.@.....@@
@@..........@@@@@@......................................@@@@@@@@@........@@@@@.......................................@@@..@@@@@@@......................@@@.................@@@...........@@@@@@@@@@.@.....@@
@@..........@@@@@@......................................@@@@@@@@@@@@.....@@@@@.......................................@@@..@@@@@@@..........................................@@@...........@@@@@@@@@@.@.....@@
@@..........@@@@@@......................................@@@@@@@@@@@@@@...@@@@@.......................................@@@..@@@@@@@...........................................@@...........@@@@@@@@@@.@.....@@
@@..........@@@@@@......................................@@@@@@@@@@@@@@@@@@@@@@@......................................@@@..@@@@@@@...........................................@@...........@@@@@@@@@@.@.....@@
@@..........@@@@@@......................................@@@@@@@@@@@@@@@@@@@@@@@......................................@@@..@@@@@@@...........................................@@...........@@@@@@@@@@.@.....@@
@@..........@@@@@@......................................@@@@@@@@@@@@@@@@@@@@@@@...@...........@@........@@.@.........@@@@@@.@@@..........................................................@@@@@@@@@@.@.....@@
@@..........@@@@@@@@@@@@@@@.............................@@@@@@@@@@@@@@@@@@@@@@@...@...........@@........@@@@.........@@@@.@.@@@..........................................................@@@@@@@@@@.@.....@@
@@..........@@@@@@@@@@@@@@@............................@@@@@@@@@@@@@@@@@@@@@@@@...@...........@@........@@@@.........@@@@@@@@@..................@@........@............@.................@@@@@@@@@@.@.....@@
@@..........@@@@@@@@@@@@@@@.............................@@@@@@@@@@@@@@@@@@@@@@@..........................@@@.........@@@..@@@.................@@@@.....@@@@............@.................@@@@@@@@@@.@.....@@
@@..........@@@@@@@@@@@@@@@.............................@@@@@@@@@@@@@@@@@@@@@@@..........................@@@.........@@@..@.@..............@@@@@@@@@@@@@@@@............@........................@@@@@.....@@
@@..........@@@@@@@@@@@@@@@......................@@@@@@@@@@@@@@@@@@@@@@@@@@@@@@..........................@@@.........@@@..@................@@@@@@@@@@@@@@@......................................@@@@@.....@@
@@..........@@@@@@@@@@@@@@@..........@@..........@@.....@@@@@@@@@@@@@@@@@@@@@@@..........................@@@..............@................@@@@@@@@@@@@@@@......................................@@@@@.....@@
@@..........@@@@@@@@@@@@@@@........@@@@....................@@.........@..................................@.@..............@............@@@.@@@@@@@@@@@@@@@........................@..............@@@@.....@@
@@..........@@@@@@@@@@@@@@@@@@@@@@@@@@.....................@@.............................................................@............@@..@@@@@@@@@@@@@@@........................@.......@@......@@@.....@@
@@..........@@@@@@@@@@@@@@@@@@@@@@@........................@@.............................................................@...........@@...@@@@@@@@@@@@@@@.......................@@@@@@@@@@@@.....@@@.....@@
@@...........@@@@@@@@.....@................................@@.............................................................@@@.........@@...@@@@@@@@@@@@@@@.......................@@@@@@@@@@@@@....@@@.....@@
@@...........@@@@@@@@.....@................................@@.............................................................@@@........@@....@@@@@@@@@@@@@@@.......................@@@@@@@@@@@@@.....@@.....@@
@@...........@@@@@@@@.....@................................@@.............................................................@@@........@@....@@@@@@@@@@@@@@@.......................@@@@@@@@@@@@@......@.....@@
@@...........@@@@@@@@.....@................................@@........................................................................@@.....@@@@@@@@@@@@@@@.....................@@@@@@@@@@@@@@......@.....@@
@@.................@@.....@................................@@...................................@@@..................................@......@@@@@@@@@@@@@@@......................@@@@@@@@@@@@@......@.....@@
@@................@@@....@@................................@@......................@.....@......@@@.......................................................@......................@@@@@@@@@@@@@......@.....@@
@@.................@@....@@..@@........@@.........................................@@@@@@@@@.....@@@.......................................................@......................@@@@@@@@@@@@@......@.....@@
@@.................@@....@@..@@@@......@@.........................................@@@@@@@@@.....@@@.................................@@....................@......................@@@@@@@@@@@@@.....@@.....@@
@@.................@@...@@@...@@@.....@@@.........................................@@@@@@@@@.....@@@.................................@@@@@.................@.........................@@.............@@.....@@
@@.................@@....@............@@@.........................................@@@@@@@@@.....@@@.................................@@@@@.................@...................@@...................@@.....@@
@@................@@@..................@@.........................................@@@@@@@@@.....@@@.................................@@.@@.................@.................@@@@..................@@@.....@@
@@.................@@..................@@.........................................@@@@@@@@@.....@@@.................................@@.@@.....@@@.........@..............@@@@@@...................@@@.....@@
@@.................@@..................@@.........................................@@@@@@@@.....@@@@....................................@@.....@@@.........@...........@@@@@@......................@@@.....@@
@@.................@@..............................................................@@@.........@@@.....................................@@.....@@@.....@@..@......................................@@@@.....@@
@@.................@@..........................................................................@@@.....................................@@........@@@@@@@@.@..............................@@.....@@@@@.....@@
@@................@@@...@@@@@@@................................................................@@@.................................@@..@@........@@@@@@@@.@..............................@@...@@@@@@@.....@@
@@................@@@...@@@@@@@@................................................@@.............@@@................................@@@..@@........@@@@@@@@.@..............................@@...@@@@@@@.....@@
@@................@@@...@@@@@@@@..................@@@@@@@.......................@@.............@@@........................@@@.....@@...@@........@@@@@@@@.@..............................@@...@@@@@@@.....@@
@@.............@@@@@@...@@@@@@@@...................@@@@@@........................@@.......................................@@@..@@@@@...@@........@@@@@@@@.@...............................@...@@@@@@@.....@@
@@............@@@@@@....@@@@@@@@.......@..........@@...@@........................@@@@.........@@..........................@@@..@@@@@...@@........@@@@@@@@.@...............................@@..@@@@@@@.....@@
@@............@@@@@.....@@@@@@@@.......@@..............@@..@@....@@@@..............@@@@.......@@@.........................@............@@........@@@@@@@@.@...............................@@..@@@@@@@.....@@
@@............@@@@@.....@@@@@@@@.......@@..............@@..@@....@@@@...............@@@@@@...@@@@.........................@............@@...........@@@@..@.....................@@@.......@@......@@@.....@@
@@............@@........@@@@@@@@........@..............@@..@@....@@@...................@@@...@@@@.........................@............@@.................@.....................@@@.......@@......@@@.....@@
@@............@@........................@@.............@@..@@....@@@.........................@@@..........................@............@@.................@................................@@.......@.....@@
@@............@@........................@@.............@@........@@@........................@@@@..........................@...@@@@@@@@@@@.................@................................@@.......@.....@@
@@............@@....@@..............@@...@@............@@........@@@........................@@@...........................@.@@@@@@@@@@@@@................@@.........................................@.....@@
@@............@@....@@..............@@...@@............@@.......@@@........................@@@@...........................@.@@@@@@@@@@@@@...............@@@.........................................@.....@@
@@............@@....@@.............@@@...@.............@@.......@@@........................@@@@......................@@@..@.@@@@@@@@@@@@@..............@@@..........................................@.....@@
@@...........@@@....@@.............@@....@.............@@.......@@@........................@@@.......................@@@..@.@@@@@@@@@@@@@.............@@@..........................................@@.....@@
@@...........@@@@@@@@@@@@@@..............@@............@@..@....@@@.......................@@@@.......................@@@..@...@@@@@@@@@@@............@@@..........................................@@@.....@@
@@...........@@@@........................@.............@@@@@....@@@.......................@@@.........@@.............@@@..@...@@@@@@@@@@@...........@@@...........................................@@@.....@@
@@..........@@@@.........................@.............@@@@@....@@@.......................@@@.........@@@............@@@..@...@@@@@@@@@@@..........@@@.....................@@@@@.....@@@@@@@@@@@@.@@@.....@@
@@..........@@@...................@@@@@@@@@............@@.......@@@......................@@@@..........@@@@..........@@@..@...@@@@@@@@@@@..........@@@....@@..............@@@@@@.....@@@@@@@@@@@@@@@@.....@@
@@.........@@@@...................@@@@@@@@@............@@................................@@@.............@@@.........@@@..@...@@@@@@@@@@@..@@@.....@@@..@@@@@............@@....................@@@@@@.....@@
@@.........@@@@...................@@@@@@@@@...........@@@...............................@@@@..............@@@@@......@@@..@...@@@@@@@@@@@.@@@@@....@@@@@@@@@@...........@@....................@@@@@@@.....@@
@@.........@@@.........@@@.......@@@@@@@@@@...........@@@...............................@@@.................@@@@.....@@@..@@@@@@@@@@@@@@@....@@@@..@@@@@@@@@@..........@@.....................@@@@@@@.....@@
@@.........@@@.....@@..@@@@......@@@@@@@@@@@...........................................@@@@..........................@@@..@@@@@@@@@@@@@@@....@@@@..@@@@@@@@@@.........@@......................@@@@@@@.....@@
@@.........@@@....@@@@@@@@@@@.....@@@@@@@@@@...........................................@@@...........................@@@...........................@@@@@@@@@@.........@@......................@@@@@@@.....@@
@@.........@@@....@@@@@@@@@@@@...@@@@@@@@@@.............................................@@...........................@@@...........................@@@@@@@@@@.........@@......................@@@@@@......@@
@@.........@@@.....@@@@@@@@@@@...@@@@@@@@@@@.........................................................................@@@...........................@@@@@@@@@@.........@@..........@@@@@@......@@@@@.......@@
@@.........@@@....@@@@@@@@@@......@@@@@@@@@@.........................................................................@@@...........................@@@@@@@@@@.........@@.......@@@@@@@@@@.....@@@@........@@
@@.........@@@....@@@@@@@@@@........@@@..........................................................................................@@................@@@@@@@@@@.........@@....@@@@@@@@@@@@@.....@@@.........@@
@@.........@@@.....@@@@@@@@@@.......@@...........................................................................................@@@...............@@@@@@.............@@....@@@@@@@@@@@@@@....@@@.........@@
@@.........@@@@....@@@@@@@@@@.......@@...........................................................................................@@@...............@@@......................@@@@@@@@@@@@@.....@@@.........@@
@@.........@@@@....@@@@@@@@@@.........................................@...........................................................@@@..............@@@......................@@@@@@@@@@@@@.....@@@.........@@
@@.........@@@.....@@@@@@@@@@@.......................................@@@.............................@@............................@@@......................................@@@@@@@@@@@@@.....@@@.........@@
@@.........@@@.....@@@@@@@@@@@@@......................................@@@............................@@.............................@@@......................................@@@@@@@@@@@@.....@@@.........@@
@@.........@@@.....@@@@@@@@@@@@@......................@@@..............@@@...........................................................@........................................@@@@@@@@@@@....@@@@.........@@
@@.........@@@.....@@@@@@@@@@@@@......................@@@...............@@@...........................................................................................@@......@@@@@@@@@@@....@@@@.........@@
@@.........@@@....@@@@@@@@@@@@@@....@@.............@@@@@@...............@@@...........................................................................................@@......@@@@@@@@@@@.....@@@.........@@
@@.........@@@.....@@@@@@@@@@@@@....@@.........@@@@@@@@@@................@@..........................................................................................@@@.......@@@@@@@@@@@....@@@.........@@
@@........@@@@.....@@@@@@@@@@@@.....@@.........@@@@@@@@@@...........................@@@..........................................................................@@@@@@@@@.....@@@@@@@@@@@....@@@.........@@
@@.......@@@@@......@@@@@@@@@@@.....@@.........@@@@@@@@@@...........................@@@...........................@@.............................................@@@@@@@@@.....@@@@@@@@@@@....@@@.........@@
@@......@@@@@@...........@@@@@@.....@@.........@@@@@@@@@@...........................@@@...........................@@@............................................@@@@@@@@@......@@@@@@@@@@....@@@.........@@
@@.....@@@@@@@......................@@.........@@@@@@@@@@...........................@@@...........................@@@...........................................@@@@@@@@@@......@@@@@@@@@.....@@@.........@@
@@.....@@@@@@@......................@@.........@@@@@@@@@@..@@@@....@@@@@@@@@@@@@@@..@@@..........................@@@@...........................................@@@@@@@@@@@......@@@@..@@.....@@..........@@
@@.....@@@@@@@.....................@@..........@@@@@@@@@@..@@@@....@@@@@@@@@@@@@@@..@@@.....@@@@.................@@@...............................@@@...........@@@@@@@@@@...................@@..........@@
@@.....@@@@@@@....................@@...........@@@@@@@@@@....@@@@@.@@@@@@@@@@@...@..@@@......@@@@@..............@@@@...............................@@@...........@@@@@@@@@@..................@@@@.........@@
@@.....@@@@@@....................@@............@@@@@..@@@.....@@@..@@@@@@@@@@@...@..@@@.........@@@.............@@@................................@@............@@@@@@@@@@..................@@@@.........@@
@@.....@@@@@@@@@@@@@@@@.....@@@@@@.............@@@....@@@..........@@@@@@@@@@@...@..@@@..........@@@@..........@@@@......................@@@.......@@............@@@@@@@@@...................@@@..........@@
@@.....@@@.@@@@@@@@@@@@.....@@@@@.....................@@@..........@@@@@@@@@@@...@..@@@............@@@.........@@@@......................@@@....@@@@@.............@.........................@@@@..........@@
@@.....@@@...........................................@@@...........@@@@@@@@@@@...@..@@@.............@@.........@@@.......................@@@....@@@@@.............@........................@@@@...........@@
@@.....@@@..........................................@@@............@@@@@@@@@@@...@..@@@.......................@@@@.......................@@@....@..@@............@@..............@@@@@@@@@@@@@@...........@@
@@.....@@..........................................@@@.............@@@@@@@@@@@@..@..@@@.......................@@@........................@@@.......@@.............@....@@.............@@....@@@...........@@
@@.....@..........................................@@@..............@@@@@@@@@@@@..@..@@@......................@@@@........................@@@.......@@.............@...@@@.............@@....@@............@@
@@.....@.........................................@@@...............@@@@@@@@@@@@..@...........................@@@.........................@@@.......@@............@@...@@..............@@....@@............@@
@@.....@.........................................@@................@@@@@@@@@@@@..@...........................@@@........................@@@@.......@@............@@...@@..............@@....@@............@@
@@.....@.......@@................................@.................@@@@@@@@@@@...@..........................@@@@........................@@@........@@.............@@........................@@............@@
@@.....@.......@@................................@.................@@............@..........................@@@.........................@@@....@@..@@.............@@........................@@............@@
@@.....@@@......@@.......@@@.....................@.................@@............@.........................@@@@...@@@...................@@@....@@..@@..............@........@@@@@@@@........@@............@@
@@.....@@@......@@.......@@@.....................@..@@@@...........@@............@.........................@@@@...@@@@@@................@@@....@@..@@..............@@.......@@@@@@@@.....@@@@@............@@
@@.....@@@......@@...............................@.@@@@@@@@........@@............@...........................@.......@@@@..............@@@@....@@..@@..............@@.......@@@@@@@@.....@@@@@............@@
@@.....@@@@@....@@...............................@.@@@@@@@@........@@...@@@@@..@@@.....................................@@@@........................@@...@@..........@.......@@@@@@@@....@@@@@@............@@
@@.....@@@@@.....@...............................@.@@@@@@@@........@@...@@@@@..@@@........................@@@............@@........................@@@@@@...................@@@@@@@@...@@@@@@.............@@
@@.....@@@@@.....@@..............................@.@@@@@@@@........@@...@@.....@@@........................@@@.............@@.......................@@@@@@...................@@@@@@@@...@@@................@@
@@.....@@@@@.....@@..............................@.@@@@@@@@........@@..@@@................................@@@.............@@................................................@@@@@@@@...@@@................@@
@@.....@@@@@.....@@..............................@.@@@@@@@@........@@..@@.................................@@@................................................................@@@@@@@...@@@................@@
@@.....@@@@@.....@@..............................@.@@@@@@@@........@@.....................................@@@..........................................................................@@.................@@
@@.....@@@.......................................@..@@.....@@@.....@@.....................................@@@.........@@@..............................................................@@.................@@
@@.....@@@@.....................@@@@@@...........@.........@@@.....@@....................................@@@@.....@@@@@@@@.........................................@@..................@@.................@@
@@.....@@@...................@@@@@@..............@.........@@@.....@@.@@.................................@@@.....@@@@@@@@@.........................................@@..................@@.................@@
@@.....@@@..................@@@@.................@.................@@.@@.................................@@@.....@@@@@@@@@.........................................@@..................@@@................@@
@@.....@@...................@@...................@.................@@@@@.................................@@@.....@@@@@@@@@.........................................@@@.................@@.................@@
@@.....@@.............@@.........................@.................@@@@@.................................@@@.....@@@@@@@@@.........................................@@@.................@@.................@@
@@.....@@......@@@@@@@@@@@@......................@....................@@.................................@@@.....@@@@@@@@@.........................................@@..................@@.................@@
@@.....@.......@@@@@@@@@@@@......................@.......................................................@@@.....@@@@@@@@@.........................................@@............@.....@@.................@@
@@.....@......@@@@@@@@@@@@@......................@.......................................................@@@......@@@@.........................@@................................@.....@@@................@@
@@.....@......@@@@@@@@@@@@@......................@@@@@@@@@@@@@@@......@........................................................................@@................................@.....@@.................@@
@@.....@......@@@@@@@@@@@@@@.....................@@@@@@@@@@@@@@@.....@@........................................................................@@................................@.....@@.................@@
@@.....@......@@@@@@@@@@@@@.......................@@@@@@@@@@@@@@@....@@........@@@.............................................................@@................................@.....@@.................@@
@@.....@@.....@@@@@@@@@@@@@.......................@@@@@@@@@@@@@@@....@@........@@@.............................................................@@................................@.....@@@................@@
@@.....@@@....@@@@@@@@@@@@@.......................@@@@@@@@@@@@@@@...@@.........@@@.............................................................@@................................@.....@@@................@@
@@.....@@@.....@@@@@@@@@@@@.......................@@@@@@@@@@@@@@@...@@...........@.............................................................@@........................@@@@@@@@@@@@@@@@@@@@@@@..........@@
@@.....@@@......@@.......@........................@@@@@@@@@@@@@@@..@@............@.............................................................@@.....................@@@@@@@@@@@@@@@@@@@@@@@@@@..........@@
@@.....@@@@..............@........................@@@@@@@@@@@@@@@.@@@............@..............@.@..................................@.........@@....................@@@@........@@@@@@@@@@@@@@@..........@@
@@.....@@@@@......................................@@@@@@@@@@@@@@@................@..............@@@..........................@@@@@@@@@@@@@@@@@@@@@@@.....@@..........@@..........@@@@@@@@@@@@@@@..........@@
@@.....@@@@@......................................@@@@@@@@@@@@@@@................@..@@@.........@@@..........................@@@@@@@@@@@@@@@@@@@@@@@@@@@@@@......................@@@@@@@@@@@@@@@..........@@
@@.....@@@@@@....................................@@@@@@@@@@@@@@@@..............@.@..@@@.........@@@..........................@@@@@@@@@@@@@@@@@@@@@@@.............................@@@@@@@@@@@@@@@..........@@
@@.....@@@@@@....................................@........@@@@.................@@@..@@@.........@@@..........................@@@@@@@@@@@@@@@@@@@@@@@.............................@@@@@@@@@@@@@@@..........@@
@@.....@@@@@@....................................@........@@.................@@@@@@@@@@.........@@@@........@............@...@@@@@@@@@@@@@@@@@@@@@@@@............................@@@@@@@@@@@@@@@..........@@
@@.....@@@@@@................................................................@@@.@@@@@@.........@@@@........@............@...@@@@@@@@@@@@@@@@@@@@@@@.............................@@@@@@@@@@@@@@@..........@@
@@.....@@@@@@.............................................................@@@@@@.@@@@@@.........@.@@........@............@...@@@@@@@@@@@@@@@@@@@@@@@.............................@@@......@@@@@@..........@@
@@.....@@@@@@.................@@@.........................................@@@@@..@..@@@......................................@@@@@@@@@@@@@@@@@@@@@@@......................................@@@@@@..........@@
@@.....@@@@@@..................@@.........................................@@@@@..@..@@@......................................@@@@@@@@@@@@@@@@@@@@@@@......................................@@@@@@..........@@
@@.....@@@@@@..................@@.........................................@@@@@..@..@@@.......................................@@@@@@@.....@@@@@@@@@@......................................@@@@@@..........@@
@@.....@@@@@@..................@@.........................................@@@@@@.@..@@@.......................................@...@@@.....@@@@@@@@@@......................................@@@@@@..........@@
@@.....@@@@@@.................@@@.................@@@............................@..@@@.......................................@@@@@........@@@@@@@@@......................................@@@@@@..........@@
@@.....@@@@@@.....@@..........@@@.................@@@@@@@@@@@@@@@@@@@@@@@@@@@@@@@@..@@@.......................................@@@@@............@@@@.......................................@@@@@@..........@@
@@.....@..........@@@@........@@@@................@@@@@@@@@@@@@@@@@@@@@@@@@@@@@@@@..@@@.......................................@@@@@@...........@@@@........................................@@@@@..........@@
@@@@@@@@@@@@@@@@@@@@@@@@@@@@@@@@@@@@@...............................................@@@.......................................@@@@@@.......................................................@@@@@..........@@
@@@@@@@@@@@@@@@.................@@@@@...............................................@@@.........................@@@@@@@@@.....@@@@@@.........................................................@@@..........@@
@@@@@@@@@@@@@@@..................@@@@...............................................@@@.........................@@@@@@@@@.....@@@@@@.........................................................@@@..........@@
@@@@@@@@@@@@@@@@.................@@@@...........................................................@@@.............@@@@@@@@@.....@@@@@@...........................................................@..........@@
@@@@@@@@@@@@@@@@...................@@@..........................................................@@@.............@@@@@@@@@.....@@@@@@...........................................................@..........@@
@@@@@@@@@@@@@@@@@..................@@@.......................@@@@@@@@@@@@@@............@@.......@@@.............@@@@@@@@@.....@@@@@@...........................................................@..........@@
@@@@@@@@@@@@@@@@@...................@@.......................@........................@@@@@....@@@@.............@@@@@@@@@.....@@@@@@...........................................................@..........@@
@@@@@@@@@@@@@@@@@@...........................................@............@............@@@@....@@@@.............@@@@@@@@@.....@@@@.............................................................@..........@@
@@@@@@@@@@@@@@@@@@...........................................@............@....................@@@@.............@@@@@@@@@.....@@@@.............................................................@..........@@
@@@@@@@@@@@@@@@@@@@..........................................@............@....................@@@@.............@@@@@@@@@.....@@@@.............................................................@..........@@
@@@@@@@@@@@@@@@@@@@..........................................@............@................@@..@@@@.............@@@@...@@.....@@@..............................................................@..........@@
@@@@@@@@@@@@@@@@@@@@...................@@....................@............@................@@..@@@@.............@@@@...@@......@@..............................................................@..........@@
@@@@@@@@@@@@@@@@@@@@....................@@...................@@@@@@@@@@@@@@................@@..@@@@....................@@.....@@@..............................................................@..........@@
@@@@@@@@@@@@@@@@@@@@@...................@@.............................@...................@@..@@@@...........................@@...............................................................@..........@@
@@@@@@@@@@@@@@@@@@@@@....................@@............................@...................@@..@@@@...........................@@...............................................................@..........@@
@@@@@@@@@@@@@@@@@@@@@@....................@@...........................@.......@@@@@@@.....@@..@@@@............................................................................................@..........@@
@@@@@@@@@@@@@@@@@@@@@@....................@@...........................@.......@@@@@@@@....@@..@@@@............................................................................................@..........@@
@@@@@@@@@@@@@@@@@@@@@@.....................@@..........................@.......@@@@@@@@....@@..@@@@............................................................................................@..........@@
@@@@@@@@@@@@@@@@@@@@@@@.....................@@.................................@@@@@@@@....@@..@@@@............................................................................................@..........@@
@@@@@@@@@@@@@@@@@@@@@@@.....................@@.................................@@@@@@@@........@@@@............................................................................................@..........@@
@@@@@@@@@@@@@@@@@@@@@@@@.....................@@................................@@@@@@@@........@@@@............................................................................................@..........@@
@@@@@@@@@@@@@@@@@@@@@@@@......................@@@..............................@@@@@@@@........@@@@............................................................................................@..........@@
@@@@@@@@@@@@@@@@@@@@@@@@@......................@@@.............................@@@@@@@@........@@@@............................................................................................@..........@@
@@@@@@@@@@@@@@@@@@@@@@@@@.......................@@@................................@@@.........................................................................................................@..........@@
@@@@@@@@@@@@@@@@@@@@@@@@@@.......................@@@..........................................................................@@...............................................................@..........@@
@@@@@@@@@@@@@@@@@@@@@@@@@@........................@@@.........................................................................@@...............................................................@..........@@
@@@@@@@@@@@@@@@@@@@@@@@@@@@........................@@@........................................................................@@@..............................................................@..........@@
@@@@@@@@@@@@@@@@@@@@@@@@@@@@@........................@@@.......................................................................@@@.............................................................@..........@@
@@@@@@@@@@@@@@@@@@@@@@@@@@@@@@........................@@@@............................................................@@@.......@@@............................................................@..........@@
@@@@@@@@@@@@@@@@@@@@@@@@@@@@@@@@........................@@@@@.......................................................@@@@.........@@@...........................................................@..........@@
@@@@@@@@@@@@@@@@@@@@@@@@@@@@@@@@@@.........................@@@@....................................................@@@............@@@.........@@@..............................................@..........@@
@@@@@@@@@@@@@@@@@@@@@@@@@@@@@@@@@@@..........................@@@@@@................................................@@..............@@......@@@@@@@.@@..........................................@..........@@
@@@@@@@@@@@@@@@@@@@@@@@@@@@@@@@@@@@@@............................@@@@@@@@@@@@@.....................................@@..............@@......@@@@@@@.@@.@@@.....................................@@..........@@
@@@@@@@@@@@@@@@@@@@@@@@@@@@@@@@@@@@@@@.................................@@@@@@@@@@@@@@@@@@@@........................@@..............@@.........@@...@@@@@@@@@@@@@@@@@@@.......................@@@..........@@
@@@@@@@@@@@@@@@@@@@@@@@@@@@@@@@@@@@@@@@@...........................................................................@@..............@@@@.......@@...@@@@@@@@@@@@@@@@@@@......................@@@...........@@
@@@@@@@@@@@@@@@@@@@@@@@@@@@@@@@@@@@@@@@@@.......................................................@@@................@@..............@@@@.......@@...@@@@@@@@@@@@@@@@@@@.....................@@@............@@
@@@@@@@@@@@@@@@@@@@@@@@@@@@@@@@@@@@@@@@@@@@.....................................................@@@................................@@@@.............@@@@@@@@@@@@@@@@@@..@@@@..............@@@.............@@
@@@@@@@@@@@@@@@@@@@@@@@@@@@@@@@@@@@@@@@@@@@@@..............................................@@@..@@@................................@@@@@@.@.....@@@@@@@@@@@@@@@@@@@@@@@@@@@@@@@@@@@@@@@@@@@@..............@@
@@@@@@@@@@@@@@@@@@@@@@@@@@@@@@@@@@@@@@@@@@@@@@............................................@@@@..@@@................................@@@@@@.@.....@@@@@@@@@@@@@@@@@@@@@@@@@@................................@@
@@@@@@@@@@@@@@@@@@@@@@@@@@@@@@@@@@@@@@@@@@@@@@@@..........................................@@@@..@@@................................@@@@@@@@.....@@@@@@@@@@@@@@@@@@@@@@@@@@................................@@
@@@@@@@@@@@@@@@@@@@@@@@@@@@@@@@@@@@@@@@@@@@@@@@@@..........................................@....@@@................................@@@@@@@@@@@@@@@@@@@@@@@@@@@@@@@@@@@@@@@................................@@
@@@@@@@@@@@@@@@@@@@@@@@@@@@@@@@@@@@@@@@@@@@@@@@@@@@.............................................@@@................................@@@@@@@@@@@@@@@@@@@@@@@@@@@@@@@@@@@@@@@................................@@
@@@@@@@@@@@@@@@@@@@@@@@@@@@@@@@@@@@@@@@@@@@@@@@@@@@@@@@@@@@@@@@@@@@@@@@@@@@@@@@@@@@@@@@@@@@@@@@@@@@@@@@@@@@@@@@@@@@@@@@@@@@@@@@@@@@@@@@@@@@@@@@@@@@@@@@@@@@@@@@@@@@@@@@@@@@@@@@@@@@@@@@@@@@@@@@@@@@@@@@@@@@@
@@@@@@@@@@@@@@@@@@@@@@@@@@@@@@@@@@@@@@@@@@@@@@@@@@@@@@@@@@@@@@@@@@@@@@@@@@@@@@@@@@@@@@@@@@@@@@@@@@@@@@@@@@@@@@@@@@@@@@@@@@@@@@@@@@@@@@@@@@@@@@@@@@@@@@@@@@@@@@@@@@@@@@@@@@@@@@@@@@@@@@@@@@@@@@@@@@@@@@@@@@@@
