type octile
height 284
width 234
map
@@@@@@@@@@@@@@@@@@@@@@@@@@@@@@@@@@@@@@@@@@@@@@@@@@@@@@@@@@@@@@@@@@@@@@@@@@@@@@@@@@@@@@@@@@@@@@@@@@@@@@@@@@@@@@@@@@@@@@@@@@@@@@@@@@@@@@@@@@@@@@@@@@@@@@@@@@@@@@@@@@@@@@@@@@@@@@@@@@@@@@@@@@@@@@@@@@@@@@@@@@@@@@@@@@@@@@@@@@@@@@@@@@@@@@@@@@
@@@@@@@@@@@@@@@@@@@@@@@@@@@@@@@@@@@@@@@@@@@@@@@@@@@@@@@@@@@@@@@@@@@@@@@@@@@@@@@@@@@@@@@@@@@@@@@@@@@@@@@@@@@@@@@@@@@@@@@@@@@@@@@@@@@@@@@@@@@@@@@@@@@@@@@@@@@@@@@@@@@@@@@@@@@@@@@@@@@@@@@@@@@@@@@@@@@@@@@@@@@@@@@@@@@@@@@@@@@@@@@@@@@@@@@@@@
@@@@.......@@@..................................@@.....................................@@@@@@@@@@@@@@@@@@@@@@@@@@@@@@@@@@@@@..............@@@@@@@@@.......................@@@@@@@@@@@@.@@@@@............................................@@
@@@@.................@@@........................@@.....................................@@@@@@@@@@@@@@@@@@@@@@@@@@@@@@@@@@@@..............@@@@@..............................@@@@@@@@@@....@.............................................@@
@@@@............@@@@@@@@.........................@.......................................@@@@@@@@@@@@@@@@@@@@@@@@@@@@@@@@@...............@@@@@...............................@@@@@@@@@....@.............................................@@
@@@@............@@@@@@@@........................@@.......................................@@@@@@@@@@@@@@@@@@@@@@@@@@@@@@@@................@@@@@...............................@@@@@@@@@....@@@@@@@.......................................@@
@@@@............@@@@@@@@........................@@......................................@@@@@@@@@@@@@@@@@@@@@@@@@@@@@@@@@................@@@@@...............................@@@@@@@@@......@@@@@@@@@@@@@@@.............................@@
@@@@............................................@@.....................................@@@@@@@@@@@@@@@@@@@@@@@@@@@@@@@@@.................@@@@@................................@@@@@@@@................@@@@@@@@@@@@......................@@
@@@@............................................@@.....................................@@@@@@@@@@@@@@@@@@@@@@@@@@@@@@@@.........................................................................................@@......................@@
@@@@........................................@@@@@@@@@@@@@................................@@@@@@@@@@@@@@@@@@@@@@@@@@@@@..........................................................................................@@......................@@
@@@@........................................@@@@@@@@@@@@@.................................@@@@@@@@@@@@@@@@@@@@@@@@@@@..........................@@@@@@@@@........................................................@@......................@@
@@@@........................................@@@@@@@@@@@@@...................................@@@@@@@@@@@@@@@@@@@@@@@@......................@@@@@@@@@@@@@@.................................@@@@...................@@......................@@
@@@@..............@@@@@.....................@@@@@@@@@@@@@.....................................@@@@@@@@@@@@@@@@@@@@@.......................@@@@@@@@@@@@@@@..@@@@@@@@...@..................@@@@...................@@......................@@
@@@@..............@@@@@@......................@@@@@@@@@@@.......................................@@@@@@@@@.@@@@@@@@@........................@@@@@@@@@@@@@@@@@@@@@@@@...@..................@@@@.....@@@@@@........@@......................@@
@@@@..............@@@@@@......................@@@@@@@@@@@.......................................@@@@@@@@@.@@@@@@@@.......................@.@@@@@@@@@@@@@@@@@@@@@@@@...@.................@@@@@@@@@@@@@@@@........@@......................@@
@@@@......................@@..................@@@@@@@@@@@.......................................@@@@@@@@.@@@@@@@@.............@@@@@@@@@@@@.@@@@@@@@@@@@@@@@@@@@@@@@@@.@...........@@@@@..@@@@@@@@@@@@@@@........@@......................@@
@@@@@.....................@@..................@@@@@@@@@@@.........................................@@@@@@.@@@@@@@@.............@@@@@@@@@@@@@@@@@@@@@@@@@@@@@@@@@@@@@@@.@...........@@.....@@@@@@@@@@@@@@@........@@......................@@
@@@@@@@...................@@....................@@@@@@@@@.........................................@@@@...@@@@@@@..............@@@@@@@@@@@@@@@@@@@@@@@@@@@@@@@@@@@@@@@.@...........@......@@@@@@@@@@@@@@@........@@......................@@
@@@@@@@@@.................@@...........................@@................................................@@@@@@@..............@@@@@@@@@@@@@@@@@@@@@@@@@@@@@@@@@@@@@@@.@...........@......@@@@@@@@@@@@@@@........@@......................@@
@@@@@@@@@@@...............@@...........................@@.............................................@@@@@@@@@@..............@@@@@@@@@@@@@@@@@@@@@@@@@@@@@@@@@@@@@@@@@@..........@@.....@@@@@@@@@@@@@@@........@@......................@@
@@@@@@@@@@@@@.............@@...........................@@.............................................@@@@@@@@@@@@@@...........@@@@@@@@@@@@.@@@@@@@@@@@@@@@@@@@@@@@@..............@@.....@@@@@@@@@@@@@@@........@@......................@@
@@@@@@@@@@@@@@@...........@@...........................@@.............................................@@@@@@@@@@@@@@...........@@@@@@@@@@@@.....@@@@@@@@@@@@......................@@....@@@@@@@@@@@@@@@@........@@......................@@
@@@@@@@@@@@@@@@@..........@@...........................@@.............................................@@@@@@@@@@@@@@...........@@@@@@@@@@@@.............@@@.......................@@@@@@@@@@@@@@@@@.....................................@@
@@@@@@@@@@@@@@@@..........@@@@.........................@@.................................@...........@@@@@@@@@@@@@@...........@@@@@@@@@@@..........@@@@@@@.............................@@@@@@@.........................................@@
@@@@@@@@@@@@@@@@..........@@@@.......................................................@@@@@@@@.........@@@@@@@@@@@@@@..............@@@@@.............@@@@@@@@............................@@@@@@@.........................................@@
@@@@@@@@@@@@@@@@@.........@@@@@@@@@@.................................................@@@@@@@@..........@@@@@@.@@@@@@..............@@@...............@@@@@@@@............................................................................@@
@@@@@@@@@@@@@@@@@.........@@@@@@@@@@................................................@@@@@@@@@..........@@@@@@..@@.......................................................................................................................@@
@@@@@@@@@@@@@@@@@.........@@@@@@@@@@.....@@@@@@@@@...................................@@@@@@@@...@@@@@@@@@@@@@..@@.......................................................................................................................@@
@@@@@@@@@@@@@@@@@@........@@@@@@@@@@.....@@@@@@@@@...................................@@@@@@@@@@@@@@@@@@@@@@@...@@.......................................................................................................................@@
@@@@@@@@@@@@@@@@@@........@@@@@@@@@@.....@@@@@@@@@...................................@@@@@@@@@@@@@@@.@@@@@@.............................................................................................................................@@
@@@@@@@@@@@@@@@@@@........@@@@@@@@@@.....@@@@@@@@@...................................@@@@@@@@.......@@@@@@@@@@..............................@@@@@@@.....................................................................................@@
@@@@@@@@@@@@@@@@@@@.......@@@@@@@@@@.....@@@@@@@@@....................................@@@@@@.......@@@@@@@@@@@@...............@@@@@@@.......@@@@@@@......................................@@@@@@@........................................@@
@@@@@@@@@@@@@@@@@@@.......@@@@@@@@@@.....@@@@@@@@@................................................@@@@@@@@@@@@@@.....@@@@@@@@@@@@@@@@.......@@@@@@@......................................@@@@@@@@.......................................@@
@@@@@@@@@@@@@@@@@@@.......@@@@@@@@@@.....@@@@@@@@@................................................@@@@@@@@@@@@@@@....@@@@@@@@@@@@@@@@.....................................................@@@@@@@.......................................@@
@@@@@@@@@@@@@@@@@@@.......@@@@@@@@@@.....@@@@@@@@@..........................................@@@@@@@@@@@@@@@@@@@@@@...@@@@@@@@@..................................................................................@@.................@@@@@@@
@@@@@@@@@@@@@@@@@@........@@@@@@@@@@.....@@@@@@@@@..........................................@@@@@@@@@@@@@@@@@@@@@@@............................................................................................@@@.............@@@@@@@@@@@
@@@@@@@@@@@@@@@@@@........@@@@@@@@@@.........................................................@@@@@@@@@@@@@@@@@@@@@@............................................................................................@@@........@@@@@@@@@@@@@@@@
@@@@@@@@@@@@@@@@@.........@@@@@@@@@@.........................................................@@@@@@@@@@@@@@@@@@@@@...@@@@@@@@@@..................................................................................@...@@@@@@@@@@@@@@@@@@@@@
@@@@@@@@@@@@@@@@@.........@@@@@@@@@@....................@@...................................@@@@@@@@@.@@@@@@@@@@.....@@@@@@@@@..................................................................................@@@@@@@@@@@@@@@@@@@@@@@@@
@@@@@@@@@@@@@@@@..........@@@@@@@@@@....................@@...................................@@@@@@@@@..@@@@@@@@@.....@@@@@@@@@............................................................................@@@@@@@@@@@@@@@@@@@@@@@@@@@@@@@
@@@@@@@@@@@@@@@@..........@@@@@@@@@@....................@@.......................@.@@@.......@@@@@@@@@...@@@@@@@................................................................................@@@@@@@@@@@@@@@@@@@@@@@@@@@@@@@@@@@@@@@@@@
@@@@@@@@@@@@@@@...........@@@@@@@@......................@@.....................@@@.@@@..........@@@@@@....@@@@@.......................................................................@@@@@@@@@@@@@@@@@@@@@@@@@@@@@@@@@@@@@@@@@@@@@@@@@@@@
@@@@@@@@@@@@@@@...........@@@@@@........................@@.....................@@@.@@@..........@@@@@.......@@.....@.......................................................@@@@@@@@@@@@@@@@@@@@@@@@@@@@@@@@@@@@@@@@@@@@@@@@@@@@@@@@@@@@@@@
@@@@@@@@@@@@@@............@@@@@@........................@@.....................@@@@@.@@@@@@@@..@@@@@@...........@@@@.............................................@@@@@@@@@@@@@@@@@@@@@@@@@@@@@@@@@@@@@@@@@@@@@@@@@@@@@@@@@@@@@@@@@@@@@@@@@
@@@@@@@@@@@@@.............@@...........@................@......................@@@@@.@@@@@@@@..@@@@@@...........@@@@..................................@@@@@@@@@@@@@@@@@@@@@@@@@@@@@@@@@@@@@@@@@@@@@@@@@@@@@@@@@@@@@@@@@@@@@@@@@@@@@@@@@@@@
@@@@@@@@@@@@@.............@@...........@...............@@......................@@@@@.@@@@@@@@.@@@@@@@............@........................@@@@@@@@@@@@@@@@@@@@@@@@@@@@@@@@@@@@@@@@@@@@@@@@@@@@@@@@@@@@@@@@@@@@@@@@@@@@@@@@@@@@@@@@@@@@@@@@
@@@@@@@@@@@@..............@@...........@..............@@.......................@@@@@.@@@@@@@@@@@@@@@.............@............@@@@@@@@@@@@@@@@@@@@@@@@@@@@@@@@@@@@@@@@@@@@@@@@@@@@@@@@@@@@@@@@@@@@@@@@@@@@@@@@@@@@@@@@@@@@@@@@@@@@@@@@@@@@
@@@@@@@@@@@@..............@@@@.........@..............@@.......................@@@@@.@@@@@@@@@@@@@@@........@@@@@@@@@@@@@@@@@@@@@@@@@@@@@@@@@@@@@@@@@@@@@@@@@@@@@@@@@@@@@@@@@@@@@@@@@@@@@@@@@@@@@@@@@@@@@@@@@@@@@@@@@@@@@@@@@@@@@@@@@@@@@@
@@@@@@@@@@@...............@@@@.........@.............@@...............@@@@@@@@@@@@@@@@@@@@@@@@@@@@@@@@@@@@@@@@@@@@@@@@@@@@@@@@@@@@@@@@@@@@@@@@@@@@@@@@@@@@@@@@@@@@@@@@@@@@@@@@@@@@@@@@@@@@@@@@@@@@@@@@@@@@@@@@@@@@@@@@@@@@@@@@@@@@@@@@@@@@
@@@@@@@@@@@...............@@@@@........@...........@@@...............@@.....................@@@@@@@@@@@@@@@@@@@@@@@@@@@@@@@@@@@@@@@@@@@@@@@@@@@@@@@@@@@@@@@@@@@@@@@@@@@@@@@@@@@@@@@@@@@@@@@@@@@@@@@@@@@@@@@@@@@@@@@@@@@@@@@@@@@@@@@@@@@@@@
@@@@@@@@@@................@@@@@........@.........@@@@...............@@@.............@@@@@@@@@@@@@@@@@@@@@@@@@@@@@@@@@@@@@@@@@@@@@@@@@@@@@@@@@@@@@@@@@@@@@@@@@@@@@@@@@@@@@@@@@@@@@@@@@@@@@@@@@@@@@@@@@@@@@@@@@@@@@@@@@@@@@@@@@@@@@@@@@@@@@@
@@@@@@@@@@................@@@@@@@@@@@@@@@@@@@@@@@@@......@@.........@@@....@@@@@@@@@@@@@@@@@@@@@@@@@@@@@@@@@@@@@@@@@@@@@@@@@@@@@@@@@@@@@@@@@@@@@@@@@@@@@@@@@@@@@@@@@@@@@@@@@@@@@@@@@@@@@@@@@@@@@@@@@@@@@@@@@@@@@@@@@@@@@@@@@@@@@@@@@@@@@@@
@@@@@@@@@................................................@@@........@@@@@@@@@@@@@@@@@@@@@@@@@@@@@@@@@@@@@@@@@@@@@@@@@@@@@@@@@@@@@@@@@@@@@@@@@@@@@@@@@@@@@@@@@@@@@@@@@@@@@@@@@@@@@@@@@@@@@@@@@@@@@@@@@@@@@@@@@@@@@@@@@@@@@@@@@@@@@@@@@@@@@@
@@@@@@@@@..@@@@@@@@@@@@@@@@@@@@@@@@@@@@@@@@@@@@@@@@@@@@@@@@@........@@@@@@@@@@@@@@@@@@@@@@@@@@@@@@@@@@@@@@@@@@@@@@@@@@@@@@@@@@@@@@@@@@@@@@@@@@@@@@@@@@@@@@@@@@@@@@@@@@@@@@@@@@@@@@@@@@@@@@@@@@@@@@@@@@@@@@@@@@@@@@@@@@@@@@@@@@@@@@@@@@@@@@
@@@@@@@@.@@@@@@@@@@@@@@@@@@@@@@@@@@@@@@@@@@@@@@@@@@@@@@@@@@@.........@@@@@@@@@@@@@@@@@@@@@@@@@@@@@@@@@@@@@@@@@@@@@@@@@@@@@@@@@@@@@@@@@@@@@@@@@@@@@@@@@@@@@@@@@@@@@@@@@@@@@@@@@@@@@@@@@@@@@@@@@@@@@@@@@@@@@@@@@@@@@@@@@@@@@@@@@@@@@@@@@@@@@
@@@@@@@@@@@@@@@@@@@@@@@@@@@@@@@@@@@@@@@@@@@@@@@@@@@@@@@@@@@@.........@@@@@@@@@@@@@@@@@@@@@@@@@@@@@@@@@@@@@@@@@@@@@@@@@@@@@@@@@@@@@@@@@@@@@@@@@@@@@@@@@@@@@@@@@@@@@@@@@@@@@@@@@@@@@@@@@@@@@@@@@@@@@@@@@@@@@@@@@@@@@@@@@@@@@@@@@@@@@@@@@@@@@
@@@@@@@@@@@@@@@@@@@@@@@@@@@@@@@@@@@@@@@@@@@@@@@@@@@@@@@@@@@@@........@@@@@@@@@@@@@@@@@@@@@@@@@@@@@@@@@@@@@@@@@@@@@@@@@@@@@@@@@@@@@@@@@@@@@@@@@@@@@@@@@@@@@@@@@@@@@@@@@@@@@@@@@@@@@@@@@@@@@@@@@@@@@@@@@@@@@@@@@@@@@@@@@@@@@@@@@@@@@@@@@@@@@
@@@@@@@@@@@@@@@@@@@@@@@@@@@@@@@@@@@@@@@@@@@@@@@@@@@@@@@@@@@@@........@@@@@@@@@@@@@@@@@@@@@@@@@@@@@@@@@@@@@@@@@@@@@@@@@@@@@@@@@@@@@@@@@@@@@@@@@@@@@@@@@@@@@@@@@@@@@@@@@@@@@@@@@@@@@@@@@@@@@@@@@@@@@@@@@@@@@@@@@@@@@@@@@@@@@@@@@@@@@@@@@@@@@
@@@@@@@@@@@@@@@@@@@@@@@@@@@@@@@@@@@@@@@@@@@@@@@@@@@@@@@@@@@@@........@@@@@@@@@@@@@@@@@@@@@@@@@@@@@@@@@@@@@@@@@@@@@@@@@@@@@@@@@@@@@@@@@@@@@@@@@@@@@@@@@@@@@@@@@@@@@@@@@@@@@@@@@@@@@@@@@@@@@@@@@@@@@@@@@@@@@@@@@@@@@@@@@@@@@@@@@@@@@@@@@@@@@
@@@@@@@@@@@@@@@@@@@@@@@@@@@@@@@@@@@@@@@@@@@@@@@@@@@@@@@@@@@@@.........@@@@@@@@@@@@@@@@@@@@@@@@@@@@@@@@@@@@@@@@@@@@@@@@@@@@@@@@@@@@@@@@@@@@@@@@@@@@@@@@@@@@@@@@@@@@@@@@@@@@@@@@@@@@@@@@@@@@@@@@@@@@@@@@@@@@@@@@@@@@@@@@@@@@@@@@@@@@@@@@@@@@
@@@@@@@@@@@@@@@@@@@@@@@@@@@@@@@@@@@@@@@@@@@@@@@@@@@@@@@@@@@@@.........@@@@@@@@@@@@@@@@@@@@@@@@@@@@@@@@@@@@@@@@@@@@@@@@@@@@@@@@@@@@@@@@@@@@@@@@@@@@@@@@@@@@@@@@@@@@@@@@@@@@@@@@@@@@@@@@@@@@@@@@@@@@@@@@@@@@@@@@@@@@@@@@@@@@@@@@@@@@@@@@@@@@
@@@@@@@@@@@@@@@@@@@@@@@@@@@@@@@@@@@@@@@@@@@@@@@@@@@@@@@@@@@@@.........@@@@@@@@@@@@@@@@@@@@@@@@@@@@@@@@@@@@@@@@@@@@@@@@@@@@@@@@@@@@@@@@@@@@@@@@@@@@@@@@@@@@@@@@@@@@@@@@@@@@@@@@@@@@@@@@@@@@@@@@@@@@@@@@@@@@@@@@@@@@@@@@@@@@@@@@@@@@@@@@@@@@
@@@@@@@@@@@@@@@@@@@@@@@@@@@@@@@@@@@@@@@@@@@@@@@@@@@@@@@@@@@@@@........@@@@@@@@@@@@@@@@@@@@@@@@@@@@@@@@@@@@@@@@@@@@@@@@@@@@@@@@@@@@@@@@@@@@@@@@@@@@@@@@@@@@@@@@@@@@@@@@@@@@@@@@@@@@@@@@@@@@@@@@@@@@@@@@@@@@@@@@@@@@@@@@@@@@@@@@@@@@@@@@@@@@
@@@@@@@@@@@@@@@@@@@@@@@@@@@@@@@@@@@@@@@@@@@@@@@@@@@@@@@@@@@@@@........@@@@@@@@@@@@@@@@@@@@@@@@@@@@@@@@@@@@@@@@@@@@@@@@@@@@@@@@@@@@@@@@@@@@@@@@@@@@@@@@@@@@@@@@@@@@@@@@@@@@@@@@@@@@@@@@@@@.....@@@@@@@@@@@@@@@@@@@@@@@@@@@@@@@@@@@@@@@@@@@@
@@@@@@@@@@@@@@@@@@@@@@@@@@@@@@@@@@@@@@@@@@@@@@@@@@@@@@@@@@@@@@........@@@@@@@@@@@@@@@@@@@@@@@@@@@@@@@@@@@@@@@@@@@@@@@@@@@@@@@@@@@@@@@@@@@@@@@@@@@@@@@@@@@@@@@@@@@@@@@@@@@@@@@@................@@@@@@@@@@@@@@@@@@@@@@@@@@@@@@@@@@@@@@@@@@@@
@@@@@@@@@@@@@@@@@@@@@@@@@@@@@@@@@@@@@@@@@@@@@@@@@@@@@@@@@@@@@@.........@@@@@@@@@@@@@@@@@@@@@@@@@@@@@@@@@@@@@@@@@@@@@@@@@@@@@@@@@@@@@@@@@@@@@@@@@@@@@@@@@@@@@@@@@@@............................@@@@@@@@@@@@@@@@@@@@@@@@@@@@@@@@@@@@@@@@@@@@
@@@@@@@@@@@@@@@@@@@@@@@@@@@@@@@@@@@@@@@@@@@@@@@@@@@@@@@@@@@@@@.........@@@@@@@@@@@@@@@@@@@@@@@@@@@@@@@@@@@@@@@@@@@@@@@@@@@@@@@@@@@@@@@@@@@@@@@@@@@@@@@@........@@@@@@@@@....@@@.@@@...........@@@@@@@@@@@@@@@@@@@@@@@@@@@@@@@@@@@@@@@@@@@@
@@@@@@@@@@@@@@@@@@@@@@@@@@@@@@@@@@@@@@@@@@@@@@@@@@@@@@@@@@@@@@.........@@@@@@@@@@@@@@@@@@@@@@@@@@@@@@@@@@@@@@@@@@@@@@@@@@@@@@@@@@@@@@@@@@@@@...................@@@@@@@@@..@@@@@.@@@...........@@@@@@@@@@@@@@@@@@@@@@@@@@@@@@@@@@@@@@@@@@@@
@@@@@@@@@@@@@@@@@@@@@@@@@@@@@@@@@@@@@@@@@@@@@@@@@@@@@@@@@@@@@@@........@@@@@@@@@@@@@@@@@@@@@@@@@@@@@@@@@@@@@@@@@@@@@@@@@@@@@@@@@@@@................................@@@@@..@@@@@.@@@..@@@@@....@@@@@@@@@@@@@@@@@@@@@@@@@@@@@@@@@@@@@@@@@@@@
@@@@@@@@@@@@@@@@@@@@@@@@@@@@@@@@@@@@@@@@@@@@@@@@@@@@@@@@@@@@@@@........@@@@@@@@@@@@@@@@@@@@@@@@@@@@@@@@@@@@@@@@@@@@@@.....@@@@@@@@@................................@@@@@...@@@@..@@.@@@@@@....@@@@@@@@@@@@@@@@@@@@@@@@@@@@@@@@@@@@@@@@@@@@
@@@@@@@@@@@@@@@@@@@@@@@@@@@@@@@@@@@@@@@@@@@@@@@@@@@@@@@@@@@@@@@........@@@@@@@@@@@@@@@@@@@@@@@@@@@@@@@@@@@@@@@@@@@@@@.....@@@@@@@@@.........................@@@@@..@@@@@...@@@.....@@@@@@@....@@@@@@@@@@@@@@@@@@@@@@@@@@@@@@@@@@@@@@@@@@@@
@@@@@@@@@@@@@@@@@@@@@@@@@@@@@@@@@@@@@@@@@@@@@@@@@@@@@@@@@@@@@@@........@@@@@@@@@@@@@@@@@@@@@@@@@@@@@@@@@@@@@@@@@@@@@@.....@@@@@@@@@@@@......................@@@@@..................@@@@@@@.....@@@@@@@@@@@@@@@@@@@@@@@@@@@@@@@@@@@@@@@@@@@
@@@@@@@@@@@@@@@@@@@@@@@@@@@@@@@@@@@@@@@@@@@@@@@@@@@@@@@@@@@@@@@.........@@@@@@@@@@@@@@@@@@@@@@@@@@@@@@@@@@@@.@@@@@@@@@....@@@@@@@@@@@@......................@@@@@@..................@@@@@@@@@@@@@@@@@@@@@@@@@@@@@@@@@@@@@@@@@@@@@@@@@@@@@@
@@@@@@@@@@@@@@@@@@@@@@@@@@@@@@@@@@@@@@@@@@@@@@@@@@@@@@@@@@@@@@@.........@@@@@@@@@@@@@@@@@@@@@@@@@@@@@@@@@@@@.@@@@@@@@@....@@@@@@@@@@@@......................@@@@@........@@@@@@@@@@@@@@@@@@@@@@@@@@@@@@@@@@@@@@@@@@@@@@@@@@@@@@@@@@@@@@@@@
@@@@@@@@@@@@@@@@@@@@@@@@@@@@@@@@@@@@@@@@@@@@@@@@@@@@@@@@@@@@@@@@........@@@@@@@@@@@@@@@@@@@@@@@@@@@@@@@@@@@@@@@@@@@@@@@@@@@@@@@@@@@@@@@@......@@@@..........@@@@@@@@@@@@@@@@@@@@@@@@@@@@@@@@@@@@@@@@@@@@@@@@@@@@@@@@@@@@@@@@@@@@@@@@@@@@@@
@@@@@@@@@@@@@@@@@@@@@@@@@@@@@@@@@@@@@@@@@@@@@@@@@@@@@@@@@@@@@@@@........@@@@@@@@@@@@@@@@@@@@@@@@@@@@@@@@@@@@@@@@@@@@@@@@@@@@@@....@@@@@@......@@@@@@@@@@@@@@@@@@@@@@@@@@@@@@@@@@@@@@@@@@@@@@@@@@@@@@@@@@@@@@@@@@@@@@@@@@@@@@@@@@@@@@@@@@@@
@@@@@@@@@@@@@@@@@@@@@@@@@@@@@@@@@@@@@@@@@@@@@@@@@@@@@@@@@@@@@@@@........@@@@@@@@@@@@@@@@@@@@@@@@@@@@@@@@@@@@@@@@@@@@..............@@@@........@@@@@@@@@@@@@@@@@@@@@@@@@@@@@@@@@@@@@@@@@@@@@@@@@@@@@@@@@@@@@@@@@@@@@@@@@@@@@@@@@@@@@@@@@@@@
@@@@@@@@@@@@@@@@@@@@@@@@@@@@@@@@@@@@@@@@@@@@@@@@@@@@@@@@@@@@@@@@........@@@@@@@@@@@@@@@@@@@@@@@@@@@@@@@@@@@@@@@@@@@@..............@@@@........@@@@@@@@@@@@@@@@@@@@@@@@@@@@@@@@@@@@@@@@@@@@@@@@@@@@@@@@@@@@@@@@@@@@@@@@@@@@@@@@@@@@@@@@@@@@
@@@@@@@@@@@@@@@@@@@@@@@@@@@@@@@@@@@@@@@@@@@@@@@@@@@@@@@@@@@@@@@@.........@@@@@@@@@@@@@@@@@@@@@@@@@.@@@@@@@@@@@@@@@@@..............@@@@........@@@@@@@@@@@@@@@@@@@@@@@@@@@@@@@@@@@@@@@@@@@@@@@@@@@@@@@@@@@@@@@@@@@@@@@@@@@@@@@@@@@@@@@@@@@@
@@@@@@@@@@@@@@@@@@@@@@@@@@@@@@@@@@@@@@@@@@@@@@@@@@@@@@@@@@@@@@@@.........@@@@@@@@@@@@@@@@@@@@@......@@@@@@@@@@@@@@@@@...............@@........@@@.@@@@@@@@@@@@@@@@@@@@@@@@@@@@@@@@@@@@@@@@@@@@@@@@@@@@@@@@@@@@@@@@@@@@@@@@@@@@@@@@@@@@@@@@
@@@@@@@@@@@@@@@@@@@@@@@@@@@@@@@@@@@@@@@@@@@@@@@@@@@@@@@@@@@@@@@@@........@@@@@@@@@@@@@@@@@@......@@@@@@@@@@@@@@@@@@@@@..............@@.........@@..@@@@@@@@@@@@@@@@@@@@@@@@@@@@@@@@@@@@@@@@@@@@@@@@@@@@@@@@@@@@@@@@@@@@@@@@@@@@@@@@@@@@@@@
@@@@@@@@@@@@@@@@@@@@@@@@@@@@@@@@@@@@@@@@@@@@@@@@@@@@@@@@@@@@@@@@@........@@@@@@@@@@@@@@........@@@@@@@@@@@@@@@@@@@@@@@..............@@........@@@@.@@@@@@@@@@@@@@@@@@@@@@@@@@@@@@@@@@@@@@@@@@@@@@@@@@@@@@@@@@@@@@@@@@@@@@@@@@@@@@@@@@@@@@@
@@@@@@@@@@@@@@@@@@@@@@@@@@@@@@@@@@@@@@@@@@@@@@@@@@@@@@@@@@@@@@@@@........@@@@@@@@@@@........@@@@@..@@@@@@@@@@@@@@@@@@@..............@@........@@@@.@@@@@@@@@@@@@@@@@@@@@@@@@@@@@@@@@@@@@@@@@@@@@@@@@@@@@@@@@@@@@@@@@@@@@@@@@@@@@@@@@@@@@@@
@@@@@@@@@@@@@@@@@@@@@@@@@@@@@@@@@@@@@@@@@@@@@@@@@@@@@@@@@@@@@@@@@........@@@@@@@........@@@@@@.....@@@@@@@@@@@@@@@@@................@@........@@@@.@@@@@@@@@@@@@@@@@@@@@@@@@@@@@@@@@@@@@@@@@@@@@@@@@@@@@@@@@@@@@@@@@@@@@@@@@@@@@@@@@@@@@@@
@@@@@@@@@@@@@@@@@@@@@@@@@@@@@@@@@@@@@@@@@@@@@@@@@@@@@@@@@@@@@@@@@.........@@@........@@@@@@@@......@@@@@@@@@@@@@@@@@................@@........@@@@.@@@@@@@@@@@@@@@@@@@@@@@@@@@@@@@@@@@@@@@@@@@@@@@@@@@@@@@@@@@@@@@@@@@@@@@@@@@@@@@@@@@@@@@
@@@@@@@@@@@@@@@@@@@@@@@@@@@@@@@@@@@@@@@@@@@@@@@@@@@@@@@@@@@@@@@@@@........@@......@@@@@@@@@@@@.......@@@@@@@@@@....@............@@..@@.............@@@@@@@@@@@@@@@@@@@@@@@@@@@@@@@@@@@@@@@@@@@@@@@@@@@@@@@@@@@@@@@@@@@@@@@@@@@@@@@@@@@@@@@
@@@@@@@@@@@@@@@@@@@@@@@@@@@@@@@@@@@@@@@@@@@@@@@@@@@@@@@@@@@@@@@@@@........@@@....@@@@@@@@@@@@@...........@.........@............@@@@@@@............@@@@@@@@@@@@@@@@@@@@@@@@@@@@@@@@@@@@@@@@@@@@@@@@@@@@@@@@@@@@@@@@@@@@@@@@@@@...@@@@..@@@
@@@@@@@@@@@@@@@@@@@@@@@@@@@@@@@@@@@@@@@@@@@@@@@@@@@@@@@@@@@@@@@@@@........@@@...@@@@@@@@@@@@@@.....................@@@@@@@@.....@@@@@@@............@@@@@@@@@@@@@@@@@@@@@@@@@@@@@@@@@@@@@@@@@@@@@@@@@@@@@@@@@@@@@@@@..@@@@@@@@@...@@@@..@@@
@@@@@@@@@@@@@@@@@@@@@@@@@@@@@@@@@@@@@@@@@@@@@@@@@@@@@@@@@@@@@@@@@@.........@@...@@@@@@@@@@@@@......................@@@@............................@@@@@@@@@@@@@@@@@@@@@@@@@@@@@@@@@@@@@@@@@@@@@@@@@@@@@.............@@@@@@@@@....@@@@@@@@
@@@@@@@@@@@@@@@@@@@@@@@@@@@@@@@@@@@@@@@@@@@@@@@@@@@@@@@@@@@@@@@@@...............@@@@@@@@@@@@@......................................................@@@@@@@@@@@@@@@@@@@@@@@@@@@@@@@@@@@@@@@@@........@@@@.............@@@@@@@@@......@@@@@@
@@@@@@@@@@@@@@@@@@@@@@@@@@@@@@@@@@@@@@@@@@@@@@@@@@@............@@.................@@@@@@@@@@.......................................................@@@@@@@@@@@@@@@@@@@@@@@@..@@@@@@..................................@@@@@@@@@.........@@@
@@@@@@@@@@@@@@@@@@@@@@@@@@@@@@@@@@@@@@.............................................@@@@@@@@@.......................................................@@@@@@@@@@@@..............@@@@@@...................................@@@@@@@@@@@@@@@..@@@
@@@@@@@@@@@@@@@@@@@@@@@@@@.........................................................@@@@@@@@@@................................................................................@@@@..................................@@@@@@@@@@@@@@@@@@..@@@
@@@@@@@@@@@@@@.....................................................................@@@@@@@@@@................................................................................@@@@.................................@@@@@@@@@@@@@@@@@@@..@@@
@@@@@@@@@@@@@@@@....................................................................@@@@@@@@@................................................................................@@...................................@@@@@@@@@@@@@@@@@@@..@@@
@@@@@@@@@@@@@@@@@@................................@@@@..............................@@@@@@@..................................................................................@@...................................@@@@@@@@@@@@@@@@@@@..@@@
@@@@@@@@@@@@@@@@@@...........................@@@@@@@@@@.............................@@@@@....................................................................................@@...................................@@@@@@@@@@@@@@@@......@@
@@@@@@@@@@@@@@@@@@@.......................@@@@@@@@@@@@@.......................@......@@......................................................................................@@@..................................@@@@@@@@@@@@@@@@.....@@@
@@@@@@@@@@@@@@@@@@@.......................@@@@@@@@@@@@@.......................@@...........................................................................................@@@@@..................................@@@@@@@@@@@@@@@@.....@@@
@@@@@@@@@@@@@@@@@@@.......................@@@@@@@@@@@@@.......................@@...........@@@..................................................................@@@@@@@@@@@@@@@@...................................@@@@@@@@@@@@@@@.....@@@
@@@@@@@@@@@@@@@@@@@.......................@@..@@@@@@@@@........................@@.........@@@................................@@@@@..................@@@@@@@@@@@@@@@@@@@@@@@@@@@....................................@@@@@@@@@@@@@@@.....@@@
@@@@@@@@@@@@@@@@@@@........................@..@@@@@@@@@@.......................@@.......@@@.........................@@@@@@@@@@@@@@..................@@@@@@@@@@@@@@@@@@@@@@@@@@@....................................@@@@@@@@@@@@@@@......@@
@@@@@@@@@@@@@@@@@@@........................@..@@@@@@@@@@........................@.....@@@@....................@@@@@@@@@..@@.........................@@..........@@@@@@@@@@@@@@@@....................................@@@@@@@@@@@@@@......@@
@@@@@@@@@@@@@@@@@@@@.......................@...@@@@@@@@@........................@@...@@@...................@@@@@@@@@@@...@@.........................@@..........@@@@@@@@@@@@@@@@.....................................@@@@@@@@@@@@@@.....@@
@@@@@@@@@@@@@@@@@@@@.......................@@..@@@@@............................@@@@@@..................@@@@@@@@@@@@@@@.@@..........................@@@.........@@@@@@@@@@@@@@@@......................................@@@@@@@@@@@@@.....@@
@@@@@@@@@@@@@@@@@@@@..................................................................................@@@@...@@@@@@@@@@.@@..........................@@@@........@@@@@@@@@@@@@@@@........................................@@@@@@@@@@@.....@@
@@@@@@@@@@@@@@@@@@@@..............@@..................@@...........@@@@................................@.....@@@@@@@@@@.@@...........................@@@........@@@@@@@@@@@@.............................................@@@@@@@@@......@@
@@@@@@@@@@@@@@@@@@@@...........@@@@@............................@@@@@@........................................@@@@@@@@@@@.......................................@@@@@@@@@@@@............................................................@@
@@@@@@@@@@@@@@@@@@@@...........@@@@.............................@@@...........................................@@@@@@@@@@@......................................@@@@@@@@@@@@@............................................................@@
@@@@@@@@@@@@@@@@@@@@...........@@@@...........................................................@...............@@@@@@@@@@@......................................@@@@@@@@@@@@@@...........................................................@@
@@@@@@@@@@@@@@@@@@@@@...........@@@..........................................................@@................@@@@@@@@@.......................................@@...@@@@................................................................@@
@@@@@@@@@@@@@@@@@@@@@...........@@@............@@@@@@@......................................@@.................@@@@@@@@@............................................@@@@...................................................@............@@
@@@@@@@@@@@@@@@@@@@@@...........@@@@..........@@@@@@@@.....................................@@...................@@@@.......................................................................................................@....@@@.....@@
@@@@@@@@@@@@@@@@@@@@@...........@@@@...........@@@@@@@@...................................@@........................................................@@@....................................................................@@@@@@@@.....@@
@@@@@@@@@@@@@@@@@@@@@...........@@@@...........@@@@@@@@.................@@...............@@..........................................................@@....................................................................@@@@@@@@.....@@
@@@@@@@@@@@@@@@@@@@@@............@.............@@@@@@@@..............@@@@@..............@@...........................................................@@....................................................................@@@@@@@@.....@@
@@@@@@@@@@@@@@@@@@@@@............@.@@@.........@@@@@@@@............@@@@@...............@@..@@@@@@@@@@................................................@@@...................................................................@@@@@@@@@....@@
@@@@@@@@@@@@@@@@@@@@@@...........@@@@@.........@@@@@@@@............@@..................@@..@@@@@@@@@@................................................@@@@..................................................................@@@@@@@@@....@@
@@@@@@@@@@@@@@@@@@@@@@...........@@@@@@@.......@@@@@@@@................................@...@@@@@@@@@@.................................................@@@@.................................................................@@@@@@@@@....@@
@@@@@@@@@@@@@@@@@@@@@@...........@@@@@@@@@.....@@@@....................................@...@@@@@@@@@@..................................................@@@@................................................................@@@@@@@@@@...@@
@@@@@@@@@@@@@@@@@@@@@............@@@@@@@@@............................................@@...@@@@@@@@@@..................@................................@@@@@@.............................................................@@@@@@@@@@...@@
@@@@@@@@@@@@@@@@@@@@@............@@@@@@@@@@@..........................................@@...@@@@@@@@@@..................@..................................@@@@@@@...........................................................@@@@@@@@@...@@
@@@@@@@@@@@@@@@@@@@@..............@@@@@@@@@@..........................................@@...@@@@@@@@@@..................@....................................@@@@@...........................................................@@@@@@@@@...@@
@@@@@@@@@@@@@@@@@@@...............@@@@@@@@@@...........................................@...@@@@@@@@@@..................@....................................................................................................@@@@@@@@@@@@@@
@@@@@@@@@@@@@@@@@@@...............@@@@@@@@@@...........................................@...@@@@@@@@@@.................@@@...................................................................................................@@@@@@@@@@@@@@
@@@@@@@@@@@@@@@@@@................@@@@@@@@@............................................@@..@@@@@@@@@@................@@@@...................................................................................................@@@@@@@@@...@@
@@@@@@@@@@@@@@@@@.................@@@@@@@@@@...........................................@@..@@@@@@@@@@..............@@@@@@@...................................................................................................@@@@@@@@...@@
@@@@@@@@@@@@@@@@..................@@@@@@@@@@...........................................@@..@@@@@@@@@@............@@@@@@@@@...................................................................................................@@.@@@.@@..@@
@@@@@@@@@@@@@@@@...................@@@@@@@@@............................................@......................@@@@..@@@@@...................................................................................................@@@@@@@@@..@@
@@@@@@@@@@@@@@@....................@@@@@@@@@@...........................................@@...................@@@@....@@@...........................@..........................................................................@@@@@@@@..@@
@@@@@@@@@@@@@@.....................@@@@@@@@@............................................@@................@@@@@....................................@.................@.........................................................@@@@@@@..@@
@@@@@@@@@@@@@@.....................@@@@.@@@..............................................@..............@@@@.......................................@.................@@.......................................................@@@@@@@@..@@
@@@@@@@@@@@@@............................................................................@@...........@@@@.........................................@.................@@.......................................................@@..@@@@..@@
@@@@@@@@@@@@.............................................................................@@........@@@@@...........................................@@................@@..........................................................@@@@@..@@
@@@@@@@@@@@..............................................................................@@......@@@@..............................................@@................@@......................................@@@@................@@@.@..@@
@@@@@@@@@@@...............................................................................@....@@@@................................................@@................@@......................................@@@@....................@..@@
@@@@@@@@@@................................................................................@@.......................................................@@.................@@..........................@@@@@@@@@@@@@@@@...............@@@@@..@@
@@@@@@@@@.................................................................................@@.......................................................@@.................@@..........................@@@@@@@@@@@@@@@@...............@@@@@@@@@
@@@@@@@@@...........................................................................................................................................@..................@@.........................@@@@@@@@@@@@@@@@......@.....@@@@@@@@@@@@
@@@@@@@@..............................................................@.............................................................................@...................@@@.......................@@@@@@@@@@@@@@@@@@@@@@@.....@@@@@@@@@@@@
@@@@@@@.....................@@........................................@@.................................................@@..............................................@@@......................@@@@@@@@@@@@@@@@@@@@@@@....@@@@@@@@@@@@@
@@..@@.....................@@@.........................@@@.........@@@@@................................................@@@@..............................................@@@@.....................@@@@@@@@@@@@@@@@@@@@@@@@@@@@@@@@@@@@@@@
@@@.......................@@@..........................@@@......@@@@@.................................................@@@@@@@..............................................@@@@@@..................@@@@@@@@@@@@@@@@@@@@@@@@@.@@@@@@@@@@@@@
@@@@@....................@@@...........................@@@@@@@@@@@...................................................@@@@@@@@.................................................@@@@@................@@@@@@@@@@@@@@@@@@@@@@@..@@@@@@@@@@@@@@
@@@@@...................@@@.............................@@@@.........................................................@@@@@@@@@...............................@@....................................@@@@@@@@@@@@@@@@@@@@.....@@@@@@@@@@@@@@
@@@@@...................@@...........................................................................................@@@@@@@@@@...............................@.....................................@@@........@@@..........@@@@@@@@@@@@@@
@@@@@...................@............................................................................................@@@@@@@@@@...............................@............................................................@@@@@@@@@@@@@@@
@@@@@...................@.............................................................................................@@@@@@@@@...............................@.............................@@.............................@@@@@@@@@@@@@@@
@@@@@...................@..............................................................................................@@@@@@...............................................................@@@............................@@@@@@@@@@@@@@@
@@@@@...................@...............................................................................................@@@@................................................................@@@@@@...............@.........@@@@@@@@@@@@@@@
@@@@@...................@.....................................................................................................................................................................@@@@@@@@.......@@@@@@.........@@@@@@@@@@@@@@
@@@@@...................@@......................................................................................................................................................................@@@@@@@@@@@@@@@@@@@..........@@@@@@@@@@@@@
@@@@@...................@@..........................................................................................................................................................................@@@@@@@@@@@..............@@@@@@@@@@@@@
@@@@@....................@@............................................................................................................................................@@@@@@@@...............................................@@@@@@@@@@@@
@@@@@....................@@@...................................................................@..............................................................@........@@@@@@@@...............................................@@@@@@@@@@@@
@@@@@.....................@@...................................................................@.............................................@@.....@.........@........@@@@@@@@................................................@@@@@@@@@@@
@@@@@......................@@...................@.........@....................................@.............................................@@@....@.........@........@@@@@@@@@..............................@@@...............@@@@@@@@@@
@@@@@......................@@@@@................@@@@@@@@@@@....................................@.............................................@@@....@.........@........@@@@@@@@@...........@@@@@............@@@@@...............@@@@@@@@@@
@@@@@..........................@...............................................................@....................................................@.........@........@@@@@@@@@...........@@@@@..........@@@@@@@................@@@@@@@@@
@@@@@..........................................................................................@@.............................................................@........@@@@@@@@@............@@@@.........@@@@@@@..................@@@@@@@@
@@@@@..........................................................................................@@.......@@....................................................@........@@@@@@@@@.............@@@.......@@@@@@@....................@@@@@@@@
@@@@@..........................................................................................@@.......@@@......@@@..........................................@........@@@@@@@@...............@@......@@@@@........................@@@@@@@
@@@@@.........................................................................@@...............@@......@@@@......@@@..........................................@.......................................@@@@..........................@@@@@@
@@@@@.........................................................................@@...............@@.......@@........@..........................@@@..............@.......................................@@@...........................@@@@@@
@@@@@@........................................................................@@...............@@............................................@@@..............@........................................@.............................@@@@@
@@@@@@@.......................................................................@@..................................................@@@........@@@.....................................................................................@@@@@
@@@@@@@@......................................................................@@.................................................@@@@.........@.....................................................................................@@@@@@
@@@@@@@@@.......................................@@@@@@@@......................@@...............................@@@@@@@@@........@@@@@...............@@@.............................................................................@@@@@@
@@@@@@@@@@....................@@................@@@@@@@@@@@...................@@..........................@@@@@@@@@@@@@@........@@@@................@@@.............................................................................@@@@@@
@@@@@@@@@@@.............@@@@@@@@@@@@@@..........@@@@@@@@@@@@@.................@@...................@@@@@@@@@@....................@@@................@@@.................................@@@.......................@................@@@@@@@
@@@@@@@@@@@@.........@@@@@@@@@@@@@@@@@@.........@@........@@@@................@@...................@@...................................................................................@@@@....................@@@................@@@@@@@
@@@@@@@@@@@@@.......@@@@@@...@@@....@@@.........@@.........@@@@...............@@........................................................................................................@@@....................@@@@@..............@@@@@@@@
@@@@@@@@@@@@@@.....@@@@.........................@@..........@@@@..............@@..............................................................................................................................@@@@@...............@@@@@@@@
@@@@@@@@@@@@@@@...@@@@...@@@@@@.................@@...........@@@.............................................................................................................................................@@@@@................@@@@@@@@
@@@@@@@@@@@@@@@@..@@@..@@@@@@@@@@...............@@............@@@...................................................................................................@@........................................@@@................@@@@@@@@@
@@@@@@@@@@@@@@@@@.@@...@@@@..@@@@..............................@@..................................................................................................@@@@..........................................................@@@@@@@@@
@@@@@@@@@@@@@@@@@@@@..@@@......................................@@..................................................................................................@@@@@.........................................................@@@@@@@@@
@@@@@@@@@@@@@@@@@@@@..@@.......................................@@...................................................................................................@@@@.......................@@@@@@...........................@@@@@@@@@@
@@@@@@@@@@@@@@@@@@@...@@.......................................@@.....................................................................................................@@...........................@@@@@@@......................@@@@@@@@@@
@@@@@@@@@@@@@@@@@@@...@@.......................................@@...............................................................................................................................................................@@@@@@@@@@
@@@@@@@@@@@@@@@@@@@...@@...................................@@@@@@..............................................................................................................................................................@@@@@@@@@@@
@@@@@@@@@@@@@@@@@@@...@@...................................@@@@@@..............................................................................................................................................................@@@@@@@@@@@
@@@@@@@@@@@@@@@@@@@...@@.......................................................................................................................................................................................................@@@@@@@@@@@
@@@@@@@@@@@@@@@@@@@...@@@.....................................................................................................................................................................................................@@@@@@@@@@@@
@@@@@@@@@@@@@@@@@@@....@@.....................................................................................................................................................................................................@@@@@@@@@@@@
@@@@@@@@@@@@@@@@@@@...............................................................................................................@@@.........................................................................................@@@@@@@@@@@@
@@@@@@@@@@@@@@@@@@@...............................................................................................................@@@........................................................................................@@@@@@@@@@@@@
@@@@@@@@@@@@@@@@@@@...............................................................................................................@@.........................................................................................@@@@@@@@@@@@@
@@@@@@@@@@@@@@@@@.....................................................................................................................................................................................@@.....................@@@@@@@@@@@@@
@@@@@@@@@@@@@@@................................................................................@@...................................................................................................@@@@....................@@@@@@@@@@@@@@
@@@@@@@@@@@@@..................................................................................@@.................................................................................................@@@@@@@...................@@@@@@@@@@@@@@
@@@@@@@@@@.....................................................................................@@.............................................................@@@@.........................@@@@@@@@@@@@@@...................@@@@@@@@@@@@@@
@@@@@@@@.......................................................................................@@...........................................................@@@@@@........................@@@@@@@@@@@@@@@@.................@@@@@@@@@@@@@@@
@@@@@@.........................................................................................@@...........................................................@@@@@.........................@@@@@@@@@@@@@@@@.................@@@@@@@@@@@@@@@
@@@@........................................................@@@@@@@@...........................@............................................................@@@@@........................@@@@...@@@@@@@@@@@................@@@@@@@@@@@@@@@
@@..........................................................@@@@@@@@...........................@...............................................@.............@@@@........................@@@.....@@@@@@@@@@...............@@@@@@@@@@@@@@@@
@@................................................................@@...........................@...............................................@..............@@........@........................@@@@@@@@@@...............@@@@@@@@@@@@@@@@
@@................................................................@@...........................@......................................@@@@@....@...............@.......@@@........................@@@@@@@.................@@@@@@@@@@@@@@@@
@@................................................................@@......@@...................@@@@@@@@@@@......@@@@@@@@@@@@@@@@@@@@@@@@@@@....@...........@@........@@@..........................@@@@@..................@@@@@@@@@@@@@@@@@
@@................................................................@@......@@...................@@@@@@@@@@@......@@@@@@@@@@@@@@.................@..........@@@@.......@@............................@@....................@@@@@@@@@@@@@@@@@
@@................................................................@@......@.............................@@.....................................@..........@@@@......@@...................................................@@@@@@@@@@@@@@@@@
@@................................................................@@......@.............................@@.....................................@...........@@@@....@@...................................@@@@............@@@@@@@@@@@@@@@@@@
@@................................................................@@......@.............................@@.....................................@...........@@@@....@@.............................@@@@@@@@@@............@@@@@@@@@@@@@@@@@@
@@..........................................................@@...@@@......@.............................@@.....................................@............@@.....@..............................@@@@@@@@@@............@@@@@@@@@@@@@@@@@@
@@..........................................................@@...@@@.....@@.............................@@.....................................@...................@.............................@@@@@@@@@@@...........@@@@@@@@@@@@@@@@@@@
@@..........................................................@@...@@......@@.............................@......................................@..................@@............................@@@@@@@@@@@@...........@@@@@@@@@@@@@@@@@@@
@@..........................................................@@...@@......@@.............................@......................................@................................................@@@@@@@@@@@@@..........@@@@@@@@@@@@@@@@@@@
@@..........................................................@@...@@......@@.............................@.......................................................................................@@@@@@@@@@@@@..........@@@@@@@@@@@@@@@@@@@
@@..........................................................@@..@@@......@@.............................@.......................................................................................@@@@@@@@@@@@@..........@@@@@@@@@@@@@@@@@@@
@@..........................................................@@..@@@.....................................@.......................................................................................@@@@@@@@@@@@@..........@@@@@@@@@@@@@@@@@@@
@@..........................................................@@..@@@.....................................@.......................................................................................@@@@@@@@@@@@@...........@@@@@@@@@@@@@@@@@@
@@.........................................................@@@..@@@......@@.............................@........................................................................................@@@@@@@@@@@@...........@@@@@@@@@@@@@@@@@@
@@.........................................................@@@..@@@......@@.............................@............@@@@@@@@....................................................................@@@@@@@@@@@@...........@@@@@@@@@@@@@@@@@@
@@.........................................................@@@..@@@......@@..........................................@@@@@@@@..............................................@@@@@@@...............@@@@@@@@@@@@@..........@@@@@@@@@@@@@@@@@@
@@..............................................................@@.......@...........................................@@@@@@@@.............................................@@@@@@@@@..............@@@@@@@@@@@@@..........@@@@@@@@@@@@@@@@@@
@@..............................................................@@......@@@@@@@@........................@............@@@@@@@@.............................................@@@@@@@@@...............@@@@@@@@@@@@..........@@@@@@@@@@@@@@@@@@
@@.............................................................@@@......................................@............@@@@@@@@....................@........................@@@@@@@@@................@@@@@@@@@@@..........@@@@@@@@@@@@@@@@@@
@@............................................................@@@.......................................@............@@@@@@@@....................@@.......................@@@@@@@@@.................@@@@................@@@@@@@@@@@@@@@@@@
@@...........................................................@@@@.......................................@............@@@@@@@@....................@@.......................@@@@@@@@@.....................................@@@@@@@@@@@@@@@@@@
@@..........................................................@@@@........................................................@@@@@........@@..........@@..................@....@@@@@@@@@.....................................@@@@@@@@@@@@@@@@@@
@@..........................................................@@...........@@@@@@@....................................................@@@..........@@..................@....@@@@@@@@@.....................................@@@@@@@@@@@@@@@@@@
@@.......................................................................@@@........................................................@@@@..........@.......@@@........@....@@@@@@@@.......................................@@@@@@@@@@@@@@@@@
@@...............@@..................................................................................................................@@@..........@.......@@@........@@..................................................@@@@@@@@@@@@@@@@@
@@...............@@..................................................................................................................@@@..........@......@@@@........@@.....................................................@@@@@@@@@@@@@@
@@...............@@...............................................................................................................................@.....@@@@@@........@........................................................@@@@@@@@@@@
@@@@@............@@...@@...................@@.....................................................................................................@@....@@@@@@........@@..........................................................@@@@@@@@
@@@@@@@..........@@...@@@.................@@@.....................................................................................................@@.......@@@........@@.............................................................@@@@@
@@@@@@@@@@.......@@...@@@@..............@@@@...........................................................................................................................@@.......................@.......................................@@
@@@@@@@@@@@@@....@@@...@@@@@@@......@@@@@@@...@@@......................................................................................................................@@...................@@..@@@@@...................................@@
@@@@@@@@@@@@@@@..@@@.....@@@@@......@@@@@....@@@@......................................................................................................................@@................@@@@@..........................................@@
@@@@@@@@@@@@@@@@@.@@@.......................@@@@........................................................................................................................................@@@....@.....................@@@@...............@@
@@@@@@@@@@@@@@@@@@.@@@@...................@@@@@.................................................................................................................@@@....................@@......@@....................@@@@@@@............@@
@@@@@@@@@@@@@@@@@@@.@@@@@@@@@...@@@@@@@@@@@@@.......................................................................................................@@@@@@@@@@@@@@@....................@......@@@...................@@@@@@@@@@@.........@@
@@@@@@@@@@@@@@@@@@@@@@@@@@@@@...@@@@@@@@@@@@............................................................@@..........................................@@@@@@@@@@................................@@@...................@@@@@@@@@@@@@@@.....@@
@@@@@@@@@@@@@@@@@@@@@@.....@@...@@......................................................................@@@@@@@@@@@@@@@@@@@@@@@@@@@@.........................................................@@@@..................@@@@@@@@@@@@@@@@@@@..@@
@@@@@@@@@@@@@@@@@@@@@@@....@@...@@...........................................................................................................................................................@@@@..................@@@@@@@@@@@@@@@@@@@@@@@
@@@@@@@@@@@@@@@@@@@@@@@@...@@...@@..............................................................................................................................................@@@..........@@@...................@@@@@@@@@@@@@@@@@@@@@@@
@@@@@@@@@@@@@@@@@@@@@@@@@..@@...@@.............................................................................................................................................@@@.................................@@@@@@@@@@@@@@@@@@@@@@@
@@@@@@@@@@@@@@@@@@@@@@@@@@.@@...@@..........................................................................................................................................@@@@...................................@@@@@@@@@@@@@@@@@@@@@@@
@@@@@@@@@@@@@@@@@@@@@@@@@@@@@...@@.......................................................................................................................................@@@@@......................................@@@@@@@@@@@@@@@@@@@@@@
@@@@@@@@@@@@@@@@@@@@@@@@@@@@@...@@....................................................................................................................................@@@@@...........@@@.......@...................@@@@@@@@@@@@@@@@@@@@@@
@@@@@@@@@@@@@@@@@@@@@@@@@@@@@...@@.....................................................................@.............................................................@@@..............@@@......@@...................@@@@@@@@@@@@@@@@@@@@@@
@@@@@@@@@@@@@@@@@@@@@@@@@@@@@@@@@@..............................................................@@@@@@@@...................................................@@@@@......................@@.......@@...................@@@@@@@@@@@@@@@@@@@@@@
@@@@@@@@@@@@@@@@@@@@@@@@@@@@@@@@@@.............................................................@@............................................@@@@@@@@@@@@@@@@@@.....................................................@@@@@@@@@@@@@@@@@@@@@@
@@@@@@@@@@@@@@@@@@@@@@@@@@@@@@...............................................................@@@.............................................@@@@@@@@@@@@...................................@........................@@@@@@@@@@@@@@@@@@@@@
@@@@@@@@@@@@@@@@@@@@@@@@@@@@@@@..................@@@@@@@@@@..................................@@............................................................................................@@........................@@@@@@@@@@@@@@@@@@@@@
@@@@@@@@@@@@@@@@@@@@@@@@@@@@@@@@.................@@@@@@@@@....................................@............................................................................................@@@.......................@@@@@@@@@@@@@@@@@@@@@
@@@@@@@@@@@@@@@@@@@@@@@@@@@@@@@@..................@@@@@@@@....................................@...........................................................................................@@@@.......................@@@@@@@@@@@@@@@@@@@@@
@@@@@@@@@@@@@@@@@@@@@@@@@@@@@@@@.....................@@@......................................@@..........................................................................................@@@@@.......................@@@@@@@@@@@@@@@@@@@@
@@@@@@@@@@@@@@@@@@@@@@@@@@@@@@..........................................................................@@@@@@@@...........................................................................@@@@.......................@@@@@@@@@@@@@@@@@@@@
@@@@@@@@@@@@@@@@@@@@@@@@@..............................................................................@@@@@@@@@....................................................................................................@@@@@@@@@@@@@@@@@@@@@@
@@@@@@@@@@@@@@@@@@@@@@@................................................@@..............................@@@@@@@@@..................................................................................................@@@@@@@@@@@@@@@@@@@@@@@@
@@@@@@@@@@@@@@@@@@@@@@@.................................................@..............................@@@@@@@@@...............................................................................................@@@@@@@@@@@@@@@@@@@@@@@@@@@
@@@@@@@@@@@@@@@@@@@@@@@.................................................@@.............................@@@@@@@@@.............................................................................................@@@@@@@@@@@@@@@@@@@@@@@@@@@@@
@@@@@@@@@@@@@@@@@@@@@@@.................................................@@.............................@@@@@@@@@..........................................................................................@@@@@@@@@@@@@@@@@@@@@@@@@@@@@@@@
@@@@@@@@@@@@@@@@@@@@@@@..................................@@@............@@.............................@@@@@@@@@........................................................................................@@@@@@@@@@@@@@@@@@@@@@@@@@@@@@@@@@
@@@@@@@@@@@@@@@@@@@@@@@..................................@@@.............@.............................@@@@@@@@@.....................................................................................@@@@@@@@@@@@@@@@@@@@@@@@@@@@@@@@@@@@@
@@@@@@@@@@@@@@@@@@@@@@@..................................@@@.............@@............................@@@@@@@@@...................................................................................@@@@@@@@@@@@@@@@@@@@@@@@@@@@@@@@@@@@@@@
@@@@@@@@@@@@@@@@@@@@@@@...................................@........@@....@@.............................@........................................................@@@............................@@@@@@@@@@@@@@@@@@@@@@@@@@@@@@@@@@@@@@@@@@
@@@@@@@@@@@@@@@@@@@@@@@............................................@@....@@.....................................................................................@@@@..........................@@@@@@@@@@@@@@@@@@@@@@@@@@@@@@@@@@@@@@@@@@@@
@@@@@@@@@@@@@@@@@@@@@@@............................................@......@......................................................................................@@........................@@@@@@@@@@@@@@@@@@@@@@@@@@@@@@@@@@@@@@@@@@@@@@@
@@@@@@@@@@@@@@@@@@@@@@@...................................................@@.............................................................................................................@@@@@@@@@@@@@@@@@@@@@@@@@@@@@@@@@@@@@@@@@@@@@@@@@
@@@@@@@@@@@@@@@@@@@@@@@...................................................@@..........................................................................................................@@@@@@@@@@@@@@@@@@@@@@@@@@@@@@@@@@@@@@@@@@@@@@@@@@@@
@@@@@@@@@@@@@@@@@@@@@@@...................................................@@...........................................@@...........................................................@@@@@@@@@@@@@@@@@@@@@@@@@@@@@@@@@@@@@@@@@@@@@@@@@@@@@@
@@@@@@@@@@@@@@@@@@@@@@@....................................................@@.........................................@@@@.......................................................@@@@@@@@@@@@@@@@@@@@@@@@@@@@@@@@@@@@@@@@@@@@@@@@@@@@@@@@@
@@@@@@@@@@@@@@@@@@@@@@@....................................@@@.............@@.........................................@@@@.....................................................@@@@@@@@@@@@@@@@@@@@@@@@@@@@@@@@@@@@@@@@@@@@@@@@@@@@@@@@@@@
@@@@@@@@@@@@@@@@@@@@@@@....................................@@@@.............@@.......................................@@@@@....................................................@@@@@@@@@@@@@@@@@@@@@@@@@@@@@@@@@@@@@@@@@@@@@@@@@@@@@@@@@@@@
@@@@@@@@@@@@@@@@@@@@@@.....................................@@@@.............@@.......................................@@@@@....................................................@@@@@@@@@@@@@@@@@@@@@@@@@@@@@@@@@@@@@@@@@@@@@@@@@@@@@@@@@@@@
@@@@@@@@@@@@@@@@@@@@@@......................................@@@@.............@@......................................@@@......................................................@@@@@@@@@@@@@@@@@@@@@@@@@@@@@@@@@@@@@@@@@@@@@@@@@@@@@@@@@@@@
@@@@@@@@@@@@@@@@@@@@@@.......................................@@@.......@.....@@......................................@@......................................................@@@@@@@@@@@@@@@@@@@@@@@@@@@@@@@@@@@@@@@@@@@@@@@@@@@@@@@@@@@@@
@@@@@@@@@@@@@@@@@@@@@@.......................................@@.......@@@@...@@@................................................@............................................@@@@@@@@@@@@@@@@@@@@@@@@@@@@@@@@@@@@@@@@@@@@@@@@@@@@@@@@@@@@@
@@@@@@@@@@@@@@@@@@@@@@................................................@@@@....@@................................................@@...........................................@@@@@@@@@@@@@@@@@@@@@@@@@@@@@@@@@@@@@@@@@@@@@@@@@@@@@@@@@@@@@
@@@@@@@@@@@@@@@@@@@@@.................................................@@@.....@@................................................@@@.........................................@@@@@@@@@@@@@@@@@@@@@@@@@@@@@@@@@@@@@@@@@@@@@@@@@@@@@@@@@@@@@@
@@@@@@@@@@@@@@@@@@@@@..........................................................@@...............................................@@@@........................................@@@@@@@@@@@@@@@@@@@@@@@@@@@@@@@@@@@@@@@@@@@@@@@@@@@@@@@@@@@@@@
@@@@@@@@@@@@@@@@@@@@@..........................................................@@...............................................@@@@@.......................................@@@@@@@@@@@@@@@@@@@@@@@@@@@@@@@@@@@@@@@@@@@@@@@@@@@@@@@@@@@@@@
@@@@@@@@@@@@@@@@@@@@@...........................................................@@...............................................@@@@.......................................@@@@@@@@@@@@@@@@@@@@@@@@@@@@@@@@@@@@@@@@@@@@@@@@@@@@@@@@@@@@@@
@@@@@@@@@@@@@@@@@@@@@@@@........................................................@@................................................@@@@@@@@@@@..............................@@@@@@@@@@@@@@@@@@@@@@@@@@@@@@@@@@@@@@@@@@@@@@@@@@@@@@@@@@@@@@@
@@@@@@@@@@@@@@@@@@@@@@@@........................................................@@.................................................@@@@@@@@@@@@@@@@........................@@@@@@@@@@@@@@@@@@@@@@@@@@@@@@@@@@@@@@@@@@@@@@@@@@@@@@@@@@@@@@@
@@@@@@@@@@@@@@@@@@@@@@@@........................................................@@.................................................@@@@@@@@@@@@@@@@@@@@....................@@@@@@@@@@@@@@@@@@@@@@@@@@@@@@@@@@@@@@@@@@@@@@@@@@@@@@@@@@@@@@@
@@@@@@@@@@@@@@@@@@@@@@@@.........................................................@.......................................................@@@@@@@@@@@@@@@@@@...............@@@@@@@@@@@@@@@@@@@@@@@@@@@@@@@@@@@@@@@@@@@@@@@@@@@@@@@@@@@@@@@@
@@@@@@@@@@@@@@@@@@@@@@@@.........................................................@.............................................................@@@@@@@@@@@@@@@@...........@@@@@@@@@@@@@@@@@@@@@@@@@@@@@@@@@@@@@@@@@@@@@@@@@@@@@@@@@@@@@@@@
@@@@@@@@@@@@@@@@@@@@@@@@.........................................................@................................................................@@@@@@@@@@@@@@@.........@@@@@@@@@@@@@@@@@@@@@@@@@@@@@@@@@@@@@@@@@@@@@@@@@@@@@@@@@@@@@@@@
@@@@@@@@@@@@@@@@@@@@@@@@@@@@@@@@@@@@@@@@@@@@@@@@@@@@@@@@@@@@@@@@@@@@@@@@@@@@@@@@@@@@@@@@@@@@@@@@@@@@@@@@@@@@@@@@@@@@@@@@@@@@@@@@@@@@@@@@@@@@@@@@@@@@@@@@@@@@@@@@@@@@@@@@@@@@@@@@@@@@@@@@@@@@@@@@@@@@@@@@@@@@@@@@@@@@@@@@@@@@@@@@@@@@@@@@@@
@@@@@@@@@@@@@@@@@@@@@@@@@@@@@@@@@@@@@@@@@@@@@@@@@@@@@@@@@@@@@@@@@@@@@@@@@@@@@@@@@@@@@@@@@@@@@@@@@@@@@@@@@@@@@@@@@@@@@@@@@@@@@@@@@@@@@@@@@@@@@@@@@@@@@@@@@@@@@@@@@@@@@@@@@@@@@@@@@@@@@@@@@@@@@@@@@@@@@@@@@@@@@@@@@@@@@@@@@@@@@@@@@@@@@@@@@@
